ARM GAS  C:\Users\Fischer\AppData\Local\Temp\ccxynkId.s 			page 1


   1              		.syntax unified
   2              		.cpu cortex-m3
   3              		.fpu softvfp
   4              		.eabi_attribute 20, 1
   5              		.eabi_attribute 21, 1
   6              		.eabi_attribute 23, 3
   7              		.eabi_attribute 24, 1
   8              		.eabi_attribute 25, 1
   9              		.eabi_attribute 26, 1
  10              		.eabi_attribute 30, 1
  11              		.eabi_attribute 34, 1
  12              		.eabi_attribute 18, 4
  13              		.thumb
  14              		.syntax unified
  15              		.file	"IMU_UART_PM.c"
  16              		.text
  17              	.Ltext0:
  18              		.cfi_sections	.debug_frame
  19              		.section	.text.IMU_UART_SaveConfig,"ax",%progbits
  20              		.align	2
  21              		.global	IMU_UART_SaveConfig
  22              		.thumb
  23              		.thumb_func
  24              		.type	IMU_UART_SaveConfig, %function
  25              	IMU_UART_SaveConfig:
  26              	.LFB0:
  27              		.file 1 "Generated_Source\\PSoC5\\IMU_UART_PM.c"
   1:Generated_Source\PSoC5/IMU_UART_PM.c **** /*******************************************************************************
   2:Generated_Source\PSoC5/IMU_UART_PM.c **** * File Name: IMU_UART_PM.c
   3:Generated_Source\PSoC5/IMU_UART_PM.c **** * Version 2.50
   4:Generated_Source\PSoC5/IMU_UART_PM.c **** *
   5:Generated_Source\PSoC5/IMU_UART_PM.c **** * Description:
   6:Generated_Source\PSoC5/IMU_UART_PM.c **** *  This file provides Sleep/WakeUp APIs functionality.
   7:Generated_Source\PSoC5/IMU_UART_PM.c **** *
   8:Generated_Source\PSoC5/IMU_UART_PM.c **** * Note:
   9:Generated_Source\PSoC5/IMU_UART_PM.c **** *
  10:Generated_Source\PSoC5/IMU_UART_PM.c **** ********************************************************************************
  11:Generated_Source\PSoC5/IMU_UART_PM.c **** * Copyright 2008-2015, Cypress Semiconductor Corporation.  All rights reserved.
  12:Generated_Source\PSoC5/IMU_UART_PM.c **** * You may use this file only in accordance with the license, terms, conditions,
  13:Generated_Source\PSoC5/IMU_UART_PM.c **** * disclaimers, and limitations in the end user license agreement accompanying
  14:Generated_Source\PSoC5/IMU_UART_PM.c **** * the software package with which this file was provided.
  15:Generated_Source\PSoC5/IMU_UART_PM.c **** *******************************************************************************/
  16:Generated_Source\PSoC5/IMU_UART_PM.c **** 
  17:Generated_Source\PSoC5/IMU_UART_PM.c **** #include "IMU_UART.h"
  18:Generated_Source\PSoC5/IMU_UART_PM.c **** 
  19:Generated_Source\PSoC5/IMU_UART_PM.c **** 
  20:Generated_Source\PSoC5/IMU_UART_PM.c **** /***************************************
  21:Generated_Source\PSoC5/IMU_UART_PM.c **** * Local data allocation
  22:Generated_Source\PSoC5/IMU_UART_PM.c **** ***************************************/
  23:Generated_Source\PSoC5/IMU_UART_PM.c **** 
  24:Generated_Source\PSoC5/IMU_UART_PM.c **** static IMU_UART_BACKUP_STRUCT  IMU_UART_backup =
  25:Generated_Source\PSoC5/IMU_UART_PM.c **** {
  26:Generated_Source\PSoC5/IMU_UART_PM.c ****     /* enableState - disabled */
  27:Generated_Source\PSoC5/IMU_UART_PM.c ****     0u,
  28:Generated_Source\PSoC5/IMU_UART_PM.c **** };
  29:Generated_Source\PSoC5/IMU_UART_PM.c **** 
  30:Generated_Source\PSoC5/IMU_UART_PM.c **** 
ARM GAS  C:\Users\Fischer\AppData\Local\Temp\ccxynkId.s 			page 2


  31:Generated_Source\PSoC5/IMU_UART_PM.c **** 
  32:Generated_Source\PSoC5/IMU_UART_PM.c **** /*******************************************************************************
  33:Generated_Source\PSoC5/IMU_UART_PM.c **** * Function Name: IMU_UART_SaveConfig
  34:Generated_Source\PSoC5/IMU_UART_PM.c **** ********************************************************************************
  35:Generated_Source\PSoC5/IMU_UART_PM.c **** *
  36:Generated_Source\PSoC5/IMU_UART_PM.c **** * Summary:
  37:Generated_Source\PSoC5/IMU_UART_PM.c **** *  This function saves the component nonretention control register.
  38:Generated_Source\PSoC5/IMU_UART_PM.c **** *  Does not save the FIFO which is a set of nonretention registers.
  39:Generated_Source\PSoC5/IMU_UART_PM.c **** *  This function is called by the IMU_UART_Sleep() function.
  40:Generated_Source\PSoC5/IMU_UART_PM.c **** *
  41:Generated_Source\PSoC5/IMU_UART_PM.c **** * Parameters:
  42:Generated_Source\PSoC5/IMU_UART_PM.c **** *  None.
  43:Generated_Source\PSoC5/IMU_UART_PM.c **** *
  44:Generated_Source\PSoC5/IMU_UART_PM.c **** * Return:
  45:Generated_Source\PSoC5/IMU_UART_PM.c **** *  None.
  46:Generated_Source\PSoC5/IMU_UART_PM.c **** *
  47:Generated_Source\PSoC5/IMU_UART_PM.c **** * Global Variables:
  48:Generated_Source\PSoC5/IMU_UART_PM.c **** *  IMU_UART_backup - modified when non-retention registers are saved.
  49:Generated_Source\PSoC5/IMU_UART_PM.c **** *
  50:Generated_Source\PSoC5/IMU_UART_PM.c **** * Reentrant:
  51:Generated_Source\PSoC5/IMU_UART_PM.c **** *  No.
  52:Generated_Source\PSoC5/IMU_UART_PM.c **** *
  53:Generated_Source\PSoC5/IMU_UART_PM.c **** *******************************************************************************/
  54:Generated_Source\PSoC5/IMU_UART_PM.c **** void IMU_UART_SaveConfig(void)
  55:Generated_Source\PSoC5/IMU_UART_PM.c **** {
  28              		.loc 1 55 0
  29              		.cfi_startproc
  30              		@ args = 0, pretend = 0, frame = 0
  31              		@ frame_needed = 0, uses_anonymous_args = 0
  32              		@ link register save eliminated.
  33 0000 7047     		bx	lr
  34              		.cfi_endproc
  35              	.LFE0:
  36              		.size	IMU_UART_SaveConfig, .-IMU_UART_SaveConfig
  37 0002 00BF     		.section	.text.IMU_UART_RestoreConfig,"ax",%progbits
  38              		.align	2
  39              		.global	IMU_UART_RestoreConfig
  40              		.thumb
  41              		.thumb_func
  42              		.type	IMU_UART_RestoreConfig, %function
  43              	IMU_UART_RestoreConfig:
  44              	.LFB1:
  56:Generated_Source\PSoC5/IMU_UART_PM.c ****     #if(IMU_UART_CONTROL_REG_REMOVED == 0u)
  57:Generated_Source\PSoC5/IMU_UART_PM.c ****         IMU_UART_backup.cr = IMU_UART_CONTROL_REG;
  58:Generated_Source\PSoC5/IMU_UART_PM.c ****     #endif /* End IMU_UART_CONTROL_REG_REMOVED */
  59:Generated_Source\PSoC5/IMU_UART_PM.c **** }
  60:Generated_Source\PSoC5/IMU_UART_PM.c **** 
  61:Generated_Source\PSoC5/IMU_UART_PM.c **** 
  62:Generated_Source\PSoC5/IMU_UART_PM.c **** /*******************************************************************************
  63:Generated_Source\PSoC5/IMU_UART_PM.c **** * Function Name: IMU_UART_RestoreConfig
  64:Generated_Source\PSoC5/IMU_UART_PM.c **** ********************************************************************************
  65:Generated_Source\PSoC5/IMU_UART_PM.c **** *
  66:Generated_Source\PSoC5/IMU_UART_PM.c **** * Summary:
  67:Generated_Source\PSoC5/IMU_UART_PM.c **** *  Restores the nonretention control register except FIFO.
  68:Generated_Source\PSoC5/IMU_UART_PM.c **** *  Does not restore the FIFO which is a set of nonretention registers.
  69:Generated_Source\PSoC5/IMU_UART_PM.c **** *
  70:Generated_Source\PSoC5/IMU_UART_PM.c **** * Parameters:
ARM GAS  C:\Users\Fischer\AppData\Local\Temp\ccxynkId.s 			page 3


  71:Generated_Source\PSoC5/IMU_UART_PM.c **** *  None.
  72:Generated_Source\PSoC5/IMU_UART_PM.c **** *
  73:Generated_Source\PSoC5/IMU_UART_PM.c **** * Return:
  74:Generated_Source\PSoC5/IMU_UART_PM.c **** *  None.
  75:Generated_Source\PSoC5/IMU_UART_PM.c **** *
  76:Generated_Source\PSoC5/IMU_UART_PM.c **** * Global Variables:
  77:Generated_Source\PSoC5/IMU_UART_PM.c **** *  IMU_UART_backup - used when non-retention registers are restored.
  78:Generated_Source\PSoC5/IMU_UART_PM.c **** *
  79:Generated_Source\PSoC5/IMU_UART_PM.c **** * Reentrant:
  80:Generated_Source\PSoC5/IMU_UART_PM.c **** *  No.
  81:Generated_Source\PSoC5/IMU_UART_PM.c **** *
  82:Generated_Source\PSoC5/IMU_UART_PM.c **** * Notes:
  83:Generated_Source\PSoC5/IMU_UART_PM.c **** *  If this function is called without calling IMU_UART_SaveConfig() 
  84:Generated_Source\PSoC5/IMU_UART_PM.c **** *  first, the data loaded may be incorrect.
  85:Generated_Source\PSoC5/IMU_UART_PM.c **** *
  86:Generated_Source\PSoC5/IMU_UART_PM.c **** *******************************************************************************/
  87:Generated_Source\PSoC5/IMU_UART_PM.c **** void IMU_UART_RestoreConfig(void)
  88:Generated_Source\PSoC5/IMU_UART_PM.c **** {
  45              		.loc 1 88 0
  46              		.cfi_startproc
  47              		@ args = 0, pretend = 0, frame = 0
  48              		@ frame_needed = 0, uses_anonymous_args = 0
  49              		@ link register save eliminated.
  50 0000 7047     		bx	lr
  51              		.cfi_endproc
  52              	.LFE1:
  53              		.size	IMU_UART_RestoreConfig, .-IMU_UART_RestoreConfig
  54 0002 00BF     		.section	.text.IMU_UART_Sleep,"ax",%progbits
  55              		.align	2
  56              		.global	IMU_UART_Sleep
  57              		.thumb
  58              		.thumb_func
  59              		.type	IMU_UART_Sleep, %function
  60              	IMU_UART_Sleep:
  61              	.LFB2:
  89:Generated_Source\PSoC5/IMU_UART_PM.c ****     #if(IMU_UART_CONTROL_REG_REMOVED == 0u)
  90:Generated_Source\PSoC5/IMU_UART_PM.c ****         IMU_UART_CONTROL_REG = IMU_UART_backup.cr;
  91:Generated_Source\PSoC5/IMU_UART_PM.c ****     #endif /* End IMU_UART_CONTROL_REG_REMOVED */
  92:Generated_Source\PSoC5/IMU_UART_PM.c **** }
  93:Generated_Source\PSoC5/IMU_UART_PM.c **** 
  94:Generated_Source\PSoC5/IMU_UART_PM.c **** 
  95:Generated_Source\PSoC5/IMU_UART_PM.c **** /*******************************************************************************
  96:Generated_Source\PSoC5/IMU_UART_PM.c **** * Function Name: IMU_UART_Sleep
  97:Generated_Source\PSoC5/IMU_UART_PM.c **** ********************************************************************************
  98:Generated_Source\PSoC5/IMU_UART_PM.c **** *
  99:Generated_Source\PSoC5/IMU_UART_PM.c **** * Summary:
 100:Generated_Source\PSoC5/IMU_UART_PM.c **** *  This is the preferred API to prepare the component for sleep. 
 101:Generated_Source\PSoC5/IMU_UART_PM.c **** *  The IMU_UART_Sleep() API saves the current component state. Then it
 102:Generated_Source\PSoC5/IMU_UART_PM.c **** *  calls the IMU_UART_Stop() function and calls 
 103:Generated_Source\PSoC5/IMU_UART_PM.c **** *  IMU_UART_SaveConfig() to save the hardware configuration.
 104:Generated_Source\PSoC5/IMU_UART_PM.c **** *  Call the IMU_UART_Sleep() function before calling the CyPmSleep() 
 105:Generated_Source\PSoC5/IMU_UART_PM.c **** *  or the CyPmHibernate() function. 
 106:Generated_Source\PSoC5/IMU_UART_PM.c **** *
 107:Generated_Source\PSoC5/IMU_UART_PM.c **** * Parameters:
 108:Generated_Source\PSoC5/IMU_UART_PM.c **** *  None.
 109:Generated_Source\PSoC5/IMU_UART_PM.c **** *
 110:Generated_Source\PSoC5/IMU_UART_PM.c **** * Return:
ARM GAS  C:\Users\Fischer\AppData\Local\Temp\ccxynkId.s 			page 4


 111:Generated_Source\PSoC5/IMU_UART_PM.c **** *  None.
 112:Generated_Source\PSoC5/IMU_UART_PM.c **** *
 113:Generated_Source\PSoC5/IMU_UART_PM.c **** * Global Variables:
 114:Generated_Source\PSoC5/IMU_UART_PM.c **** *  IMU_UART_backup - modified when non-retention registers are saved.
 115:Generated_Source\PSoC5/IMU_UART_PM.c **** *
 116:Generated_Source\PSoC5/IMU_UART_PM.c **** * Reentrant:
 117:Generated_Source\PSoC5/IMU_UART_PM.c **** *  No.
 118:Generated_Source\PSoC5/IMU_UART_PM.c **** *
 119:Generated_Source\PSoC5/IMU_UART_PM.c **** *******************************************************************************/
 120:Generated_Source\PSoC5/IMU_UART_PM.c **** void IMU_UART_Sleep(void)
 121:Generated_Source\PSoC5/IMU_UART_PM.c **** {
  62              		.loc 1 121 0
  63              		.cfi_startproc
  64              		@ args = 0, pretend = 0, frame = 0
  65              		@ frame_needed = 0, uses_anonymous_args = 0
  66              		.loc 1 121 0
  67 0000 08B5     		push	{r3, lr}
  68              		.cfi_def_cfa_offset 8
  69              		.cfi_offset 3, -8
  70              		.cfi_offset 14, -4
 122:Generated_Source\PSoC5/IMU_UART_PM.c ****     #if(IMU_UART_RX_ENABLED || IMU_UART_HD_ENABLED)
 123:Generated_Source\PSoC5/IMU_UART_PM.c ****         if((IMU_UART_RXSTATUS_ACTL_REG  & IMU_UART_INT_ENABLE) != 0u)
  71              		.loc 1 123 0
  72 0002 074B     		ldr	r3, .L7
  73 0004 1B78     		ldrb	r3, [r3]	@ zero_extendqisi2
  74 0006 13F0100F 		tst	r3, #16
  75 000a 03D0     		beq	.L4
 124:Generated_Source\PSoC5/IMU_UART_PM.c ****         {
 125:Generated_Source\PSoC5/IMU_UART_PM.c ****             IMU_UART_backup.enableState = 1u;
  76              		.loc 1 125 0
  77 000c 0122     		movs	r2, #1
  78 000e 054B     		ldr	r3, .L7+4
  79 0010 1A70     		strb	r2, [r3]
  80 0012 02E0     		b	.L5
  81              	.L4:
 126:Generated_Source\PSoC5/IMU_UART_PM.c ****         }
 127:Generated_Source\PSoC5/IMU_UART_PM.c ****         else
 128:Generated_Source\PSoC5/IMU_UART_PM.c ****         {
 129:Generated_Source\PSoC5/IMU_UART_PM.c ****             IMU_UART_backup.enableState = 0u;
  82              		.loc 1 129 0
  83 0014 0022     		movs	r2, #0
  84 0016 034B     		ldr	r3, .L7+4
  85 0018 1A70     		strb	r2, [r3]
  86              	.L5:
 130:Generated_Source\PSoC5/IMU_UART_PM.c ****         }
 131:Generated_Source\PSoC5/IMU_UART_PM.c ****     #else
 132:Generated_Source\PSoC5/IMU_UART_PM.c ****         if((IMU_UART_TXSTATUS_ACTL_REG  & IMU_UART_INT_ENABLE) !=0u)
 133:Generated_Source\PSoC5/IMU_UART_PM.c ****         {
 134:Generated_Source\PSoC5/IMU_UART_PM.c ****             IMU_UART_backup.enableState = 1u;
 135:Generated_Source\PSoC5/IMU_UART_PM.c ****         }
 136:Generated_Source\PSoC5/IMU_UART_PM.c ****         else
 137:Generated_Source\PSoC5/IMU_UART_PM.c ****         {
 138:Generated_Source\PSoC5/IMU_UART_PM.c ****             IMU_UART_backup.enableState = 0u;
 139:Generated_Source\PSoC5/IMU_UART_PM.c ****         }
 140:Generated_Source\PSoC5/IMU_UART_PM.c ****     #endif /* End IMU_UART_RX_ENABLED || IMU_UART_HD_ENABLED*/
 141:Generated_Source\PSoC5/IMU_UART_PM.c **** 
 142:Generated_Source\PSoC5/IMU_UART_PM.c ****     IMU_UART_Stop();
ARM GAS  C:\Users\Fischer\AppData\Local\Temp\ccxynkId.s 			page 5


  87              		.loc 1 142 0
  88 001a FFF7FEFF 		bl	IMU_UART_Stop
  89              	.LVL0:
  90 001e 08BD     		pop	{r3, pc}
  91              	.L8:
  92              		.align	2
  93              	.L7:
  94 0020 96640040 		.word	1073767574
  95 0024 00000000 		.word	.LANCHOR0
  96              		.cfi_endproc
  97              	.LFE2:
  98              		.size	IMU_UART_Sleep, .-IMU_UART_Sleep
  99              		.section	.text.IMU_UART_Wakeup,"ax",%progbits
 100              		.align	2
 101              		.global	IMU_UART_Wakeup
 102              		.thumb
 103              		.thumb_func
 104              		.type	IMU_UART_Wakeup, %function
 105              	IMU_UART_Wakeup:
 106              	.LFB3:
 143:Generated_Source\PSoC5/IMU_UART_PM.c ****     IMU_UART_SaveConfig();
 144:Generated_Source\PSoC5/IMU_UART_PM.c **** }
 145:Generated_Source\PSoC5/IMU_UART_PM.c **** 
 146:Generated_Source\PSoC5/IMU_UART_PM.c **** 
 147:Generated_Source\PSoC5/IMU_UART_PM.c **** /*******************************************************************************
 148:Generated_Source\PSoC5/IMU_UART_PM.c **** * Function Name: IMU_UART_Wakeup
 149:Generated_Source\PSoC5/IMU_UART_PM.c **** ********************************************************************************
 150:Generated_Source\PSoC5/IMU_UART_PM.c **** *
 151:Generated_Source\PSoC5/IMU_UART_PM.c **** * Summary:
 152:Generated_Source\PSoC5/IMU_UART_PM.c **** *  This is the preferred API to restore the component to the state when 
 153:Generated_Source\PSoC5/IMU_UART_PM.c **** *  IMU_UART_Sleep() was called. The IMU_UART_Wakeup() function
 154:Generated_Source\PSoC5/IMU_UART_PM.c **** *  calls the IMU_UART_RestoreConfig() function to restore the 
 155:Generated_Source\PSoC5/IMU_UART_PM.c **** *  configuration. If the component was enabled before the 
 156:Generated_Source\PSoC5/IMU_UART_PM.c **** *  IMU_UART_Sleep() function was called, the IMU_UART_Wakeup()
 157:Generated_Source\PSoC5/IMU_UART_PM.c **** *  function will also re-enable the component.
 158:Generated_Source\PSoC5/IMU_UART_PM.c **** *
 159:Generated_Source\PSoC5/IMU_UART_PM.c **** * Parameters:
 160:Generated_Source\PSoC5/IMU_UART_PM.c **** *  None.
 161:Generated_Source\PSoC5/IMU_UART_PM.c **** *
 162:Generated_Source\PSoC5/IMU_UART_PM.c **** * Return:
 163:Generated_Source\PSoC5/IMU_UART_PM.c **** *  None.
 164:Generated_Source\PSoC5/IMU_UART_PM.c **** *
 165:Generated_Source\PSoC5/IMU_UART_PM.c **** * Global Variables:
 166:Generated_Source\PSoC5/IMU_UART_PM.c **** *  IMU_UART_backup - used when non-retention registers are restored.
 167:Generated_Source\PSoC5/IMU_UART_PM.c **** *
 168:Generated_Source\PSoC5/IMU_UART_PM.c **** * Reentrant:
 169:Generated_Source\PSoC5/IMU_UART_PM.c **** *  No.
 170:Generated_Source\PSoC5/IMU_UART_PM.c **** *
 171:Generated_Source\PSoC5/IMU_UART_PM.c **** *******************************************************************************/
 172:Generated_Source\PSoC5/IMU_UART_PM.c **** void IMU_UART_Wakeup(void)
 173:Generated_Source\PSoC5/IMU_UART_PM.c **** {
 107              		.loc 1 173 0
 108              		.cfi_startproc
 109              		@ args = 0, pretend = 0, frame = 0
 110              		@ frame_needed = 0, uses_anonymous_args = 0
 111 0000 08B5     		push	{r3, lr}
 112              		.cfi_def_cfa_offset 8
ARM GAS  C:\Users\Fischer\AppData\Local\Temp\ccxynkId.s 			page 6


 113              		.cfi_offset 3, -8
 114              		.cfi_offset 14, -4
 174:Generated_Source\PSoC5/IMU_UART_PM.c ****     IMU_UART_RestoreConfig();
 175:Generated_Source\PSoC5/IMU_UART_PM.c ****     #if( (IMU_UART_RX_ENABLED) || (IMU_UART_HD_ENABLED) )
 176:Generated_Source\PSoC5/IMU_UART_PM.c ****         IMU_UART_ClearRxBuffer();
 115              		.loc 1 176 0
 116 0002 FFF7FEFF 		bl	IMU_UART_ClearRxBuffer
 117              	.LVL1:
 177:Generated_Source\PSoC5/IMU_UART_PM.c ****     #endif /* End (IMU_UART_RX_ENABLED) || (IMU_UART_HD_ENABLED) */
 178:Generated_Source\PSoC5/IMU_UART_PM.c ****     #if(IMU_UART_TX_ENABLED || IMU_UART_HD_ENABLED)
 179:Generated_Source\PSoC5/IMU_UART_PM.c ****         IMU_UART_ClearTxBuffer();
 180:Generated_Source\PSoC5/IMU_UART_PM.c ****     #endif /* End IMU_UART_TX_ENABLED || IMU_UART_HD_ENABLED */
 181:Generated_Source\PSoC5/IMU_UART_PM.c **** 
 182:Generated_Source\PSoC5/IMU_UART_PM.c ****     if(IMU_UART_backup.enableState != 0u)
 118              		.loc 1 182 0
 119 0006 034B     		ldr	r3, .L12
 120 0008 1B78     		ldrb	r3, [r3]	@ zero_extendqisi2
 121 000a 0BB1     		cbz	r3, .L9
 183:Generated_Source\PSoC5/IMU_UART_PM.c ****     {
 184:Generated_Source\PSoC5/IMU_UART_PM.c ****         IMU_UART_Enable();
 122              		.loc 1 184 0
 123 000c FFF7FEFF 		bl	IMU_UART_Enable
 124              	.LVL2:
 125              	.L9:
 126 0010 08BD     		pop	{r3, pc}
 127              	.L13:
 128 0012 00BF     		.align	2
 129              	.L12:
 130 0014 00000000 		.word	.LANCHOR0
 131              		.cfi_endproc
 132              	.LFE3:
 133              		.size	IMU_UART_Wakeup, .-IMU_UART_Wakeup
 134              		.bss
 135              		.align	2
 136              		.set	.LANCHOR0,. + 0
 137              		.type	IMU_UART_backup, %object
 138              		.size	IMU_UART_backup, 1
 139              	IMU_UART_backup:
 140 0000 00       		.space	1
 141              		.text
 142              	.Letext0:
 143              		.file 2 "Generated_Source\\PSoC5\\cytypes.h"
 144              		.file 3 "Generated_Source\\PSoC5\\IMU_UART.h"
 145              		.section	.debug_info,"",%progbits
 146              	.Ldebug_info0:
 147 0000 67010000 		.4byte	0x167
 148 0004 0400     		.2byte	0x4
 149 0006 00000000 		.4byte	.Ldebug_abbrev0
 150 000a 04       		.byte	0x4
 151 000b 01       		.uleb128 0x1
 152 000c D7000000 		.4byte	.LASF24
 153 0010 0C       		.byte	0xc
 154 0011 5A000000 		.4byte	.LASF25
 155 0015 7F000000 		.4byte	.LASF26
 156 0019 00000000 		.4byte	.Ldebug_ranges0+0
 157 001d 00000000 		.4byte	0
 158 0021 00000000 		.4byte	.Ldebug_line0
ARM GAS  C:\Users\Fischer\AppData\Local\Temp\ccxynkId.s 			page 7


 159 0025 02       		.uleb128 0x2
 160 0026 01       		.byte	0x1
 161 0027 06       		.byte	0x6
 162 0028 53020000 		.4byte	.LASF0
 163 002c 02       		.uleb128 0x2
 164 002d 01       		.byte	0x1
 165 002e 08       		.byte	0x8
 166 002f C9000000 		.4byte	.LASF1
 167 0033 02       		.uleb128 0x2
 168 0034 02       		.byte	0x2
 169 0035 05       		.byte	0x5
 170 0036 0D020000 		.4byte	.LASF2
 171 003a 02       		.uleb128 0x2
 172 003b 02       		.byte	0x2
 173 003c 07       		.byte	0x7
 174 003d 09000000 		.4byte	.LASF3
 175 0041 02       		.uleb128 0x2
 176 0042 04       		.byte	0x4
 177 0043 05       		.byte	0x5
 178 0044 00000000 		.4byte	.LASF4
 179 0048 02       		.uleb128 0x2
 180 0049 04       		.byte	0x4
 181 004a 07       		.byte	0x7
 182 004b 7A010000 		.4byte	.LASF5
 183 004f 02       		.uleb128 0x2
 184 0050 08       		.byte	0x8
 185 0051 05       		.byte	0x5
 186 0052 FA010000 		.4byte	.LASF6
 187 0056 02       		.uleb128 0x2
 188 0057 08       		.byte	0x8
 189 0058 07       		.byte	0x7
 190 0059 CC010000 		.4byte	.LASF7
 191 005d 03       		.uleb128 0x3
 192 005e 04       		.byte	0x4
 193 005f 05       		.byte	0x5
 194 0060 696E7400 		.ascii	"int\000"
 195 0064 02       		.uleb128 0x2
 196 0065 04       		.byte	0x4
 197 0066 07       		.byte	0x7
 198 0067 BF010000 		.4byte	.LASF8
 199 006b 04       		.uleb128 0x4
 200 006c 8C010000 		.4byte	.LASF12
 201 0070 02       		.byte	0x2
 202 0071 E401     		.2byte	0x1e4
 203 0073 2C000000 		.4byte	0x2c
 204 0077 02       		.uleb128 0x2
 205 0078 04       		.byte	0x4
 206 0079 04       		.byte	0x4
 207 007a C3000000 		.4byte	.LASF9
 208 007e 02       		.uleb128 0x2
 209 007f 08       		.byte	0x8
 210 0080 04       		.byte	0x4
 211 0081 B8010000 		.4byte	.LASF10
 212 0085 02       		.uleb128 0x2
 213 0086 01       		.byte	0x1
 214 0087 08       		.byte	0x8
 215 0088 08020000 		.4byte	.LASF11
ARM GAS  C:\Users\Fischer\AppData\Local\Temp\ccxynkId.s 			page 8


 216 008c 04       		.uleb128 0x4
 217 008d 75010000 		.4byte	.LASF13
 218 0091 02       		.byte	0x2
 219 0092 8E02     		.2byte	0x28e
 220 0094 98000000 		.4byte	0x98
 221 0098 05       		.uleb128 0x5
 222 0099 6B000000 		.4byte	0x6b
 223 009d 02       		.uleb128 0x2
 224 009e 08       		.byte	0x8
 225 009f 04       		.byte	0x4
 226 00a0 47020000 		.4byte	.LASF14
 227 00a4 02       		.uleb128 0x2
 228 00a5 04       		.byte	0x4
 229 00a6 07       		.byte	0x7
 230 00a7 F1010000 		.4byte	.LASF15
 231 00ab 06       		.uleb128 0x6
 232 00ac 5F020000 		.4byte	.LASF27
 233 00b0 01       		.byte	0x1
 234 00b1 03       		.byte	0x3
 235 00b2 45       		.byte	0x45
 236 00b3 C4000000 		.4byte	0xc4
 237 00b7 07       		.uleb128 0x7
 238 00b8 3B020000 		.4byte	.LASF28
 239 00bc 03       		.byte	0x3
 240 00bd 47       		.byte	0x47
 241 00be 6B000000 		.4byte	0x6b
 242 00c2 00       		.byte	0
 243 00c3 00       		.byte	0
 244 00c4 08       		.uleb128 0x8
 245 00c5 1C000000 		.4byte	.LASF16
 246 00c9 03       		.byte	0x3
 247 00ca 4D       		.byte	0x4d
 248 00cb AB000000 		.4byte	0xab
 249 00cf 09       		.uleb128 0x9
 250 00d0 17020000 		.4byte	.LASF17
 251 00d4 01       		.byte	0x1
 252 00d5 36       		.byte	0x36
 253 00d6 00000000 		.4byte	.LFB0
 254 00da 02000000 		.4byte	.LFE0-.LFB0
 255 00de 01       		.uleb128 0x1
 256 00df 9C       		.byte	0x9c
 257 00e0 09       		.uleb128 0x9
 258 00e1 33000000 		.4byte	.LASF18
 259 00e5 01       		.byte	0x1
 260 00e6 57       		.byte	0x57
 261 00e7 00000000 		.4byte	.LFB1
 262 00eb 02000000 		.4byte	.LFE1-.LFB1
 263 00ef 01       		.uleb128 0x1
 264 00f0 9C       		.byte	0x9c
 265 00f1 0A       		.uleb128 0xa
 266 00f2 A9010000 		.4byte	.LASF19
 267 00f6 01       		.byte	0x1
 268 00f7 78       		.byte	0x78
 269 00f8 00000000 		.4byte	.LFB2
 270 00fc 28000000 		.4byte	.LFE2-.LFB2
 271 0100 01       		.uleb128 0x1
 272 0101 9C       		.byte	0x9c
ARM GAS  C:\Users\Fischer\AppData\Local\Temp\ccxynkId.s 			page 9


 273 0102 10010000 		.4byte	0x110
 274 0106 0B       		.uleb128 0xb
 275 0107 1E000000 		.4byte	.LVL0
 276 010b 49010000 		.4byte	0x149
 277 010f 00       		.byte	0
 278 0110 0A       		.uleb128 0xa
 279 0111 65010000 		.4byte	.LASF20
 280 0115 01       		.byte	0x1
 281 0116 AC       		.byte	0xac
 282 0117 00000000 		.4byte	.LFB3
 283 011b 18000000 		.4byte	.LFE3-.LFB3
 284 011f 01       		.uleb128 0x1
 285 0120 9C       		.byte	0x9c
 286 0121 38010000 		.4byte	0x138
 287 0125 0B       		.uleb128 0xb
 288 0126 06000000 		.4byte	.LVL1
 289 012a 54010000 		.4byte	0x154
 290 012e 0B       		.uleb128 0xb
 291 012f 10000000 		.4byte	.LVL2
 292 0133 5F010000 		.4byte	0x15f
 293 0137 00       		.byte	0
 294 0138 0C       		.uleb128 0xc
 295 0139 4A000000 		.4byte	.LASF29
 296 013d 01       		.byte	0x1
 297 013e 18       		.byte	0x18
 298 013f C4000000 		.4byte	0xc4
 299 0143 05       		.uleb128 0x5
 300 0144 03       		.byte	0x3
 301 0145 00000000 		.4byte	IMU_UART_backup
 302 0149 0D       		.uleb128 0xd
 303 014a E3010000 		.4byte	.LASF21
 304 014e E3010000 		.4byte	.LASF21
 305 0152 03       		.byte	0x3
 306 0153 55       		.byte	0x55
 307 0154 0D       		.uleb128 0xd
 308 0155 92010000 		.4byte	.LASF22
 309 0159 92010000 		.4byte	.LASF22
 310 015d 03       		.byte	0x3
 311 015e 75       		.byte	0x75
 312 015f 0D       		.uleb128 0xd
 313 0160 2B020000 		.4byte	.LASF23
 314 0164 2B020000 		.4byte	.LASF23
 315 0168 03       		.byte	0x3
 316 0169 5A       		.byte	0x5a
 317 016a 00       		.byte	0
 318              		.section	.debug_abbrev,"",%progbits
 319              	.Ldebug_abbrev0:
 320 0000 01       		.uleb128 0x1
 321 0001 11       		.uleb128 0x11
 322 0002 01       		.byte	0x1
 323 0003 25       		.uleb128 0x25
 324 0004 0E       		.uleb128 0xe
 325 0005 13       		.uleb128 0x13
 326 0006 0B       		.uleb128 0xb
 327 0007 03       		.uleb128 0x3
 328 0008 0E       		.uleb128 0xe
 329 0009 1B       		.uleb128 0x1b
ARM GAS  C:\Users\Fischer\AppData\Local\Temp\ccxynkId.s 			page 10


 330 000a 0E       		.uleb128 0xe
 331 000b 55       		.uleb128 0x55
 332 000c 17       		.uleb128 0x17
 333 000d 11       		.uleb128 0x11
 334 000e 01       		.uleb128 0x1
 335 000f 10       		.uleb128 0x10
 336 0010 17       		.uleb128 0x17
 337 0011 00       		.byte	0
 338 0012 00       		.byte	0
 339 0013 02       		.uleb128 0x2
 340 0014 24       		.uleb128 0x24
 341 0015 00       		.byte	0
 342 0016 0B       		.uleb128 0xb
 343 0017 0B       		.uleb128 0xb
 344 0018 3E       		.uleb128 0x3e
 345 0019 0B       		.uleb128 0xb
 346 001a 03       		.uleb128 0x3
 347 001b 0E       		.uleb128 0xe
 348 001c 00       		.byte	0
 349 001d 00       		.byte	0
 350 001e 03       		.uleb128 0x3
 351 001f 24       		.uleb128 0x24
 352 0020 00       		.byte	0
 353 0021 0B       		.uleb128 0xb
 354 0022 0B       		.uleb128 0xb
 355 0023 3E       		.uleb128 0x3e
 356 0024 0B       		.uleb128 0xb
 357 0025 03       		.uleb128 0x3
 358 0026 08       		.uleb128 0x8
 359 0027 00       		.byte	0
 360 0028 00       		.byte	0
 361 0029 04       		.uleb128 0x4
 362 002a 16       		.uleb128 0x16
 363 002b 00       		.byte	0
 364 002c 03       		.uleb128 0x3
 365 002d 0E       		.uleb128 0xe
 366 002e 3A       		.uleb128 0x3a
 367 002f 0B       		.uleb128 0xb
 368 0030 3B       		.uleb128 0x3b
 369 0031 05       		.uleb128 0x5
 370 0032 49       		.uleb128 0x49
 371 0033 13       		.uleb128 0x13
 372 0034 00       		.byte	0
 373 0035 00       		.byte	0
 374 0036 05       		.uleb128 0x5
 375 0037 35       		.uleb128 0x35
 376 0038 00       		.byte	0
 377 0039 49       		.uleb128 0x49
 378 003a 13       		.uleb128 0x13
 379 003b 00       		.byte	0
 380 003c 00       		.byte	0
 381 003d 06       		.uleb128 0x6
 382 003e 13       		.uleb128 0x13
 383 003f 01       		.byte	0x1
 384 0040 03       		.uleb128 0x3
 385 0041 0E       		.uleb128 0xe
 386 0042 0B       		.uleb128 0xb
ARM GAS  C:\Users\Fischer\AppData\Local\Temp\ccxynkId.s 			page 11


 387 0043 0B       		.uleb128 0xb
 388 0044 3A       		.uleb128 0x3a
 389 0045 0B       		.uleb128 0xb
 390 0046 3B       		.uleb128 0x3b
 391 0047 0B       		.uleb128 0xb
 392 0048 01       		.uleb128 0x1
 393 0049 13       		.uleb128 0x13
 394 004a 00       		.byte	0
 395 004b 00       		.byte	0
 396 004c 07       		.uleb128 0x7
 397 004d 0D       		.uleb128 0xd
 398 004e 00       		.byte	0
 399 004f 03       		.uleb128 0x3
 400 0050 0E       		.uleb128 0xe
 401 0051 3A       		.uleb128 0x3a
 402 0052 0B       		.uleb128 0xb
 403 0053 3B       		.uleb128 0x3b
 404 0054 0B       		.uleb128 0xb
 405 0055 49       		.uleb128 0x49
 406 0056 13       		.uleb128 0x13
 407 0057 38       		.uleb128 0x38
 408 0058 0B       		.uleb128 0xb
 409 0059 00       		.byte	0
 410 005a 00       		.byte	0
 411 005b 08       		.uleb128 0x8
 412 005c 16       		.uleb128 0x16
 413 005d 00       		.byte	0
 414 005e 03       		.uleb128 0x3
 415 005f 0E       		.uleb128 0xe
 416 0060 3A       		.uleb128 0x3a
 417 0061 0B       		.uleb128 0xb
 418 0062 3B       		.uleb128 0x3b
 419 0063 0B       		.uleb128 0xb
 420 0064 49       		.uleb128 0x49
 421 0065 13       		.uleb128 0x13
 422 0066 00       		.byte	0
 423 0067 00       		.byte	0
 424 0068 09       		.uleb128 0x9
 425 0069 2E       		.uleb128 0x2e
 426 006a 00       		.byte	0
 427 006b 3F       		.uleb128 0x3f
 428 006c 19       		.uleb128 0x19
 429 006d 03       		.uleb128 0x3
 430 006e 0E       		.uleb128 0xe
 431 006f 3A       		.uleb128 0x3a
 432 0070 0B       		.uleb128 0xb
 433 0071 3B       		.uleb128 0x3b
 434 0072 0B       		.uleb128 0xb
 435 0073 27       		.uleb128 0x27
 436 0074 19       		.uleb128 0x19
 437 0075 11       		.uleb128 0x11
 438 0076 01       		.uleb128 0x1
 439 0077 12       		.uleb128 0x12
 440 0078 06       		.uleb128 0x6
 441 0079 40       		.uleb128 0x40
 442 007a 18       		.uleb128 0x18
 443 007b 9742     		.uleb128 0x2117
ARM GAS  C:\Users\Fischer\AppData\Local\Temp\ccxynkId.s 			page 12


 444 007d 19       		.uleb128 0x19
 445 007e 00       		.byte	0
 446 007f 00       		.byte	0
 447 0080 0A       		.uleb128 0xa
 448 0081 2E       		.uleb128 0x2e
 449 0082 01       		.byte	0x1
 450 0083 3F       		.uleb128 0x3f
 451 0084 19       		.uleb128 0x19
 452 0085 03       		.uleb128 0x3
 453 0086 0E       		.uleb128 0xe
 454 0087 3A       		.uleb128 0x3a
 455 0088 0B       		.uleb128 0xb
 456 0089 3B       		.uleb128 0x3b
 457 008a 0B       		.uleb128 0xb
 458 008b 27       		.uleb128 0x27
 459 008c 19       		.uleb128 0x19
 460 008d 11       		.uleb128 0x11
 461 008e 01       		.uleb128 0x1
 462 008f 12       		.uleb128 0x12
 463 0090 06       		.uleb128 0x6
 464 0091 40       		.uleb128 0x40
 465 0092 18       		.uleb128 0x18
 466 0093 9742     		.uleb128 0x2117
 467 0095 19       		.uleb128 0x19
 468 0096 01       		.uleb128 0x1
 469 0097 13       		.uleb128 0x13
 470 0098 00       		.byte	0
 471 0099 00       		.byte	0
 472 009a 0B       		.uleb128 0xb
 473 009b 898201   		.uleb128 0x4109
 474 009e 00       		.byte	0
 475 009f 11       		.uleb128 0x11
 476 00a0 01       		.uleb128 0x1
 477 00a1 31       		.uleb128 0x31
 478 00a2 13       		.uleb128 0x13
 479 00a3 00       		.byte	0
 480 00a4 00       		.byte	0
 481 00a5 0C       		.uleb128 0xc
 482 00a6 34       		.uleb128 0x34
 483 00a7 00       		.byte	0
 484 00a8 03       		.uleb128 0x3
 485 00a9 0E       		.uleb128 0xe
 486 00aa 3A       		.uleb128 0x3a
 487 00ab 0B       		.uleb128 0xb
 488 00ac 3B       		.uleb128 0x3b
 489 00ad 0B       		.uleb128 0xb
 490 00ae 49       		.uleb128 0x49
 491 00af 13       		.uleb128 0x13
 492 00b0 02       		.uleb128 0x2
 493 00b1 18       		.uleb128 0x18
 494 00b2 00       		.byte	0
 495 00b3 00       		.byte	0
 496 00b4 0D       		.uleb128 0xd
 497 00b5 2E       		.uleb128 0x2e
 498 00b6 00       		.byte	0
 499 00b7 3F       		.uleb128 0x3f
 500 00b8 19       		.uleb128 0x19
ARM GAS  C:\Users\Fischer\AppData\Local\Temp\ccxynkId.s 			page 13


 501 00b9 3C       		.uleb128 0x3c
 502 00ba 19       		.uleb128 0x19
 503 00bb 6E       		.uleb128 0x6e
 504 00bc 0E       		.uleb128 0xe
 505 00bd 03       		.uleb128 0x3
 506 00be 0E       		.uleb128 0xe
 507 00bf 3A       		.uleb128 0x3a
 508 00c0 0B       		.uleb128 0xb
 509 00c1 3B       		.uleb128 0x3b
 510 00c2 0B       		.uleb128 0xb
 511 00c3 00       		.byte	0
 512 00c4 00       		.byte	0
 513 00c5 00       		.byte	0
 514              		.section	.debug_aranges,"",%progbits
 515 0000 34000000 		.4byte	0x34
 516 0004 0200     		.2byte	0x2
 517 0006 00000000 		.4byte	.Ldebug_info0
 518 000a 04       		.byte	0x4
 519 000b 00       		.byte	0
 520 000c 0000     		.2byte	0
 521 000e 0000     		.2byte	0
 522 0010 00000000 		.4byte	.LFB0
 523 0014 02000000 		.4byte	.LFE0-.LFB0
 524 0018 00000000 		.4byte	.LFB1
 525 001c 02000000 		.4byte	.LFE1-.LFB1
 526 0020 00000000 		.4byte	.LFB2
 527 0024 28000000 		.4byte	.LFE2-.LFB2
 528 0028 00000000 		.4byte	.LFB3
 529 002c 18000000 		.4byte	.LFE3-.LFB3
 530 0030 00000000 		.4byte	0
 531 0034 00000000 		.4byte	0
 532              		.section	.debug_ranges,"",%progbits
 533              	.Ldebug_ranges0:
 534 0000 00000000 		.4byte	.LFB0
 535 0004 02000000 		.4byte	.LFE0
 536 0008 00000000 		.4byte	.LFB1
 537 000c 02000000 		.4byte	.LFE1
 538 0010 00000000 		.4byte	.LFB2
 539 0014 28000000 		.4byte	.LFE2
 540 0018 00000000 		.4byte	.LFB3
 541 001c 18000000 		.4byte	.LFE3
 542 0020 00000000 		.4byte	0
 543 0024 00000000 		.4byte	0
 544              		.section	.debug_line,"",%progbits
 545              	.Ldebug_line0:
 546 0000 A5000000 		.section	.debug_str,"MS",%progbits,1
 546      02005600 
 546      00000201 
 546      FB0E0D00 
 546      01010101 
 547              	.LASF4:
 548 0000 6C6F6E67 		.ascii	"long int\000"
 548      20696E74 
 548      00
 549              	.LASF3:
 550 0009 73686F72 		.ascii	"short unsigned int\000"
 550      7420756E 
ARM GAS  C:\Users\Fischer\AppData\Local\Temp\ccxynkId.s 			page 14


 550      7369676E 
 550      65642069 
 550      6E7400
 551              	.LASF16:
 552 001c 494D555F 		.ascii	"IMU_UART_BACKUP_STRUCT\000"
 552      55415254 
 552      5F424143 
 552      4B55505F 
 552      53545255 
 553              	.LASF18:
 554 0033 494D555F 		.ascii	"IMU_UART_RestoreConfig\000"
 554      55415254 
 554      5F526573 
 554      746F7265 
 554      436F6E66 
 555              	.LASF29:
 556 004a 494D555F 		.ascii	"IMU_UART_backup\000"
 556      55415254 
 556      5F626163 
 556      6B757000 
 557              	.LASF25:
 558 005a 47656E65 		.ascii	"Generated_Source\\PSoC5\\IMU_UART_PM.c\000"
 558      72617465 
 558      645F536F 
 558      75726365 
 558      5C50536F 
 559              	.LASF26:
 560 007f 433A5C55 		.ascii	"C:\\Users\\Fischer\\Documents\\GitHub\\kanzi\\PSoC\\"
 560      73657273 
 560      5C466973 
 560      63686572 
 560      5C446F63 
 561 00ac 75617274 		.ascii	"uarttransmittest.cydsn\000"
 561      7472616E 
 561      736D6974 
 561      74657374 
 561      2E637964 
 562              	.LASF9:
 563 00c3 666C6F61 		.ascii	"float\000"
 563      7400
 564              	.LASF1:
 565 00c9 756E7369 		.ascii	"unsigned char\000"
 565      676E6564 
 565      20636861 
 565      7200
 566              	.LASF24:
 567 00d7 474E5520 		.ascii	"GNU C11 5.4.1 20160609 (release) [ARM/embedded-5-br"
 567      43313120 
 567      352E342E 
 567      31203230 
 567      31363036 
 568 010a 616E6368 		.ascii	"anch revision 237715] -mcpu=cortex-m3 -mthumb -g -O"
 568      20726576 
 568      6973696F 
 568      6E203233 
 568      37373135 
 569 013d 67202D66 		.ascii	"g -ffunction-sections -ffat-lto-objects\000"
ARM GAS  C:\Users\Fischer\AppData\Local\Temp\ccxynkId.s 			page 15


 569      66756E63 
 569      74696F6E 
 569      2D736563 
 569      74696F6E 
 570              	.LASF20:
 571 0165 494D555F 		.ascii	"IMU_UART_Wakeup\000"
 571      55415254 
 571      5F57616B 
 571      65757000 
 572              	.LASF13:
 573 0175 72656738 		.ascii	"reg8\000"
 573      00
 574              	.LASF5:
 575 017a 6C6F6E67 		.ascii	"long unsigned int\000"
 575      20756E73 
 575      69676E65 
 575      6420696E 
 575      7400
 576              	.LASF12:
 577 018c 75696E74 		.ascii	"uint8\000"
 577      3800
 578              	.LASF22:
 579 0192 494D555F 		.ascii	"IMU_UART_ClearRxBuffer\000"
 579      55415254 
 579      5F436C65 
 579      61725278 
 579      42756666 
 580              	.LASF19:
 581 01a9 494D555F 		.ascii	"IMU_UART_Sleep\000"
 581      55415254 
 581      5F536C65 
 581      657000
 582              	.LASF10:
 583 01b8 646F7562 		.ascii	"double\000"
 583      6C6500
 584              	.LASF8:
 585 01bf 756E7369 		.ascii	"unsigned int\000"
 585      676E6564 
 585      20696E74 
 585      00
 586              	.LASF7:
 587 01cc 6C6F6E67 		.ascii	"long long unsigned int\000"
 587      206C6F6E 
 587      6720756E 
 587      7369676E 
 587      65642069 
 588              	.LASF21:
 589 01e3 494D555F 		.ascii	"IMU_UART_Stop\000"
 589      55415254 
 589      5F53746F 
 589      7000
 590              	.LASF15:
 591 01f1 73697A65 		.ascii	"sizetype\000"
 591      74797065 
 591      00
 592              	.LASF6:
 593 01fa 6C6F6E67 		.ascii	"long long int\000"
ARM GAS  C:\Users\Fischer\AppData\Local\Temp\ccxynkId.s 			page 16


 593      206C6F6E 
 593      6720696E 
 593      7400
 594              	.LASF11:
 595 0208 63686172 		.ascii	"char\000"
 595      00
 596              	.LASF2:
 597 020d 73686F72 		.ascii	"short int\000"
 597      7420696E 
 597      7400
 598              	.LASF17:
 599 0217 494D555F 		.ascii	"IMU_UART_SaveConfig\000"
 599      55415254 
 599      5F536176 
 599      65436F6E 
 599      66696700 
 600              	.LASF23:
 601 022b 494D555F 		.ascii	"IMU_UART_Enable\000"
 601      55415254 
 601      5F456E61 
 601      626C6500 
 602              	.LASF28:
 603 023b 656E6162 		.ascii	"enableState\000"
 603      6C655374 
 603      61746500 
 604              	.LASF14:
 605 0247 6C6F6E67 		.ascii	"long double\000"
 605      20646F75 
 605      626C6500 
 606              	.LASF0:
 607 0253 7369676E 		.ascii	"signed char\000"
 607      65642063 
 607      68617200 
 608              	.LASF27:
 609 025f 494D555F 		.ascii	"IMU_UART_backupStruct_\000"
 609      55415254 
 609      5F626163 
 609      6B757053 
 609      74727563 
 610              		.ident	"GCC: (GNU Tools for ARM Embedded Processors) 5.4.1 20160609 (release) [ARM/embedded-5-bran
