ARM GAS  C:\Users\Fischer\AppData\Local\Temp\ccTyR7Y7.s 			page 1


   1              		.syntax unified
   2              		.cpu cortex-m3
   3              		.fpu softvfp
   4              		.eabi_attribute 20, 1
   5              		.eabi_attribute 21, 1
   6              		.eabi_attribute 23, 3
   7              		.eabi_attribute 24, 1
   8              		.eabi_attribute 25, 1
   9              		.eabi_attribute 26, 1
  10              		.eabi_attribute 30, 1
  11              		.eabi_attribute 34, 1
  12              		.eabi_attribute 18, 4
  13              		.thumb
  14              		.syntax unified
  15              		.file	"cyfitter_cfg.c"
  16              		.text
  17              	.Ltext0:
  18              		.cfi_sections	.debug_frame
  19              		.section	.text.CyClockStartupError,"ax",%progbits
  20              		.align	2
  21              		.thumb
  22              		.thumb_func
  23              		.type	CyClockStartupError, %function
  24              	CyClockStartupError:
  25              	.LFB3:
  26              		.file 1 "Generated_Source\\PSoC5\\cyfitter_cfg.c"
   1:Generated_Source\PSoC5/cyfitter_cfg.c **** 
   2:Generated_Source\PSoC5/cyfitter_cfg.c **** /*******************************************************************************
   3:Generated_Source\PSoC5/cyfitter_cfg.c **** * File Name: cyfitter_cfg.c
   4:Generated_Source\PSoC5/cyfitter_cfg.c **** * 
   5:Generated_Source\PSoC5/cyfitter_cfg.c **** * PSoC Creator  4.2
   6:Generated_Source\PSoC5/cyfitter_cfg.c **** *
   7:Generated_Source\PSoC5/cyfitter_cfg.c **** * Description:
   8:Generated_Source\PSoC5/cyfitter_cfg.c **** * This file contains device initialization code.
   9:Generated_Source\PSoC5/cyfitter_cfg.c **** * Except for the user defined sections in CyClockStartupError(), this file should not be modified.
  10:Generated_Source\PSoC5/cyfitter_cfg.c **** * This file is automatically generated by PSoC Creator.
  11:Generated_Source\PSoC5/cyfitter_cfg.c **** *
  12:Generated_Source\PSoC5/cyfitter_cfg.c **** ********************************************************************************
  13:Generated_Source\PSoC5/cyfitter_cfg.c **** * Copyright (c) 2007-2018 Cypress Semiconductor.  All rights reserved.
  14:Generated_Source\PSoC5/cyfitter_cfg.c **** * You may use this file only in accordance with the license, terms, conditions, 
  15:Generated_Source\PSoC5/cyfitter_cfg.c **** * disclaimers, and limitations in the end user license agreement accompanying 
  16:Generated_Source\PSoC5/cyfitter_cfg.c **** * the software package with which this file was provided.
  17:Generated_Source\PSoC5/cyfitter_cfg.c **** ********************************************************************************/
  18:Generated_Source\PSoC5/cyfitter_cfg.c **** 
  19:Generated_Source\PSoC5/cyfitter_cfg.c **** #include <string.h>
  20:Generated_Source\PSoC5/cyfitter_cfg.c **** #include "cytypes.h"
  21:Generated_Source\PSoC5/cyfitter_cfg.c **** #include "cydevice_trm.h"
  22:Generated_Source\PSoC5/cyfitter_cfg.c **** #include "cyfitter.h"
  23:Generated_Source\PSoC5/cyfitter_cfg.c **** #include "CyLib.h"
  24:Generated_Source\PSoC5/cyfitter_cfg.c **** #include "cyfitter_cfg.h"
  25:Generated_Source\PSoC5/cyfitter_cfg.c **** #include "cyapicallbacks.h"
  26:Generated_Source\PSoC5/cyfitter_cfg.c **** 
  27:Generated_Source\PSoC5/cyfitter_cfg.c **** #define CY_NEED_CYCLOCKSTARTUPERROR 1
  28:Generated_Source\PSoC5/cyfitter_cfg.c **** 
  29:Generated_Source\PSoC5/cyfitter_cfg.c **** 
  30:Generated_Source\PSoC5/cyfitter_cfg.c **** #if defined(__GNUC__) || defined(__ARMCC_VERSION)
  31:Generated_Source\PSoC5/cyfitter_cfg.c ****     #define CYPACKED 
ARM GAS  C:\Users\Fischer\AppData\Local\Temp\ccTyR7Y7.s 			page 2


  32:Generated_Source\PSoC5/cyfitter_cfg.c ****     #define CYPACKED_ATTR __attribute__ ((packed))
  33:Generated_Source\PSoC5/cyfitter_cfg.c ****     #define CYALIGNED __attribute__ ((aligned))
  34:Generated_Source\PSoC5/cyfitter_cfg.c ****     #define CY_CFG_UNUSED __attribute__ ((unused))
  35:Generated_Source\PSoC5/cyfitter_cfg.c ****     #ifndef CY_CFG_SECTION
  36:Generated_Source\PSoC5/cyfitter_cfg.c ****         #define CY_CFG_SECTION __attribute__ ((section(".psocinit")))
  37:Generated_Source\PSoC5/cyfitter_cfg.c ****     #endif
  38:Generated_Source\PSoC5/cyfitter_cfg.c ****     
  39:Generated_Source\PSoC5/cyfitter_cfg.c ****     #if defined(__ARMCC_VERSION)
  40:Generated_Source\PSoC5/cyfitter_cfg.c ****         #define CY_CFG_MEMORY_BARRIER() __memory_changed()
  41:Generated_Source\PSoC5/cyfitter_cfg.c ****     #else
  42:Generated_Source\PSoC5/cyfitter_cfg.c ****         #define CY_CFG_MEMORY_BARRIER() __sync_synchronize()
  43:Generated_Source\PSoC5/cyfitter_cfg.c ****     #endif
  44:Generated_Source\PSoC5/cyfitter_cfg.c ****     
  45:Generated_Source\PSoC5/cyfitter_cfg.c **** #elif defined(__ICCARM__)
  46:Generated_Source\PSoC5/cyfitter_cfg.c ****     #include <intrinsics.h>
  47:Generated_Source\PSoC5/cyfitter_cfg.c **** 
  48:Generated_Source\PSoC5/cyfitter_cfg.c ****     #define CYPACKED __packed
  49:Generated_Source\PSoC5/cyfitter_cfg.c ****     #define CYPACKED_ATTR 
  50:Generated_Source\PSoC5/cyfitter_cfg.c ****     #define CYALIGNED _Pragma("data_alignment=4")
  51:Generated_Source\PSoC5/cyfitter_cfg.c ****     #define CY_CFG_UNUSED _Pragma("diag_suppress=Pe177")
  52:Generated_Source\PSoC5/cyfitter_cfg.c ****     #define CY_CFG_SECTION _Pragma("location=\".psocinit\"")
  53:Generated_Source\PSoC5/cyfitter_cfg.c ****     
  54:Generated_Source\PSoC5/cyfitter_cfg.c ****     #define CY_CFG_MEMORY_BARRIER() __DMB()
  55:Generated_Source\PSoC5/cyfitter_cfg.c ****     
  56:Generated_Source\PSoC5/cyfitter_cfg.c **** #else
  57:Generated_Source\PSoC5/cyfitter_cfg.c ****     #error Unsupported toolchain
  58:Generated_Source\PSoC5/cyfitter_cfg.c **** #endif
  59:Generated_Source\PSoC5/cyfitter_cfg.c **** 
  60:Generated_Source\PSoC5/cyfitter_cfg.c **** #ifndef CYCODE
  61:Generated_Source\PSoC5/cyfitter_cfg.c ****     #define CYCODE
  62:Generated_Source\PSoC5/cyfitter_cfg.c **** #endif
  63:Generated_Source\PSoC5/cyfitter_cfg.c **** #ifndef CYDATA
  64:Generated_Source\PSoC5/cyfitter_cfg.c ****     #define CYDATA
  65:Generated_Source\PSoC5/cyfitter_cfg.c **** #endif
  66:Generated_Source\PSoC5/cyfitter_cfg.c **** #ifndef CYFAR
  67:Generated_Source\PSoC5/cyfitter_cfg.c ****     #define CYFAR
  68:Generated_Source\PSoC5/cyfitter_cfg.c **** #endif
  69:Generated_Source\PSoC5/cyfitter_cfg.c **** #ifndef CYXDATA
  70:Generated_Source\PSoC5/cyfitter_cfg.c ****     #define CYXDATA
  71:Generated_Source\PSoC5/cyfitter_cfg.c **** #endif
  72:Generated_Source\PSoC5/cyfitter_cfg.c **** 
  73:Generated_Source\PSoC5/cyfitter_cfg.c **** 
  74:Generated_Source\PSoC5/cyfitter_cfg.c **** CY_CFG_UNUSED
  75:Generated_Source\PSoC5/cyfitter_cfg.c **** static void CYMEMZERO(void *s, size_t n);
  76:Generated_Source\PSoC5/cyfitter_cfg.c **** CY_CFG_UNUSED
  77:Generated_Source\PSoC5/cyfitter_cfg.c **** static void CYMEMZERO(void *s, size_t n)
  78:Generated_Source\PSoC5/cyfitter_cfg.c **** {
  79:Generated_Source\PSoC5/cyfitter_cfg.c **** 	(void)memset(s, 0, n);
  80:Generated_Source\PSoC5/cyfitter_cfg.c **** }
  81:Generated_Source\PSoC5/cyfitter_cfg.c **** CY_CFG_UNUSED
  82:Generated_Source\PSoC5/cyfitter_cfg.c **** static void CYCONFIGCPY(void *dest, const void *src, size_t n);
  83:Generated_Source\PSoC5/cyfitter_cfg.c **** CY_CFG_UNUSED
  84:Generated_Source\PSoC5/cyfitter_cfg.c **** static void CYCONFIGCPY(void *dest, const void *src, size_t n)
  85:Generated_Source\PSoC5/cyfitter_cfg.c **** {
  86:Generated_Source\PSoC5/cyfitter_cfg.c **** 	(void)memcpy(dest, src, n);
  87:Generated_Source\PSoC5/cyfitter_cfg.c **** }
  88:Generated_Source\PSoC5/cyfitter_cfg.c **** CY_CFG_UNUSED
ARM GAS  C:\Users\Fischer\AppData\Local\Temp\ccTyR7Y7.s 			page 3


  89:Generated_Source\PSoC5/cyfitter_cfg.c **** static void CYCONFIGCPYCODE(void *dest, const void *src, size_t n);
  90:Generated_Source\PSoC5/cyfitter_cfg.c **** CY_CFG_UNUSED
  91:Generated_Source\PSoC5/cyfitter_cfg.c **** static void CYCONFIGCPYCODE(void *dest, const void *src, size_t n)
  92:Generated_Source\PSoC5/cyfitter_cfg.c **** {
  93:Generated_Source\PSoC5/cyfitter_cfg.c **** 	(void)memcpy(dest, src, n);
  94:Generated_Source\PSoC5/cyfitter_cfg.c **** }
  95:Generated_Source\PSoC5/cyfitter_cfg.c **** 
  96:Generated_Source\PSoC5/cyfitter_cfg.c **** 
  97:Generated_Source\PSoC5/cyfitter_cfg.c **** 
  98:Generated_Source\PSoC5/cyfitter_cfg.c **** 
  99:Generated_Source\PSoC5/cyfitter_cfg.c **** /* Clock startup error codes                                                   */
 100:Generated_Source\PSoC5/cyfitter_cfg.c **** #define CYCLOCKSTART_NO_ERROR    0u
 101:Generated_Source\PSoC5/cyfitter_cfg.c **** #define CYCLOCKSTART_XTAL_ERROR  1u
 102:Generated_Source\PSoC5/cyfitter_cfg.c **** #define CYCLOCKSTART_32KHZ_ERROR 2u
 103:Generated_Source\PSoC5/cyfitter_cfg.c **** #define CYCLOCKSTART_PLL_ERROR   3u
 104:Generated_Source\PSoC5/cyfitter_cfg.c **** #define CYCLOCKSTART_FLL_ERROR   4u
 105:Generated_Source\PSoC5/cyfitter_cfg.c **** #define CYCLOCKSTART_WCO_ERROR   5u
 106:Generated_Source\PSoC5/cyfitter_cfg.c **** 
 107:Generated_Source\PSoC5/cyfitter_cfg.c **** 
 108:Generated_Source\PSoC5/cyfitter_cfg.c **** #ifdef CY_NEED_CYCLOCKSTARTUPERROR
 109:Generated_Source\PSoC5/cyfitter_cfg.c **** /*******************************************************************************
 110:Generated_Source\PSoC5/cyfitter_cfg.c **** * Function Name: CyClockStartupError
 111:Generated_Source\PSoC5/cyfitter_cfg.c **** ********************************************************************************
 112:Generated_Source\PSoC5/cyfitter_cfg.c **** * Summary:
 113:Generated_Source\PSoC5/cyfitter_cfg.c **** *  If an error is encountered during clock configuration (crystal startup error,
 114:Generated_Source\PSoC5/cyfitter_cfg.c **** *  PLL lock error, etc.), the system will end up here.  Unless reimplemented by
 115:Generated_Source\PSoC5/cyfitter_cfg.c **** *  the customer, this function will stop in an infinite loop.
 116:Generated_Source\PSoC5/cyfitter_cfg.c **** *
 117:Generated_Source\PSoC5/cyfitter_cfg.c **** * Parameters:
 118:Generated_Source\PSoC5/cyfitter_cfg.c **** *   void
 119:Generated_Source\PSoC5/cyfitter_cfg.c **** *
 120:Generated_Source\PSoC5/cyfitter_cfg.c **** * Return:
 121:Generated_Source\PSoC5/cyfitter_cfg.c **** *   void
 122:Generated_Source\PSoC5/cyfitter_cfg.c **** *
 123:Generated_Source\PSoC5/cyfitter_cfg.c **** *******************************************************************************/
 124:Generated_Source\PSoC5/cyfitter_cfg.c **** CY_CFG_UNUSED
 125:Generated_Source\PSoC5/cyfitter_cfg.c **** static void CyClockStartupError(uint8 errorCode);
 126:Generated_Source\PSoC5/cyfitter_cfg.c **** CY_CFG_UNUSED
 127:Generated_Source\PSoC5/cyfitter_cfg.c **** static void CyClockStartupError(uint8 errorCode)
 128:Generated_Source\PSoC5/cyfitter_cfg.c **** {
  27              		.loc 1 128 0
  28              		.cfi_startproc
  29              		@ Volatile: function does not return.
  30              		@ args = 0, pretend = 0, frame = 0
  31              		@ frame_needed = 0, uses_anonymous_args = 0
  32              		@ link register save eliminated.
  33              	.LVL0:
  34              	.L2:
  35 0000 FEE7     		b	.L2
  36              		.cfi_endproc
  37              	.LFE3:
  38              		.size	CyClockStartupError, .-CyClockStartupError
  39 0002 00BF     		.section	.text.AnalogSetDefault,"ax",%progbits
  40              		.align	2
  41              		.thumb
  42              		.thumb_func
  43              		.type	AnalogSetDefault, %function
ARM GAS  C:\Users\Fischer\AppData\Local\Temp\ccTyR7Y7.s 			page 4


  44              	AnalogSetDefault:
  45              	.LFB5:
 129:Generated_Source\PSoC5/cyfitter_cfg.c ****     /* To remove the compiler warning if errorCode not used.                */
 130:Generated_Source\PSoC5/cyfitter_cfg.c ****     errorCode = errorCode;
 131:Generated_Source\PSoC5/cyfitter_cfg.c **** 
 132:Generated_Source\PSoC5/cyfitter_cfg.c ****     /* If we have a clock startup error (bad MHz crystal, PLL lock, etc.),  */
 133:Generated_Source\PSoC5/cyfitter_cfg.c ****     /* we will end up here to allow the customer to implement something to  */
 134:Generated_Source\PSoC5/cyfitter_cfg.c ****     /* deal with the clock condition.                                       */
 135:Generated_Source\PSoC5/cyfitter_cfg.c **** 
 136:Generated_Source\PSoC5/cyfitter_cfg.c **** #ifdef CY_CFG_CLOCK_STARTUP_ERROR_CALLBACK
 137:Generated_Source\PSoC5/cyfitter_cfg.c ****     CY_CFG_Clock_Startup_ErrorCallback();
 138:Generated_Source\PSoC5/cyfitter_cfg.c **** #else
 139:Generated_Source\PSoC5/cyfitter_cfg.c ****     /*  If not using CY_CFG_CLOCK_STARTUP_ERROR_CALLBACK, place your clock startup code here. */
 140:Generated_Source\PSoC5/cyfitter_cfg.c ****     /* `#START CyClockStartupError` */
 141:Generated_Source\PSoC5/cyfitter_cfg.c **** 
 142:Generated_Source\PSoC5/cyfitter_cfg.c **** 
 143:Generated_Source\PSoC5/cyfitter_cfg.c **** 
 144:Generated_Source\PSoC5/cyfitter_cfg.c ****     /* `#END` */
 145:Generated_Source\PSoC5/cyfitter_cfg.c **** 
 146:Generated_Source\PSoC5/cyfitter_cfg.c ****     while(1) {}
 147:Generated_Source\PSoC5/cyfitter_cfg.c **** #endif /* CY_CFG_CLOCK_STARTUP_ERROR_CALLBACK */
 148:Generated_Source\PSoC5/cyfitter_cfg.c **** }
 149:Generated_Source\PSoC5/cyfitter_cfg.c **** #endif
 150:Generated_Source\PSoC5/cyfitter_cfg.c **** 
 151:Generated_Source\PSoC5/cyfitter_cfg.c **** /* IOPINS0_0 Address: CYREG_PRT0_DM0 Size (bytes): 8 */
 152:Generated_Source\PSoC5/cyfitter_cfg.c **** #define BS_IOPINS0_0_VAL ((const uint8 CYFAR *)0x48000000u)
 153:Generated_Source\PSoC5/cyfitter_cfg.c **** 
 154:Generated_Source\PSoC5/cyfitter_cfg.c **** /* IOPINS0_8 Address: CYREG_PRT15_DM0 Size (bytes): 8 */
 155:Generated_Source\PSoC5/cyfitter_cfg.c **** #define BS_IOPINS0_8_VAL ((const uint8 CYFAR *)0x48000008u)
 156:Generated_Source\PSoC5/cyfitter_cfg.c **** 
 157:Generated_Source\PSoC5/cyfitter_cfg.c **** /* IOPINS0_1 Address: CYREG_PRT1_DM0 Size (bytes): 8 */
 158:Generated_Source\PSoC5/cyfitter_cfg.c **** #define BS_IOPINS0_1_VAL ((const uint8 CYFAR *)0x48000010u)
 159:Generated_Source\PSoC5/cyfitter_cfg.c **** 
 160:Generated_Source\PSoC5/cyfitter_cfg.c **** 
 161:Generated_Source\PSoC5/cyfitter_cfg.c **** /*******************************************************************************
 162:Generated_Source\PSoC5/cyfitter_cfg.c **** * Function Name: ClockSetup
 163:Generated_Source\PSoC5/cyfitter_cfg.c **** ********************************************************************************
 164:Generated_Source\PSoC5/cyfitter_cfg.c **** *
 165:Generated_Source\PSoC5/cyfitter_cfg.c **** * Summary:
 166:Generated_Source\PSoC5/cyfitter_cfg.c **** *  Performs the initialization of all of the clocks in the device based on the
 167:Generated_Source\PSoC5/cyfitter_cfg.c **** *  settings in the Clock tab of the DWR.  This includes enabling the requested
 168:Generated_Source\PSoC5/cyfitter_cfg.c **** *  clocks and setting the necessary dividers to produce the desired frequency. 
 169:Generated_Source\PSoC5/cyfitter_cfg.c **** *
 170:Generated_Source\PSoC5/cyfitter_cfg.c **** * Parameters:
 171:Generated_Source\PSoC5/cyfitter_cfg.c **** *  void
 172:Generated_Source\PSoC5/cyfitter_cfg.c **** *
 173:Generated_Source\PSoC5/cyfitter_cfg.c **** * Return:
 174:Generated_Source\PSoC5/cyfitter_cfg.c **** *  void
 175:Generated_Source\PSoC5/cyfitter_cfg.c **** *
 176:Generated_Source\PSoC5/cyfitter_cfg.c **** *******************************************************************************/
 177:Generated_Source\PSoC5/cyfitter_cfg.c **** static void ClockSetup(void);
 178:Generated_Source\PSoC5/cyfitter_cfg.c **** static void ClockSetup(void)
 179:Generated_Source\PSoC5/cyfitter_cfg.c **** {
 180:Generated_Source\PSoC5/cyfitter_cfg.c **** 	uint32 timeout;
 181:Generated_Source\PSoC5/cyfitter_cfg.c **** 	uint8 pllLock;
 182:Generated_Source\PSoC5/cyfitter_cfg.c **** 
 183:Generated_Source\PSoC5/cyfitter_cfg.c **** 
ARM GAS  C:\Users\Fischer\AppData\Local\Temp\ccTyR7Y7.s 			page 5


 184:Generated_Source\PSoC5/cyfitter_cfg.c **** 	/* Configure ILO based on settings from Clock DWR */
 185:Generated_Source\PSoC5/cyfitter_cfg.c **** 	CY_SET_XTND_REG8((void CYFAR *)(CYREG_SLOWCLK_ILO_CR0), 0x02u);
 186:Generated_Source\PSoC5/cyfitter_cfg.c **** 	CY_SET_XTND_REG8((void CYFAR *)(CYREG_CLKDIST_CR), 0x08u);
 187:Generated_Source\PSoC5/cyfitter_cfg.c **** 
 188:Generated_Source\PSoC5/cyfitter_cfg.c **** 	/* Configure IMO based on settings from Clock DWR */
 189:Generated_Source\PSoC5/cyfitter_cfg.c **** 	CY_SET_XTND_REG8((void CYFAR *)(CYREG_FASTCLK_IMO_CR), 0x03u);
 190:Generated_Source\PSoC5/cyfitter_cfg.c **** 	CY_SET_XTND_REG8((void CYFAR *)(CYREG_IMO_TR1), (CY_GET_XTND_REG8((void CYFAR *)CYREG_FLSHID_CUST_
 191:Generated_Source\PSoC5/cyfitter_cfg.c **** 
 192:Generated_Source\PSoC5/cyfitter_cfg.c **** 	/* Configure PLL based on settings from Clock DWR */
 193:Generated_Source\PSoC5/cyfitter_cfg.c **** 	CY_SET_XTND_REG16((void CYFAR *)(CYREG_FASTCLK_PLL_P), 0x0008u);
 194:Generated_Source\PSoC5/cyfitter_cfg.c **** 	CY_SET_XTND_REG16((void CYFAR *)(CYREG_FASTCLK_PLL_CFG0), 0x1251u);
 195:Generated_Source\PSoC5/cyfitter_cfg.c **** 	/* Wait up to 250us for the PLL to lock */
 196:Generated_Source\PSoC5/cyfitter_cfg.c **** 	pllLock = 0u;
 197:Generated_Source\PSoC5/cyfitter_cfg.c **** 	for (timeout = 250u / 10u; (timeout > 0u) && (pllLock != 0x03u); timeout--)
 198:Generated_Source\PSoC5/cyfitter_cfg.c **** 	{ 
 199:Generated_Source\PSoC5/cyfitter_cfg.c **** 		pllLock = 0x03u & ((uint8)((uint8)pllLock << 1) | ((CY_GET_XTND_REG8((void CYFAR *)CYREG_FASTCLK_
 200:Generated_Source\PSoC5/cyfitter_cfg.c **** 		CyDelayCycles(10u * 48u); /* Delay 10us based on 48MHz clock */
 201:Generated_Source\PSoC5/cyfitter_cfg.c **** 	}
 202:Generated_Source\PSoC5/cyfitter_cfg.c **** 	/* If we ran out of time the PLL didn't lock so go to the error function */
 203:Generated_Source\PSoC5/cyfitter_cfg.c **** 	if (timeout == 0u)
 204:Generated_Source\PSoC5/cyfitter_cfg.c **** 	{
 205:Generated_Source\PSoC5/cyfitter_cfg.c **** 		CyClockStartupError(CYCLOCKSTART_PLL_ERROR);
 206:Generated_Source\PSoC5/cyfitter_cfg.c **** 	}
 207:Generated_Source\PSoC5/cyfitter_cfg.c **** 
 208:Generated_Source\PSoC5/cyfitter_cfg.c **** 	/* Configure Bus/Master Clock based on settings from Clock DWR */
 209:Generated_Source\PSoC5/cyfitter_cfg.c **** 	CY_SET_XTND_REG16((void CYFAR *)(CYREG_CLKDIST_MSTR0), 0x0100u);
 210:Generated_Source\PSoC5/cyfitter_cfg.c **** 	CY_SET_XTND_REG8((void CYFAR *)(CYREG_CLKDIST_MSTR0), 0x07u);
 211:Generated_Source\PSoC5/cyfitter_cfg.c **** 	CY_SET_XTND_REG8((void CYFAR *)(CYREG_CLKDIST_BCFG0), 0x00u);
 212:Generated_Source\PSoC5/cyfitter_cfg.c **** 	CY_SET_XTND_REG8((void CYFAR *)(CYREG_CLKDIST_BCFG2), 0x48u);
 213:Generated_Source\PSoC5/cyfitter_cfg.c **** 	CY_SET_XTND_REG8((void CYFAR *)(CYREG_CLKDIST_MSTR0), 0x00u);
 214:Generated_Source\PSoC5/cyfitter_cfg.c **** 	CY_SET_XTND_REG8((void CYFAR *)(CYREG_CLKDIST_LD), 0x02u);
 215:Generated_Source\PSoC5/cyfitter_cfg.c **** }
 216:Generated_Source\PSoC5/cyfitter_cfg.c **** 
 217:Generated_Source\PSoC5/cyfitter_cfg.c **** 
 218:Generated_Source\PSoC5/cyfitter_cfg.c **** /* Analog API Functions */
 219:Generated_Source\PSoC5/cyfitter_cfg.c **** 
 220:Generated_Source\PSoC5/cyfitter_cfg.c **** 
 221:Generated_Source\PSoC5/cyfitter_cfg.c **** /*******************************************************************************
 222:Generated_Source\PSoC5/cyfitter_cfg.c **** * Function Name: AnalogSetDefault
 223:Generated_Source\PSoC5/cyfitter_cfg.c **** ********************************************************************************
 224:Generated_Source\PSoC5/cyfitter_cfg.c **** *
 225:Generated_Source\PSoC5/cyfitter_cfg.c **** * Summary:
 226:Generated_Source\PSoC5/cyfitter_cfg.c **** *  Sets up the analog portions of the chip to default values based on chip
 227:Generated_Source\PSoC5/cyfitter_cfg.c **** *  configuration options from the project.
 228:Generated_Source\PSoC5/cyfitter_cfg.c **** *
 229:Generated_Source\PSoC5/cyfitter_cfg.c **** * Parameters:
 230:Generated_Source\PSoC5/cyfitter_cfg.c **** *  void
 231:Generated_Source\PSoC5/cyfitter_cfg.c **** *
 232:Generated_Source\PSoC5/cyfitter_cfg.c **** * Return:
 233:Generated_Source\PSoC5/cyfitter_cfg.c **** *  void
 234:Generated_Source\PSoC5/cyfitter_cfg.c **** *
 235:Generated_Source\PSoC5/cyfitter_cfg.c **** *******************************************************************************/
 236:Generated_Source\PSoC5/cyfitter_cfg.c **** static void AnalogSetDefault(void);
 237:Generated_Source\PSoC5/cyfitter_cfg.c **** static void AnalogSetDefault(void)
 238:Generated_Source\PSoC5/cyfitter_cfg.c **** {
  46              		.loc 1 238 0
  47              		.cfi_startproc
ARM GAS  C:\Users\Fischer\AppData\Local\Temp\ccTyR7Y7.s 			page 6


  48              		@ args = 0, pretend = 0, frame = 0
  49              		@ frame_needed = 0, uses_anonymous_args = 0
  50              		@ link register save eliminated.
 239:Generated_Source\PSoC5/cyfitter_cfg.c **** 	uint8 bg_xover_inl_trim = CY_GET_XTND_REG8((void CYFAR *)(CYREG_FLSHID_MFG_CFG_BG_XOVER_INL_TRIM +
  51              		.loc 1 239 0
  52 0000 064B     		ldr	r3, .L4
  53 0002 1B78     		ldrb	r3, [r3]	@ zero_extendqisi2
  54 0004 DBB2     		uxtb	r3, r3
  55              	.LVL1:
 240:Generated_Source\PSoC5/cyfitter_cfg.c **** 	CY_SET_XTND_REG8((void CYFAR *)(CYREG_BG_DFT0), (bg_xover_inl_trim & 0x07u));
  56              		.loc 1 240 0
  57 0006 03F00701 		and	r1, r3, #7
  58 000a 054A     		ldr	r2, .L4+4
  59 000c 1170     		strb	r1, [r2]
 241:Generated_Source\PSoC5/cyfitter_cfg.c **** 	CY_SET_XTND_REG8((void CYFAR *)(CYREG_BG_DFT1), ((bg_xover_inl_trim >> 4) & 0x0Fu));
  60              		.loc 1 241 0
  61 000e 1B09     		lsrs	r3, r3, #4
  62              	.LVL2:
  63 0010 0132     		adds	r2, r2, #1
  64 0012 1370     		strb	r3, [r2]
 242:Generated_Source\PSoC5/cyfitter_cfg.c **** 	CY_SET_XTND_REG8((void CYFAR *)CYREG_PUMP_CR0, 0x44u);
  65              		.loc 1 242 0
  66 0014 4422     		movs	r2, #68
  67 0016 034B     		ldr	r3, .L4+8
  68 0018 1A70     		strb	r2, [r3]
  69 001a 7047     		bx	lr
  70              	.L5:
  71              		.align	2
  72              	.L4:
  73 001c CF010049 		.word	1224737231
  74 0020 6E580040 		.word	1073764462
  75 0024 76580040 		.word	1073764470
  76              		.cfi_endproc
  77              	.LFE5:
  78              		.size	AnalogSetDefault, .-AnalogSetDefault
  79              		.section	.text.CYMEMZERO,"ax",%progbits
  80              		.align	2
  81              		.thumb
  82              		.thumb_func
  83              		.type	CYMEMZERO, %function
  84              	CYMEMZERO:
  85              	.LFB0:
  78:Generated_Source\PSoC5/cyfitter_cfg.c **** 	(void)memset(s, 0, n);
  86              		.loc 1 78 0
  87              		.cfi_startproc
  88              		@ args = 0, pretend = 0, frame = 0
  89              		@ frame_needed = 0, uses_anonymous_args = 0
  90              	.LVL3:
  91 0000 08B5     		push	{r3, lr}
  92              		.cfi_def_cfa_offset 8
  93              		.cfi_offset 3, -8
  94              		.cfi_offset 14, -4
  79:Generated_Source\PSoC5/cyfitter_cfg.c **** }
  95              		.loc 1 79 0
  96 0002 0A46     		mov	r2, r1
  97 0004 0021     		movs	r1, #0
  98              	.LVL4:
ARM GAS  C:\Users\Fischer\AppData\Local\Temp\ccTyR7Y7.s 			page 7


  99 0006 FFF7FEFF 		bl	memset
 100              	.LVL5:
 101 000a 08BD     		pop	{r3, pc}
 102              		.cfi_endproc
 103              	.LFE0:
 104              		.size	CYMEMZERO, .-CYMEMZERO
 105              		.section	.text.ClockSetup,"ax",%progbits
 106              		.align	2
 107              		.thumb
 108              		.thumb_func
 109              		.type	ClockSetup, %function
 110              	ClockSetup:
 111              	.LFB4:
 179:Generated_Source\PSoC5/cyfitter_cfg.c **** 	uint32 timeout;
 112              		.loc 1 179 0
 113              		.cfi_startproc
 114              		@ args = 0, pretend = 0, frame = 0
 115              		@ frame_needed = 0, uses_anonymous_args = 0
 116 0000 38B5     		push	{r3, r4, r5, lr}
 117              		.cfi_def_cfa_offset 16
 118              		.cfi_offset 3, -16
 119              		.cfi_offset 4, -12
 120              		.cfi_offset 5, -8
 121              		.cfi_offset 14, -4
 185:Generated_Source\PSoC5/cyfitter_cfg.c **** 	CY_SET_XTND_REG8((void CYFAR *)(CYREG_CLKDIST_CR), 0x08u);
 122              		.loc 1 185 0
 123 0002 0222     		movs	r2, #2
 124 0004 1E4B     		ldr	r3, .L14
 125 0006 1A70     		strb	r2, [r3]
 186:Generated_Source\PSoC5/cyfitter_cfg.c **** 
 126              		.loc 1 186 0
 127 0008 0822     		movs	r2, #8
 128 000a 4FF04023 		mov	r3, #1073758208
 129 000e 1A70     		strb	r2, [r3]
 189:Generated_Source\PSoC5/cyfitter_cfg.c **** 	CY_SET_XTND_REG8((void CYFAR *)(CYREG_IMO_TR1), (CY_GET_XTND_REG8((void CYFAR *)CYREG_FLSHID_CUST_
 130              		.loc 1 189 0
 131 0010 0321     		movs	r1, #3
 132 0012 03F50073 		add	r3, r3, #512
 133 0016 1970     		strb	r1, [r3]
 190:Generated_Source\PSoC5/cyfitter_cfg.c **** 
 134              		.loc 1 190 0
 135 0018 1A4B     		ldr	r3, .L14+4
 136 001a 1B78     		ldrb	r3, [r3]	@ zero_extendqisi2
 137 001c DBB2     		uxtb	r3, r3
 138 001e 1A49     		ldr	r1, .L14+8
 139 0020 0B70     		strb	r3, [r1]
 193:Generated_Source\PSoC5/cyfitter_cfg.c **** 	CY_SET_XTND_REG16((void CYFAR *)(CYREG_FASTCLK_PLL_CFG0), 0x1251u);
 140              		.loc 1 193 0
 141 0022 1A4B     		ldr	r3, .L14+12
 142 0024 1A80     		strh	r2, [r3]	@ movhi
 194:Generated_Source\PSoC5/cyfitter_cfg.c **** 	/* Wait up to 250us for the PLL to lock */
 143              		.loc 1 194 0
 144 0026 41F25122 		movw	r2, #4689
 145 002a 023B     		subs	r3, r3, #2
 146 002c 1A80     		strh	r2, [r3]	@ movhi
 147              	.LVL6:
 196:Generated_Source\PSoC5/cyfitter_cfg.c **** 	for (timeout = 250u / 10u; (timeout > 0u) && (pllLock != 0x03u); timeout--)
ARM GAS  C:\Users\Fischer\AppData\Local\Temp\ccTyR7Y7.s 			page 8


 148              		.loc 1 196 0
 149 002e 0024     		movs	r4, #0
 197:Generated_Source\PSoC5/cyfitter_cfg.c **** 	{ 
 150              		.loc 1 197 0
 151 0030 1925     		movs	r5, #25
 152 0032 0CE0     		b	.L9
 153              	.LVL7:
 154              	.L11:
 199:Generated_Source\PSoC5/cyfitter_cfg.c **** 		CyDelayCycles(10u * 48u); /* Delay 10us based on 48MHz clock */
 155              		.loc 1 199 0 discriminator 4
 156 0034 164B     		ldr	r3, .L14+16
 157 0036 1B78     		ldrb	r3, [r3]	@ zero_extendqisi2
 158 0038 03F00103 		and	r3, r3, #1
 159 003c 43EA4404 		orr	r4, r3, r4, lsl #1
 160              	.LVL8:
 161 0040 04F00304 		and	r4, r4, #3
 162              	.LVL9:
 200:Generated_Source\PSoC5/cyfitter_cfg.c **** 	}
 163              		.loc 1 200 0 discriminator 4
 164 0044 4FF4F070 		mov	r0, #480
 165 0048 FFF7FEFF 		bl	CyDelayCycles
 166              	.LVL10:
 197:Generated_Source\PSoC5/cyfitter_cfg.c **** 	{ 
 167              		.loc 1 197 0 discriminator 4
 168 004c 013D     		subs	r5, r5, #1
 169              	.LVL11:
 170              	.L9:
 197:Generated_Source\PSoC5/cyfitter_cfg.c **** 	{ 
 171              		.loc 1 197 0 is_stmt 0 discriminator 1
 172 004e 0DB1     		cbz	r5, .L10
 197:Generated_Source\PSoC5/cyfitter_cfg.c **** 	{ 
 173              		.loc 1 197 0 discriminator 3
 174 0050 032C     		cmp	r4, #3
 175 0052 EFD1     		bne	.L11
 176              	.L10:
 203:Generated_Source\PSoC5/cyfitter_cfg.c **** 	{
 177              		.loc 1 203 0 is_stmt 1
 178 0054 15B9     		cbnz	r5, .L12
 205:Generated_Source\PSoC5/cyfitter_cfg.c **** 	}
 179              		.loc 1 205 0
 180 0056 0320     		movs	r0, #3
 181 0058 FFF7FEFF 		bl	CyClockStartupError
 182              	.LVL12:
 183              	.L12:
 209:Generated_Source\PSoC5/cyfitter_cfg.c **** 	CY_SET_XTND_REG8((void CYFAR *)(CYREG_CLKDIST_MSTR0), 0x07u);
 184              		.loc 1 209 0
 185 005c 0D4B     		ldr	r3, .L14+20
 186 005e 4FF48072 		mov	r2, #256
 187 0062 1A80     		strh	r2, [r3]	@ movhi
 210:Generated_Source\PSoC5/cyfitter_cfg.c **** 	CY_SET_XTND_REG8((void CYFAR *)(CYREG_CLKDIST_BCFG0), 0x00u);
 188              		.loc 1 210 0
 189 0064 0722     		movs	r2, #7
 190 0066 1A70     		strb	r2, [r3]
 211:Generated_Source\PSoC5/cyfitter_cfg.c **** 	CY_SET_XTND_REG8((void CYFAR *)(CYREG_CLKDIST_BCFG2), 0x48u);
 191              		.loc 1 211 0
 192 0068 0022     		movs	r2, #0
 193 006a 0B49     		ldr	r1, .L14+24
ARM GAS  C:\Users\Fischer\AppData\Local\Temp\ccTyR7Y7.s 			page 9


 194 006c 0A70     		strb	r2, [r1]
 212:Generated_Source\PSoC5/cyfitter_cfg.c **** 	CY_SET_XTND_REG8((void CYFAR *)(CYREG_CLKDIST_MSTR0), 0x00u);
 195              		.loc 1 212 0
 196 006e 4820     		movs	r0, #72
 197 0070 0231     		adds	r1, r1, #2
 198 0072 0870     		strb	r0, [r1]
 213:Generated_Source\PSoC5/cyfitter_cfg.c **** 	CY_SET_XTND_REG8((void CYFAR *)(CYREG_CLKDIST_LD), 0x02u);
 199              		.loc 1 213 0
 200 0074 1A70     		strb	r2, [r3]
 214:Generated_Source\PSoC5/cyfitter_cfg.c **** }
 201              		.loc 1 214 0
 202 0076 0222     		movs	r2, #2
 203 0078 033B     		subs	r3, r3, #3
 204 007a 1A70     		strb	r2, [r3]
 205 007c 38BD     		pop	{r3, r4, r5, pc}
 206              	.LVL13:
 207              	.L15:
 208 007e 00BF     		.align	2
 209              	.L14:
 210 0080 00430040 		.word	1073758976
 211 0084 08010049 		.word	1224737032
 212 0088 A1460040 		.word	1073759905
 213 008c 22420040 		.word	1073758754
 214 0090 25420040 		.word	1073758757
 215 0094 04400040 		.word	1073758212
 216 0098 06400040 		.word	1073758214
 217              		.cfi_endproc
 218              	.LFE4:
 219              		.size	ClockSetup, .-ClockSetup
 220              		.section	.text.CYCONFIGCPY,"ax",%progbits
 221              		.align	2
 222              		.thumb
 223              		.thumb_func
 224              		.type	CYCONFIGCPY, %function
 225              	CYCONFIGCPY:
 226              	.LFB1:
  85:Generated_Source\PSoC5/cyfitter_cfg.c **** 	(void)memcpy(dest, src, n);
 227              		.loc 1 85 0
 228              		.cfi_startproc
 229              		@ args = 0, pretend = 0, frame = 0
 230              		@ frame_needed = 0, uses_anonymous_args = 0
 231              	.LVL14:
 232 0000 08B5     		push	{r3, lr}
 233              		.cfi_def_cfa_offset 8
 234              		.cfi_offset 3, -8
 235              		.cfi_offset 14, -4
  86:Generated_Source\PSoC5/cyfitter_cfg.c **** }
 236              		.loc 1 86 0
 237 0002 FFF7FEFF 		bl	memcpy
 238              	.LVL15:
 239 0006 08BD     		pop	{r3, pc}
 240              		.cfi_endproc
 241              	.LFE1:
 242              		.size	CYCONFIGCPY, .-CYCONFIGCPY
 243              		.section	.text.SetAnalogRoutingPumps,"ax",%progbits
 244              		.align	2
 245              		.global	SetAnalogRoutingPumps
ARM GAS  C:\Users\Fischer\AppData\Local\Temp\ccTyR7Y7.s 			page 10


 246              		.thumb
 247              		.thumb_func
 248              		.type	SetAnalogRoutingPumps, %function
 249              	SetAnalogRoutingPumps:
 250              	.LFB6:
 243:Generated_Source\PSoC5/cyfitter_cfg.c **** }
 244:Generated_Source\PSoC5/cyfitter_cfg.c **** 
 245:Generated_Source\PSoC5/cyfitter_cfg.c **** 
 246:Generated_Source\PSoC5/cyfitter_cfg.c **** /*******************************************************************************
 247:Generated_Source\PSoC5/cyfitter_cfg.c **** * Function Name: SetAnalogRoutingPumps
 248:Generated_Source\PSoC5/cyfitter_cfg.c **** ********************************************************************************
 249:Generated_Source\PSoC5/cyfitter_cfg.c **** *
 250:Generated_Source\PSoC5/cyfitter_cfg.c **** * Summary:
 251:Generated_Source\PSoC5/cyfitter_cfg.c **** * Enables or disables the analog pumps feeding analog routing switches.
 252:Generated_Source\PSoC5/cyfitter_cfg.c **** * Intended to be called at startup, based on the Vdda system configuration;
 253:Generated_Source\PSoC5/cyfitter_cfg.c **** * may be called during operation when the user informs us that the Vdda voltage
 254:Generated_Source\PSoC5/cyfitter_cfg.c **** * crossed the pump threshold.
 255:Generated_Source\PSoC5/cyfitter_cfg.c **** *
 256:Generated_Source\PSoC5/cyfitter_cfg.c **** * Parameters:
 257:Generated_Source\PSoC5/cyfitter_cfg.c **** *  enabled - 1 to enable the pumps, 0 to disable the pumps
 258:Generated_Source\PSoC5/cyfitter_cfg.c **** *
 259:Generated_Source\PSoC5/cyfitter_cfg.c **** * Return:
 260:Generated_Source\PSoC5/cyfitter_cfg.c **** *  void
 261:Generated_Source\PSoC5/cyfitter_cfg.c **** *
 262:Generated_Source\PSoC5/cyfitter_cfg.c **** *******************************************************************************/
 263:Generated_Source\PSoC5/cyfitter_cfg.c **** void SetAnalogRoutingPumps(uint8 enabled)
 264:Generated_Source\PSoC5/cyfitter_cfg.c **** {
 251              		.loc 1 264 0
 252              		.cfi_startproc
 253              		@ args = 0, pretend = 0, frame = 0
 254              		@ frame_needed = 0, uses_anonymous_args = 0
 255              		@ link register save eliminated.
 256              	.LVL16:
 265:Generated_Source\PSoC5/cyfitter_cfg.c **** 	uint8 regValue = CY_GET_XTND_REG8((void CYFAR *)CYREG_PUMP_CR0);
 257              		.loc 1 265 0
 258 0000 024A     		ldr	r2, .L19
 259 0002 1378     		ldrb	r3, [r2]	@ zero_extendqisi2
 260 0004 DBB2     		uxtb	r3, r3
 261              	.LVL17:
 266:Generated_Source\PSoC5/cyfitter_cfg.c **** 	if (enabled != 0u)
 267:Generated_Source\PSoC5/cyfitter_cfg.c **** 	{
 268:Generated_Source\PSoC5/cyfitter_cfg.c **** 		regValue |= 0x00u;
 269:Generated_Source\PSoC5/cyfitter_cfg.c **** 	}
 270:Generated_Source\PSoC5/cyfitter_cfg.c **** 	else
 271:Generated_Source\PSoC5/cyfitter_cfg.c **** 	{
 272:Generated_Source\PSoC5/cyfitter_cfg.c **** 		regValue &= (uint8)~0x00u;
 273:Generated_Source\PSoC5/cyfitter_cfg.c **** 	}
 274:Generated_Source\PSoC5/cyfitter_cfg.c **** 	CY_SET_XTND_REG8((void CYFAR *)CYREG_PUMP_CR0, regValue);
 262              		.loc 1 274 0
 263 0006 1370     		strb	r3, [r2]
 264 0008 7047     		bx	lr
 265              	.L20:
 266 000a 00BF     		.align	2
 267              	.L19:
 268 000c 76580040 		.word	1073764470
 269              		.cfi_endproc
 270              	.LFE6:
ARM GAS  C:\Users\Fischer\AppData\Local\Temp\ccTyR7Y7.s 			page 11


 271              		.size	SetAnalogRoutingPumps, .-SetAnalogRoutingPumps
 272              		.section	.text.cyfitter_cfg,"ax",%progbits
 273              		.align	2
 274              		.global	cyfitter_cfg
 275              		.thumb
 276              		.thumb_func
 277              		.type	cyfitter_cfg, %function
 278              	cyfitter_cfg:
 279              	.LFB7:
 275:Generated_Source\PSoC5/cyfitter_cfg.c **** }
 276:Generated_Source\PSoC5/cyfitter_cfg.c **** 
 277:Generated_Source\PSoC5/cyfitter_cfg.c **** 
 278:Generated_Source\PSoC5/cyfitter_cfg.c **** 
 279:Generated_Source\PSoC5/cyfitter_cfg.c **** 
 280:Generated_Source\PSoC5/cyfitter_cfg.c **** /*******************************************************************************
 281:Generated_Source\PSoC5/cyfitter_cfg.c **** * Function Name: cyfitter_cfg
 282:Generated_Source\PSoC5/cyfitter_cfg.c **** ********************************************************************************
 283:Generated_Source\PSoC5/cyfitter_cfg.c **** * Summary:
 284:Generated_Source\PSoC5/cyfitter_cfg.c **** *  This function is called by the start-up code for the selected device. It
 285:Generated_Source\PSoC5/cyfitter_cfg.c **** *  performs all of the necessary device configuration based on the design
 286:Generated_Source\PSoC5/cyfitter_cfg.c **** *  settings.  This includes settings from the Design Wide Resources (DWR) such
 287:Generated_Source\PSoC5/cyfitter_cfg.c **** *  as Clocks and Pins as well as any component configuration that is necessary.
 288:Generated_Source\PSoC5/cyfitter_cfg.c **** *
 289:Generated_Source\PSoC5/cyfitter_cfg.c **** * Parameters:
 290:Generated_Source\PSoC5/cyfitter_cfg.c **** *   void
 291:Generated_Source\PSoC5/cyfitter_cfg.c **** *
 292:Generated_Source\PSoC5/cyfitter_cfg.c **** * Return:
 293:Generated_Source\PSoC5/cyfitter_cfg.c **** *   void
 294:Generated_Source\PSoC5/cyfitter_cfg.c **** *
 295:Generated_Source\PSoC5/cyfitter_cfg.c **** *******************************************************************************/
 296:Generated_Source\PSoC5/cyfitter_cfg.c **** 
 297:Generated_Source\PSoC5/cyfitter_cfg.c **** void cyfitter_cfg(void)
 298:Generated_Source\PSoC5/cyfitter_cfg.c **** {
 280              		.loc 1 298 0
 281              		.cfi_startproc
 282              		@ args = 0, pretend = 0, frame = 0
 283              		@ frame_needed = 0, uses_anonymous_args = 0
 284 0000 38B5     		push	{r3, r4, r5, lr}
 285              		.cfi_def_cfa_offset 16
 286              		.cfi_offset 3, -16
 287              		.cfi_offset 4, -12
 288              		.cfi_offset 5, -8
 289              		.cfi_offset 14, -4
 299:Generated_Source\PSoC5/cyfitter_cfg.c **** #ifdef CYGlobalIntDisable
 300:Generated_Source\PSoC5/cyfitter_cfg.c **** 	/* Disable interrupts by default. Let user enable if/when they want. */
 301:Generated_Source\PSoC5/cyfitter_cfg.c **** 	CYGlobalIntDisable
 290              		.loc 1 301 0
 291              		.syntax unified
 292              	@ 301 "Generated_Source\PSoC5\cyfitter_cfg.c" 1
 293 0002 72B6     		CPSID   i
 294              	@ 0 "" 2
 302:Generated_Source\PSoC5/cyfitter_cfg.c **** #endif
 303:Generated_Source\PSoC5/cyfitter_cfg.c **** 
 304:Generated_Source\PSoC5/cyfitter_cfg.c **** 	/* Enable/Disable Debug functionality based on settings from System DWR */
 305:Generated_Source\PSoC5/cyfitter_cfg.c **** 	CY_SET_XTND_REG8((void CYFAR *)CYREG_MLOGIC_DEBUG, (CY_GET_XTND_REG8((void CYFAR *)CYREG_MLOGIC_DE
 295              		.loc 1 305 0
 296              		.thumb
ARM GAS  C:\Users\Fischer\AppData\Local\Temp\ccTyR7Y7.s 			page 12


 297              		.syntax unified
 298 0004 234A     		ldr	r2, .L25
 299 0006 1378     		ldrb	r3, [r2]	@ zero_extendqisi2
 300 0008 43F00403 		orr	r3, r3, #4
 301 000c 1370     		strb	r3, [r2]
 302              	.LVL18:
 303              	.LBB2:
 306:Generated_Source\PSoC5/cyfitter_cfg.c **** 
 307:Generated_Source\PSoC5/cyfitter_cfg.c **** 	{
 308:Generated_Source\PSoC5/cyfitter_cfg.c **** 
 309:Generated_Source\PSoC5/cyfitter_cfg.c **** 		CYPACKED typedef struct {
 310:Generated_Source\PSoC5/cyfitter_cfg.c **** 			void CYFAR *address;
 311:Generated_Source\PSoC5/cyfitter_cfg.c **** 			uint16 size;
 312:Generated_Source\PSoC5/cyfitter_cfg.c **** 		} CYPACKED_ATTR cfg_memset_t;
 313:Generated_Source\PSoC5/cyfitter_cfg.c **** 
 314:Generated_Source\PSoC5/cyfitter_cfg.c **** 		static const cfg_memset_t CYCODE cfg_memset_list[] = {
 315:Generated_Source\PSoC5/cyfitter_cfg.c **** 			/* address, size */
 316:Generated_Source\PSoC5/cyfitter_cfg.c **** 			{(void CYFAR *)(CYREG_PRT2_DR), 80u},
 317:Generated_Source\PSoC5/cyfitter_cfg.c **** 			{(void CYFAR *)(CYREG_PRT12_DR), 16u},
 318:Generated_Source\PSoC5/cyfitter_cfg.c **** 			{(void CYFAR *)(CYDEV_UCFG_B0_P0_U0_BASE), 4096u},
 319:Generated_Source\PSoC5/cyfitter_cfg.c **** 			{(void CYFAR *)(CYDEV_UCFG_B1_P2_U0_BASE), 2048u},
 320:Generated_Source\PSoC5/cyfitter_cfg.c **** 			{(void CYFAR *)(CYDEV_UCFG_DSI0_BASE), 2560u},
 321:Generated_Source\PSoC5/cyfitter_cfg.c **** 			{(void CYFAR *)(CYDEV_UCFG_DSI12_BASE), 512u},
 322:Generated_Source\PSoC5/cyfitter_cfg.c **** 			{(void CYFAR *)(CYREG_BCTL0_MDCLK_EN), 32u},
 323:Generated_Source\PSoC5/cyfitter_cfg.c **** 		};
 324:Generated_Source\PSoC5/cyfitter_cfg.c **** 
 325:Generated_Source\PSoC5/cyfitter_cfg.c **** 		uint8 CYDATA i;
 326:Generated_Source\PSoC5/cyfitter_cfg.c **** 
 327:Generated_Source\PSoC5/cyfitter_cfg.c **** 		/* Zero out critical memory blocks before beginning configuration */
 328:Generated_Source\PSoC5/cyfitter_cfg.c **** 		for (i = 0u; i < (sizeof(cfg_memset_list)/sizeof(cfg_memset_list[0])); i++)
 304              		.loc 1 328 0
 305 000e 0024     		movs	r4, #0
 306 0010 0CE0     		b	.L22
 307              	.LVL19:
 308              	.L23:
 309              	.LBB3:
 329:Generated_Source\PSoC5/cyfitter_cfg.c **** 		{
 330:Generated_Source\PSoC5/cyfitter_cfg.c **** 			const cfg_memset_t CYCODE * CYDATA ms = &cfg_memset_list[i];
 331:Generated_Source\PSoC5/cyfitter_cfg.c **** 			CYMEMZERO(ms->address, (size_t)(uint32)(ms->size));
 310              		.loc 1 331 0 discriminator 3
 311 0012 214D     		ldr	r5, .L25+4
 312 0014 6300     		lsls	r3, r4, #1
 313 0016 1919     		adds	r1, r3, r4
 314 0018 4A00     		lsls	r2, r1, #1
 315 001a 1146     		mov	r1, r2
 316 001c 2A44     		add	r2, r2, r5
 317 001e 0846     		mov	r0, r1
 318 0020 9188     		ldrh	r1, [r2, #4]
 319 0022 2858     		ldr	r0, [r5, r0]	@ unaligned
 320 0024 FFF7FEFF 		bl	CYMEMZERO
 321              	.LVL20:
 322              	.LBE3:
 328:Generated_Source\PSoC5/cyfitter_cfg.c **** 		{
 323              		.loc 1 328 0 discriminator 3
 324 0028 0134     		adds	r4, r4, #1
 325              	.LVL21:
 326 002a E4B2     		uxtb	r4, r4
ARM GAS  C:\Users\Fischer\AppData\Local\Temp\ccTyR7Y7.s 			page 13


 327              	.LVL22:
 328              	.L22:
 328:Generated_Source\PSoC5/cyfitter_cfg.c **** 		{
 329              		.loc 1 328 0 is_stmt 0 discriminator 1
 330 002c 062C     		cmp	r4, #6
 331 002e F0D9     		bls	.L23
 332:Generated_Source\PSoC5/cyfitter_cfg.c **** 		}
 333:Generated_Source\PSoC5/cyfitter_cfg.c **** 
 334:Generated_Source\PSoC5/cyfitter_cfg.c **** 		/* Enable digital routing */
 335:Generated_Source\PSoC5/cyfitter_cfg.c **** 		CY_SET_XTND_REG8((void CYFAR *)CYREG_BCTL0_BANK_CTL, CY_GET_XTND_REG8((void CYFAR *)CYREG_BCTL0_B
 332              		.loc 1 335 0 is_stmt 1
 333 0030 1A4A     		ldr	r2, .L25+8
 334 0032 1378     		ldrb	r3, [r2]	@ zero_extendqisi2
 335 0034 43F00203 		orr	r3, r3, #2
 336 0038 1370     		strb	r3, [r2]
 336:Generated_Source\PSoC5/cyfitter_cfg.c **** 		CY_SET_XTND_REG8((void CYFAR *)CYREG_BCTL1_BANK_CTL, CY_GET_XTND_REG8((void CYFAR *)CYREG_BCTL1_B
 337              		.loc 1 336 0
 338 003a 1032     		adds	r2, r2, #16
 339 003c 1378     		ldrb	r3, [r2]	@ zero_extendqisi2
 340 003e 43F00203 		orr	r3, r3, #2
 341 0042 1370     		strb	r3, [r2]
 342              	.LBE2:
 337:Generated_Source\PSoC5/cyfitter_cfg.c **** 	}
 338:Generated_Source\PSoC5/cyfitter_cfg.c **** 
 339:Generated_Source\PSoC5/cyfitter_cfg.c **** 
 340:Generated_Source\PSoC5/cyfitter_cfg.c **** 	/* Perform second pass device configuration. These items must be configured in specific order afte
 341:Generated_Source\PSoC5/cyfitter_cfg.c **** 	CYCONFIGCPY((void CYFAR *)(CYREG_PRT0_DM0), (const void CYFAR *)(BS_IOPINS0_0_VAL), 8u);
 343              		.loc 1 341 0
 344 0044 0822     		movs	r2, #8
 345 0046 4FF09041 		mov	r1, #1207959552
 346 004a 1548     		ldr	r0, .L25+12
 347 004c FFF7FEFF 		bl	CYCONFIGCPY
 348              	.LVL23:
 342:Generated_Source\PSoC5/cyfitter_cfg.c **** 	CYCONFIGCPY((void CYFAR *)(CYREG_PRT15_DM0), (const void CYFAR *)(BS_IOPINS0_8_VAL), 8u);
 349              		.loc 1 342 0
 350 0050 0822     		movs	r2, #8
 351 0052 1449     		ldr	r1, .L25+16
 352 0054 1448     		ldr	r0, .L25+20
 353 0056 FFF7FEFF 		bl	CYCONFIGCPY
 354              	.LVL24:
 343:Generated_Source\PSoC5/cyfitter_cfg.c **** 	CYCONFIGCPY((void CYFAR *)(CYREG_PRT1_DM0), (const void CYFAR *)(BS_IOPINS0_1_VAL), 8u);
 355              		.loc 1 343 0
 356 005a 0822     		movs	r2, #8
 357 005c 1349     		ldr	r1, .L25+24
 358 005e 1448     		ldr	r0, .L25+28
 359 0060 FFF7FEFF 		bl	CYCONFIGCPY
 360              	.LVL25:
 344:Generated_Source\PSoC5/cyfitter_cfg.c **** 	/* Switch Boost to the precision bandgap reference from its internal reference */
 345:Generated_Source\PSoC5/cyfitter_cfg.c **** 	CY_SET_REG8((void CYXDATA *)CYREG_BOOST_CR2, (CY_GET_REG8((void CYXDATA *)CYREG_BOOST_CR2) | 0x08u
 361              		.loc 1 345 0
 362 0064 134A     		ldr	r2, .L25+32
 363 0066 1378     		ldrb	r3, [r2]	@ zero_extendqisi2
 364 0068 43F00803 		orr	r3, r3, #8
 365 006c 1370     		strb	r3, [r2]
 346:Generated_Source\PSoC5/cyfitter_cfg.c **** 
 347:Generated_Source\PSoC5/cyfitter_cfg.c **** 	/* Set Flash Cycles based on max possible frequency in case a glitch occurs during ClockSetup(). *
 348:Generated_Source\PSoC5/cyfitter_cfg.c **** 	CY_SET_XTND_REG8((void CYFAR *)(CYREG_CACHE_CC_CTL), (((CYDEV_INSTRUCT_CACHE_ENABLED) != 0) ? 0x61
ARM GAS  C:\Users\Fischer\AppData\Local\Temp\ccTyR7Y7.s 			page 14


 366              		.loc 1 348 0
 367 006e 124C     		ldr	r4, .L25+36
 368              	.LVL26:
 369 0070 6123     		movs	r3, #97
 370 0072 2370     		strb	r3, [r4]
 349:Generated_Source\PSoC5/cyfitter_cfg.c **** 	/* Setup clocks based on selections from Clock DWR */
 350:Generated_Source\PSoC5/cyfitter_cfg.c **** 	ClockSetup();
 371              		.loc 1 350 0
 372 0074 FFF7FEFF 		bl	ClockSetup
 373              	.LVL27:
 351:Generated_Source\PSoC5/cyfitter_cfg.c **** 	/* Set Flash Cycles based on newly configured 24.00MHz Bus Clock. */
 352:Generated_Source\PSoC5/cyfitter_cfg.c **** 	CY_SET_XTND_REG8((void CYFAR *)(CYREG_CACHE_CC_CTL), (((CYDEV_INSTRUCT_CACHE_ENABLED) != 0) ? 0x81
 374              		.loc 1 352 0
 375 0078 8123     		movs	r3, #129
 376 007a 2370     		strb	r3, [r4]
 353:Generated_Source\PSoC5/cyfitter_cfg.c **** 	CY_SET_XTND_REG8((void CYFAR *)(CYREG_PANTHER_WAITPIPE), 0x01u);
 377              		.loc 1 353 0
 378 007c 0122     		movs	r2, #1
 379 007e 0F4B     		ldr	r3, .L25+40
 380 0080 1A70     		strb	r2, [r3]
 354:Generated_Source\PSoC5/cyfitter_cfg.c **** 
 355:Generated_Source\PSoC5/cyfitter_cfg.c **** 	/* Perform basic analog initialization to defaults */
 356:Generated_Source\PSoC5/cyfitter_cfg.c **** 	AnalogSetDefault();
 381              		.loc 1 356 0
 382 0082 FFF7FEFF 		bl	AnalogSetDefault
 383              	.LVL28:
 357:Generated_Source\PSoC5/cyfitter_cfg.c **** 
 358:Generated_Source\PSoC5/cyfitter_cfg.c **** 	/* Configure alternate active mode */
 359:Generated_Source\PSoC5/cyfitter_cfg.c **** 	CYCONFIGCPY((void CYFAR *)CYDEV_PM_STBY_BASE, (const void CYFAR *)CYDEV_PM_ACT_BASE, 14u);
 384              		.loc 1 359 0
 385 0086 0E22     		movs	r2, #14
 386 0088 0D49     		ldr	r1, .L25+44
 387 008a 0E48     		ldr	r0, .L25+48
 388 008c FFF7FEFF 		bl	CYCONFIGCPY
 389              	.LVL29:
 390 0090 38BD     		pop	{r3, r4, r5, pc}
 391              	.L26:
 392 0092 00BF     		.align	2
 393              	.L25:
 394 0094 E8460040 		.word	1073759976
 395 0098 00000000 		.word	.LANCHOR0
 396 009c 03500140 		.word	1073827843
 397 00a0 02510040 		.word	1073762562
 398 00a4 08000048 		.word	1207959560
 399 00a8 F2510040 		.word	1073762802
 400 00ac 10000048 		.word	1207959568
 401 00b0 12510040 		.word	1073762578
 402 00b4 22430040 		.word	1073759010
 403 00b8 00480040 		.word	1073760256
 404 00bc 04000840 		.word	1074266116
 405 00c0 A0430040 		.word	1073759136
 406 00c4 B0430040 		.word	1073759152
 407              		.cfi_endproc
 408              	.LFE7:
 409              		.size	cyfitter_cfg, .-cyfitter_cfg
 410              		.section	.rodata
 411              		.align	2
ARM GAS  C:\Users\Fischer\AppData\Local\Temp\ccTyR7Y7.s 			page 15


 412              		.set	.LANCHOR0,. + 0
 413              		.type	cfg_memset_list.4992, %object
 414              		.size	cfg_memset_list.4992, 42
 415              	cfg_memset_list.4992:
 416 0000 20510040 		.word	1073762592
 417 0004 5000     		.short	80
 418 0006 C0510040 		.4byte	1073762752
 419 000a 1000     		.short	16
 420 000c 00000140 		.word	1073807360
 421 0010 0010     		.short	4096
 422 0012 00140140 		.4byte	1073812480
 423 0016 0008     		.short	2048
 424 0018 00400140 		.word	1073823744
 425 001c 000A     		.short	2560
 426 001e 004C0140 		.4byte	1073826816
 427 0022 0002     		.short	512
 428 0024 00500140 		.word	1073827840
 429 0028 2000     		.short	32
 430              		.text
 431              	.Letext0:
 432              		.file 2 "c:\\program files (x86)\\cypress\\psoc creator\\4.2\\psoc creator\\import\\gnu\\arm\\5.4.
 433              		.file 3 "Generated_Source\\PSoC5\\cytypes.h"
 434              		.file 4 "Generated_Source\\PSoC5\\CyLib.h"
 435              		.section	.debug_info,"",%progbits
 436              	.Ldebug_info0:
 437 0000 F2030000 		.4byte	0x3f2
 438 0004 0400     		.2byte	0x4
 439 0006 00000000 		.4byte	.Ldebug_abbrev0
 440 000a 04       		.byte	0x4
 441 000b 01       		.uleb128 0x1
 442 000c 8E000000 		.4byte	.LASF39
 443 0010 0C       		.byte	0xc
 444 0011 36020000 		.4byte	.LASF40
 445 0015 9A010000 		.4byte	.LASF41
 446 0019 00000000 		.4byte	.Ldebug_ranges0+0
 447 001d 00000000 		.4byte	0
 448 0021 00000000 		.4byte	.Ldebug_line0
 449 0025 02       		.uleb128 0x2
 450 0026 04       		.byte	0x4
 451 0027 05       		.byte	0x5
 452 0028 696E7400 		.ascii	"int\000"
 453 002c 03       		.uleb128 0x3
 454 002d 14000000 		.4byte	.LASF12
 455 0031 02       		.byte	0x2
 456 0032 D8       		.byte	0xd8
 457 0033 37000000 		.4byte	0x37
 458 0037 04       		.uleb128 0x4
 459 0038 04       		.byte	0x4
 460 0039 07       		.byte	0x7
 461 003a E6010000 		.4byte	.LASF0
 462 003e 04       		.uleb128 0x4
 463 003f 08       		.byte	0x8
 464 0040 05       		.byte	0x5
 465 0041 28020000 		.4byte	.LASF1
 466 0045 04       		.uleb128 0x4
 467 0046 08       		.byte	0x8
 468 0047 04       		.byte	0x4
ARM GAS  C:\Users\Fischer\AppData\Local\Temp\ccTyR7Y7.s 			page 16


 469 0048 83020000 		.4byte	.LASF2
 470 004c 04       		.uleb128 0x4
 471 004d 01       		.byte	0x1
 472 004e 06       		.byte	0x6
 473 004f A1020000 		.4byte	.LASF3
 474 0053 04       		.uleb128 0x4
 475 0054 01       		.byte	0x1
 476 0055 08       		.byte	0x8
 477 0056 59010000 		.4byte	.LASF4
 478 005a 04       		.uleb128 0x4
 479 005b 02       		.byte	0x2
 480 005c 05       		.byte	0x5
 481 005d 63020000 		.4byte	.LASF5
 482 0061 04       		.uleb128 0x4
 483 0062 02       		.byte	0x2
 484 0063 07       		.byte	0x7
 485 0064 4F000000 		.4byte	.LASF6
 486 0068 04       		.uleb128 0x4
 487 0069 04       		.byte	0x4
 488 006a 05       		.byte	0x5
 489 006b 75020000 		.4byte	.LASF7
 490 006f 04       		.uleb128 0x4
 491 0070 04       		.byte	0x4
 492 0071 07       		.byte	0x7
 493 0072 21010000 		.4byte	.LASF8
 494 0076 04       		.uleb128 0x4
 495 0077 08       		.byte	0x8
 496 0078 07       		.byte	0x7
 497 0079 FB010000 		.4byte	.LASF9
 498 007d 04       		.uleb128 0x4
 499 007e 04       		.byte	0x4
 500 007f 07       		.byte	0x7
 501 0080 1F020000 		.4byte	.LASF10
 502 0084 05       		.uleb128 0x5
 503 0085 04       		.byte	0x4
 504 0086 04       		.uleb128 0x4
 505 0087 01       		.byte	0x1
 506 0088 08       		.byte	0x8
 507 0089 7E020000 		.4byte	.LASF11
 508 008d 06       		.uleb128 0x6
 509 008e 33010000 		.4byte	.LASF13
 510 0092 03       		.byte	0x3
 511 0093 E401     		.2byte	0x1e4
 512 0095 53000000 		.4byte	0x53
 513 0099 06       		.uleb128 0x6
 514 009a 82010000 		.4byte	.LASF14
 515 009e 03       		.byte	0x3
 516 009f E501     		.2byte	0x1e5
 517 00a1 61000000 		.4byte	0x61
 518 00a5 06       		.uleb128 0x6
 519 00a6 93010000 		.4byte	.LASF15
 520 00aa 03       		.byte	0x3
 521 00ab E601     		.2byte	0x1e6
 522 00ad 6F000000 		.4byte	0x6f
 523 00b1 04       		.uleb128 0x4
 524 00b2 04       		.byte	0x4
 525 00b3 04       		.byte	0x4
ARM GAS  C:\Users\Fischer\AppData\Local\Temp\ccTyR7Y7.s 			page 17


 526 00b4 6A000000 		.4byte	.LASF16
 527 00b8 04       		.uleb128 0x4
 528 00b9 08       		.byte	0x8
 529 00ba 04       		.byte	0x4
 530 00bb 6E010000 		.4byte	.LASF17
 531 00bf 06       		.uleb128 0x6
 532 00c0 1C010000 		.4byte	.LASF18
 533 00c4 03       		.byte	0x3
 534 00c5 8E02     		.2byte	0x28e
 535 00c7 CB000000 		.4byte	0xcb
 536 00cb 07       		.uleb128 0x7
 537 00cc 8D000000 		.4byte	0x8d
 538 00d0 06       		.uleb128 0x6
 539 00d1 00000000 		.4byte	.LASF19
 540 00d5 03       		.byte	0x3
 541 00d6 8F02     		.2byte	0x28f
 542 00d8 DC000000 		.4byte	0xdc
 543 00dc 07       		.uleb128 0x7
 544 00dd 99000000 		.4byte	0x99
 545 00e1 08       		.uleb128 0x8
 546 00e2 70000000 		.4byte	.LASF42
 547 00e6 01       		.byte	0x1
 548 00e7 7F       		.byte	0x7f
 549 00e8 00000000 		.4byte	.LFB3
 550 00ec 02000000 		.4byte	.LFE3-.LFB3
 551 00f0 01       		.uleb128 0x1
 552 00f1 9C       		.byte	0x9c
 553 00f2 04010000 		.4byte	0x104
 554 00f6 09       		.uleb128 0x9
 555 00f7 89010000 		.4byte	.LASF22
 556 00fb 01       		.byte	0x1
 557 00fc 7F       		.byte	0x7f
 558 00fd 8D000000 		.4byte	0x8d
 559 0101 01       		.uleb128 0x1
 560 0102 50       		.byte	0x50
 561 0103 00       		.byte	0
 562 0104 0A       		.uleb128 0xa
 563 0105 1B000000 		.4byte	.LASF20
 564 0109 01       		.byte	0x1
 565 010a ED       		.byte	0xed
 566 010b 00000000 		.4byte	.LFB5
 567 010f 28000000 		.4byte	.LFE5-.LFB5
 568 0113 01       		.uleb128 0x1
 569 0114 9C       		.byte	0x9c
 570 0115 29010000 		.4byte	0x129
 571 0119 0B       		.uleb128 0xb
 572 011a 8F020000 		.4byte	.LASF24
 573 011e 01       		.byte	0x1
 574 011f EF       		.byte	0xef
 575 0120 8D000000 		.4byte	0x8d
 576 0124 00000000 		.4byte	.LLST0
 577 0128 00       		.byte	0
 578 0129 0A       		.uleb128 0xa
 579 012a 39010000 		.4byte	.LASF21
 580 012e 01       		.byte	0x1
 581 012f 4D       		.byte	0x4d
 582 0130 00000000 		.4byte	.LFB0
ARM GAS  C:\Users\Fischer\AppData\Local\Temp\ccTyR7Y7.s 			page 18


 583 0134 0C000000 		.4byte	.LFE0-.LFB0
 584 0138 01       		.uleb128 0x1
 585 0139 9C       		.byte	0x9c
 586 013a 76010000 		.4byte	0x176
 587 013e 0C       		.uleb128 0xc
 588 013f 7300     		.ascii	"s\000"
 589 0141 01       		.byte	0x1
 590 0142 4D       		.byte	0x4d
 591 0143 84000000 		.4byte	0x84
 592 0147 13000000 		.4byte	.LLST1
 593 014b 0C       		.uleb128 0xc
 594 014c 6E00     		.ascii	"n\000"
 595 014e 01       		.byte	0x1
 596 014f 4D       		.byte	0x4d
 597 0150 2C000000 		.4byte	0x2c
 598 0154 34000000 		.4byte	.LLST2
 599 0158 0D       		.uleb128 0xd
 600 0159 0A000000 		.4byte	.LVL5
 601 015d D8030000 		.4byte	0x3d8
 602 0161 0E       		.uleb128 0xe
 603 0162 01       		.uleb128 0x1
 604 0163 50       		.byte	0x50
 605 0164 03       		.uleb128 0x3
 606 0165 F3       		.byte	0xf3
 607 0166 01       		.uleb128 0x1
 608 0167 50       		.byte	0x50
 609 0168 0E       		.uleb128 0xe
 610 0169 01       		.uleb128 0x1
 611 016a 51       		.byte	0x51
 612 016b 01       		.uleb128 0x1
 613 016c 30       		.byte	0x30
 614 016d 0E       		.uleb128 0xe
 615 016e 01       		.uleb128 0x1
 616 016f 52       		.byte	0x52
 617 0170 03       		.uleb128 0x3
 618 0171 F3       		.byte	0xf3
 619 0172 01       		.uleb128 0x1
 620 0173 51       		.byte	0x51
 621 0174 00       		.byte	0
 622 0175 00       		.byte	0
 623 0176 0A       		.uleb128 0xa
 624 0177 44000000 		.4byte	.LASF23
 625 017b 01       		.byte	0x1
 626 017c B2       		.byte	0xb2
 627 017d 00000000 		.4byte	.LFB4
 628 0181 9C000000 		.4byte	.LFE4-.LFB4
 629 0185 01       		.uleb128 0x1
 630 0186 9C       		.byte	0x9c
 631 0187 CE010000 		.4byte	0x1ce
 632 018b 0B       		.uleb128 0xb
 633 018c 2C000000 		.4byte	.LASF25
 634 0190 01       		.byte	0x1
 635 0191 B4       		.byte	0xb4
 636 0192 A5000000 		.4byte	0xa5
 637 0196 60000000 		.4byte	.LLST3
 638 019a 0B       		.uleb128 0xb
 639 019b 62000000 		.4byte	.LASF26
ARM GAS  C:\Users\Fischer\AppData\Local\Temp\ccTyR7Y7.s 			page 19


 640 019f 01       		.byte	0x1
 641 01a0 B5       		.byte	0xb5
 642 01a1 8D000000 		.4byte	0x8d
 643 01a5 7F000000 		.4byte	.LLST4
 644 01a9 0F       		.uleb128 0xf
 645 01aa 4C000000 		.4byte	.LVL10
 646 01ae E1030000 		.4byte	0x3e1
 647 01b2 BE010000 		.4byte	0x1be
 648 01b6 0E       		.uleb128 0xe
 649 01b7 01       		.uleb128 0x1
 650 01b8 50       		.byte	0x50
 651 01b9 03       		.uleb128 0x3
 652 01ba 0A       		.byte	0xa
 653 01bb E001     		.2byte	0x1e0
 654 01bd 00       		.byte	0
 655 01be 0D       		.uleb128 0xd
 656 01bf 5C000000 		.4byte	.LVL12
 657 01c3 E1000000 		.4byte	0xe1
 658 01c7 0E       		.uleb128 0xe
 659 01c8 01       		.uleb128 0x1
 660 01c9 50       		.byte	0x50
 661 01ca 01       		.uleb128 0x1
 662 01cb 33       		.byte	0x33
 663 01cc 00       		.byte	0
 664 01cd 00       		.byte	0
 665 01ce 0A       		.uleb128 0xa
 666 01cf B6020000 		.4byte	.LASF27
 667 01d3 01       		.byte	0x1
 668 01d4 54       		.byte	0x54
 669 01d5 00000000 		.4byte	.LFB1
 670 01d9 08000000 		.4byte	.LFE1-.LFB1
 671 01dd 01       		.uleb128 0x1
 672 01de 9C       		.byte	0x9c
 673 01df 2E020000 		.4byte	0x22e
 674 01e3 10       		.uleb128 0x10
 675 01e4 84000000 		.4byte	.LASF28
 676 01e8 01       		.byte	0x1
 677 01e9 54       		.byte	0x54
 678 01ea 84000000 		.4byte	0x84
 679 01ee A9000000 		.4byte	.LLST5
 680 01f2 0C       		.uleb128 0xc
 681 01f3 73726300 		.ascii	"src\000"
 682 01f7 01       		.byte	0x1
 683 01f8 54       		.byte	0x54
 684 01f9 2E020000 		.4byte	0x22e
 685 01fd CA000000 		.4byte	.LLST6
 686 0201 0C       		.uleb128 0xc
 687 0202 6E00     		.ascii	"n\000"
 688 0204 01       		.byte	0x1
 689 0205 54       		.byte	0x54
 690 0206 2C000000 		.4byte	0x2c
 691 020a EB000000 		.4byte	.LLST7
 692 020e 0D       		.uleb128 0xd
 693 020f 06000000 		.4byte	.LVL15
 694 0213 EC030000 		.4byte	0x3ec
 695 0217 0E       		.uleb128 0xe
 696 0218 01       		.uleb128 0x1
ARM GAS  C:\Users\Fischer\AppData\Local\Temp\ccTyR7Y7.s 			page 20


 697 0219 50       		.byte	0x50
 698 021a 03       		.uleb128 0x3
 699 021b F3       		.byte	0xf3
 700 021c 01       		.uleb128 0x1
 701 021d 50       		.byte	0x50
 702 021e 0E       		.uleb128 0xe
 703 021f 01       		.uleb128 0x1
 704 0220 51       		.byte	0x51
 705 0221 03       		.uleb128 0x3
 706 0222 F3       		.byte	0xf3
 707 0223 01       		.uleb128 0x1
 708 0224 51       		.byte	0x51
 709 0225 0E       		.uleb128 0xe
 710 0226 01       		.uleb128 0x1
 711 0227 52       		.byte	0x52
 712 0228 03       		.uleb128 0x3
 713 0229 F3       		.byte	0xf3
 714 022a 01       		.uleb128 0x1
 715 022b 52       		.byte	0x52
 716 022c 00       		.byte	0
 717 022d 00       		.byte	0
 718 022e 11       		.uleb128 0x11
 719 022f 04       		.byte	0x4
 720 0230 34020000 		.4byte	0x234
 721 0234 12       		.uleb128 0x12
 722 0235 13       		.uleb128 0x13
 723 0236 43010000 		.4byte	.LASF31
 724 023a 01       		.byte	0x1
 725 023b 0701     		.2byte	0x107
 726 023d 00000000 		.4byte	.LFB6
 727 0241 10000000 		.4byte	.LFE6-.LFB6
 728 0245 01       		.uleb128 0x1
 729 0246 9C       		.byte	0x9c
 730 0247 68020000 		.4byte	0x268
 731 024b 14       		.uleb128 0x14
 732 024c 6D020000 		.4byte	.LASF29
 733 0250 01       		.byte	0x1
 734 0251 0701     		.2byte	0x107
 735 0253 8D000000 		.4byte	0x8d
 736 0257 01       		.uleb128 0x1
 737 0258 50       		.byte	0x50
 738 0259 15       		.uleb128 0x15
 739 025a AD020000 		.4byte	.LASF30
 740 025e 01       		.byte	0x1
 741 025f 0901     		.2byte	0x109
 742 0261 8D000000 		.4byte	0x8d
 743 0265 01       		.uleb128 0x1
 744 0266 53       		.byte	0x53
 745 0267 00       		.byte	0
 746 0268 13       		.uleb128 0x13
 747 0269 75010000 		.4byte	.LASF32
 748 026d 01       		.byte	0x1
 749 026e 2901     		.2byte	0x129
 750 0270 00000000 		.4byte	.LFB7
 751 0274 C8000000 		.4byte	.LFE7-.LFB7
 752 0278 01       		.uleb128 0x1
 753 0279 9C       		.byte	0x9c
ARM GAS  C:\Users\Fischer\AppData\Local\Temp\ccTyR7Y7.s 			page 21


 754 027a D8030000 		.4byte	0x3d8
 755 027e 16       		.uleb128 0x16
 756 027f 0E000000 		.4byte	.LBB2
 757 0283 36000000 		.4byte	.LBE2-.LBB2
 758 0287 37030000 		.4byte	0x337
 759 028b 17       		.uleb128 0x17
 760 028c 06       		.byte	0x6
 761 028d 01       		.byte	0x1
 762 028e 3501     		.2byte	0x135
 763 0290 AF020000 		.4byte	0x2af
 764 0294 18       		.uleb128 0x18
 765 0295 F3010000 		.4byte	.LASF33
 766 0299 01       		.byte	0x1
 767 029a 3601     		.2byte	0x136
 768 029c 84000000 		.4byte	0x84
 769 02a0 00       		.byte	0
 770 02a1 18       		.uleb128 0x18
 771 02a2 89000000 		.4byte	.LASF34
 772 02a6 01       		.byte	0x1
 773 02a7 3701     		.2byte	0x137
 774 02a9 99000000 		.4byte	0x99
 775 02ad 04       		.byte	0x4
 776 02ae 00       		.byte	0
 777 02af 06       		.uleb128 0x6
 778 02b0 12020000 		.4byte	.LASF35
 779 02b4 01       		.byte	0x1
 780 02b5 3801     		.2byte	0x138
 781 02b7 8B020000 		.4byte	0x28b
 782 02bb 19       		.uleb128 0x19
 783 02bc CB020000 		.4byte	0x2cb
 784 02c0 CB020000 		.4byte	0x2cb
 785 02c4 1A       		.uleb128 0x1a
 786 02c5 7D000000 		.4byte	0x7d
 787 02c9 06       		.byte	0x6
 788 02ca 00       		.byte	0
 789 02cb 1B       		.uleb128 0x1b
 790 02cc AF020000 		.4byte	0x2af
 791 02d0 15       		.uleb128 0x15
 792 02d1 34000000 		.4byte	.LASF36
 793 02d5 01       		.byte	0x1
 794 02d6 3A01     		.2byte	0x13a
 795 02d8 E2020000 		.4byte	0x2e2
 796 02dc 05       		.uleb128 0x5
 797 02dd 03       		.byte	0x3
 798 02de 00000000 		.4byte	cfg_memset_list.4992
 799 02e2 1B       		.uleb128 0x1b
 800 02e3 BB020000 		.4byte	0x2bb
 801 02e7 1C       		.uleb128 0x1c
 802 02e8 6900     		.ascii	"i\000"
 803 02ea 01       		.byte	0x1
 804 02eb 4501     		.2byte	0x145
 805 02ed 8D000000 		.4byte	0x8d
 806 02f1 0C010000 		.4byte	.LLST8
 807 02f5 1D       		.uleb128 0x1d
 808 02f6 12000000 		.4byte	.LBB3
 809 02fa 16000000 		.4byte	.LBE3-.LBB3
 810 02fe 1C       		.uleb128 0x1c
ARM GAS  C:\Users\Fischer\AppData\Local\Temp\ccTyR7Y7.s 			page 22


 811 02ff 6D7300   		.ascii	"ms\000"
 812 0302 01       		.byte	0x1
 813 0303 4A01     		.2byte	0x14a
 814 0305 0D030000 		.4byte	0x30d
 815 0309 36010000 		.4byte	.LLST9
 816 030d 11       		.uleb128 0x11
 817 030e 04       		.byte	0x4
 818 030f CB020000 		.4byte	0x2cb
 819 0313 0D       		.uleb128 0xd
 820 0314 28000000 		.4byte	.LVL20
 821 0318 29010000 		.4byte	0x129
 822 031c 0E       		.uleb128 0xe
 823 031d 01       		.uleb128 0x1
 824 031e 51       		.byte	0x51
 825 031f 14       		.uleb128 0x14
 826 0320 74       		.byte	0x74
 827 0321 00       		.sleb128 0
 828 0322 31       		.byte	0x31
 829 0323 24       		.byte	0x24
 830 0324 74       		.byte	0x74
 831 0325 00       		.sleb128 0
 832 0326 22       		.byte	0x22
 833 0327 31       		.byte	0x31
 834 0328 24       		.byte	0x24
 835 0329 75       		.byte	0x75
 836 032a 00       		.sleb128 0
 837 032b 22       		.byte	0x22
 838 032c 23       		.byte	0x23
 839 032d 04       		.uleb128 0x4
 840 032e 94       		.byte	0x94
 841 032f 02       		.byte	0x2
 842 0330 0A       		.byte	0xa
 843 0331 FFFF     		.2byte	0xffff
 844 0333 1A       		.byte	0x1a
 845 0334 00       		.byte	0
 846 0335 00       		.byte	0
 847 0336 00       		.byte	0
 848 0337 0F       		.uleb128 0xf
 849 0338 50000000 		.4byte	.LVL23
 850 033c CE010000 		.4byte	0x1ce
 851 0340 5A030000 		.4byte	0x35a
 852 0344 0E       		.uleb128 0xe
 853 0345 01       		.uleb128 0x1
 854 0346 50       		.byte	0x50
 855 0347 05       		.uleb128 0x5
 856 0348 0C       		.byte	0xc
 857 0349 02510040 		.4byte	0x40005102
 858 034d 0E       		.uleb128 0xe
 859 034e 01       		.uleb128 0x1
 860 034f 51       		.byte	0x51
 861 0350 03       		.uleb128 0x3
 862 0351 42       		.byte	0x42
 863 0352 4A       		.byte	0x4a
 864 0353 24       		.byte	0x24
 865 0354 0E       		.uleb128 0xe
 866 0355 01       		.uleb128 0x1
 867 0356 52       		.byte	0x52
ARM GAS  C:\Users\Fischer\AppData\Local\Temp\ccTyR7Y7.s 			page 23


 868 0357 01       		.uleb128 0x1
 869 0358 38       		.byte	0x38
 870 0359 00       		.byte	0
 871 035a 0F       		.uleb128 0xf
 872 035b 5A000000 		.4byte	.LVL24
 873 035f CE010000 		.4byte	0x1ce
 874 0363 7F030000 		.4byte	0x37f
 875 0367 0E       		.uleb128 0xe
 876 0368 01       		.uleb128 0x1
 877 0369 50       		.byte	0x50
 878 036a 05       		.uleb128 0x5
 879 036b 0C       		.byte	0xc
 880 036c F2510040 		.4byte	0x400051f2
 881 0370 0E       		.uleb128 0xe
 882 0371 01       		.uleb128 0x1
 883 0372 51       		.byte	0x51
 884 0373 05       		.uleb128 0x5
 885 0374 0C       		.byte	0xc
 886 0375 08000048 		.4byte	0x48000008
 887 0379 0E       		.uleb128 0xe
 888 037a 01       		.uleb128 0x1
 889 037b 52       		.byte	0x52
 890 037c 01       		.uleb128 0x1
 891 037d 38       		.byte	0x38
 892 037e 00       		.byte	0
 893 037f 0F       		.uleb128 0xf
 894 0380 64000000 		.4byte	.LVL25
 895 0384 CE010000 		.4byte	0x1ce
 896 0388 A4030000 		.4byte	0x3a4
 897 038c 0E       		.uleb128 0xe
 898 038d 01       		.uleb128 0x1
 899 038e 50       		.byte	0x50
 900 038f 05       		.uleb128 0x5
 901 0390 0C       		.byte	0xc
 902 0391 12510040 		.4byte	0x40005112
 903 0395 0E       		.uleb128 0xe
 904 0396 01       		.uleb128 0x1
 905 0397 51       		.byte	0x51
 906 0398 05       		.uleb128 0x5
 907 0399 0C       		.byte	0xc
 908 039a 10000048 		.4byte	0x48000010
 909 039e 0E       		.uleb128 0xe
 910 039f 01       		.uleb128 0x1
 911 03a0 52       		.byte	0x52
 912 03a1 01       		.uleb128 0x1
 913 03a2 38       		.byte	0x38
 914 03a3 00       		.byte	0
 915 03a4 1E       		.uleb128 0x1e
 916 03a5 78000000 		.4byte	.LVL27
 917 03a9 76010000 		.4byte	0x176
 918 03ad 1E       		.uleb128 0x1e
 919 03ae 86000000 		.4byte	.LVL28
 920 03b2 04010000 		.4byte	0x104
 921 03b6 0D       		.uleb128 0xd
 922 03b7 90000000 		.4byte	.LVL29
 923 03bb CE010000 		.4byte	0x1ce
 924 03bf 0E       		.uleb128 0xe
ARM GAS  C:\Users\Fischer\AppData\Local\Temp\ccTyR7Y7.s 			page 24


 925 03c0 01       		.uleb128 0x1
 926 03c1 50       		.byte	0x50
 927 03c2 05       		.uleb128 0x5
 928 03c3 0C       		.byte	0xc
 929 03c4 B0430040 		.4byte	0x400043b0
 930 03c8 0E       		.uleb128 0xe
 931 03c9 01       		.uleb128 0x1
 932 03ca 51       		.byte	0x51
 933 03cb 05       		.uleb128 0x5
 934 03cc 0C       		.byte	0xc
 935 03cd A0430040 		.4byte	0x400043a0
 936 03d1 0E       		.uleb128 0xe
 937 03d2 01       		.uleb128 0x1
 938 03d3 52       		.byte	0x52
 939 03d4 01       		.uleb128 0x1
 940 03d5 3E       		.byte	0x3e
 941 03d6 00       		.byte	0
 942 03d7 00       		.byte	0
 943 03d8 1F       		.uleb128 0x1f
 944 03d9 67010000 		.4byte	.LASF37
 945 03dd 67010000 		.4byte	.LASF37
 946 03e1 20       		.uleb128 0x20
 947 03e2 06000000 		.4byte	.LASF43
 948 03e6 06000000 		.4byte	.LASF43
 949 03ea 04       		.byte	0x4
 950 03eb 79       		.byte	0x79
 951 03ec 1F       		.uleb128 0x1f
 952 03ed 5C020000 		.4byte	.LASF38
 953 03f1 5C020000 		.4byte	.LASF38
 954 03f5 00       		.byte	0
 955              		.section	.debug_abbrev,"",%progbits
 956              	.Ldebug_abbrev0:
 957 0000 01       		.uleb128 0x1
 958 0001 11       		.uleb128 0x11
 959 0002 01       		.byte	0x1
 960 0003 25       		.uleb128 0x25
 961 0004 0E       		.uleb128 0xe
 962 0005 13       		.uleb128 0x13
 963 0006 0B       		.uleb128 0xb
 964 0007 03       		.uleb128 0x3
 965 0008 0E       		.uleb128 0xe
 966 0009 1B       		.uleb128 0x1b
 967 000a 0E       		.uleb128 0xe
 968 000b 55       		.uleb128 0x55
 969 000c 17       		.uleb128 0x17
 970 000d 11       		.uleb128 0x11
 971 000e 01       		.uleb128 0x1
 972 000f 10       		.uleb128 0x10
 973 0010 17       		.uleb128 0x17
 974 0011 00       		.byte	0
 975 0012 00       		.byte	0
 976 0013 02       		.uleb128 0x2
 977 0014 24       		.uleb128 0x24
 978 0015 00       		.byte	0
 979 0016 0B       		.uleb128 0xb
 980 0017 0B       		.uleb128 0xb
 981 0018 3E       		.uleb128 0x3e
ARM GAS  C:\Users\Fischer\AppData\Local\Temp\ccTyR7Y7.s 			page 25


 982 0019 0B       		.uleb128 0xb
 983 001a 03       		.uleb128 0x3
 984 001b 08       		.uleb128 0x8
 985 001c 00       		.byte	0
 986 001d 00       		.byte	0
 987 001e 03       		.uleb128 0x3
 988 001f 16       		.uleb128 0x16
 989 0020 00       		.byte	0
 990 0021 03       		.uleb128 0x3
 991 0022 0E       		.uleb128 0xe
 992 0023 3A       		.uleb128 0x3a
 993 0024 0B       		.uleb128 0xb
 994 0025 3B       		.uleb128 0x3b
 995 0026 0B       		.uleb128 0xb
 996 0027 49       		.uleb128 0x49
 997 0028 13       		.uleb128 0x13
 998 0029 00       		.byte	0
 999 002a 00       		.byte	0
 1000 002b 04       		.uleb128 0x4
 1001 002c 24       		.uleb128 0x24
 1002 002d 00       		.byte	0
 1003 002e 0B       		.uleb128 0xb
 1004 002f 0B       		.uleb128 0xb
 1005 0030 3E       		.uleb128 0x3e
 1006 0031 0B       		.uleb128 0xb
 1007 0032 03       		.uleb128 0x3
 1008 0033 0E       		.uleb128 0xe
 1009 0034 00       		.byte	0
 1010 0035 00       		.byte	0
 1011 0036 05       		.uleb128 0x5
 1012 0037 0F       		.uleb128 0xf
 1013 0038 00       		.byte	0
 1014 0039 0B       		.uleb128 0xb
 1015 003a 0B       		.uleb128 0xb
 1016 003b 00       		.byte	0
 1017 003c 00       		.byte	0
 1018 003d 06       		.uleb128 0x6
 1019 003e 16       		.uleb128 0x16
 1020 003f 00       		.byte	0
 1021 0040 03       		.uleb128 0x3
 1022 0041 0E       		.uleb128 0xe
 1023 0042 3A       		.uleb128 0x3a
 1024 0043 0B       		.uleb128 0xb
 1025 0044 3B       		.uleb128 0x3b
 1026 0045 05       		.uleb128 0x5
 1027 0046 49       		.uleb128 0x49
 1028 0047 13       		.uleb128 0x13
 1029 0048 00       		.byte	0
 1030 0049 00       		.byte	0
 1031 004a 07       		.uleb128 0x7
 1032 004b 35       		.uleb128 0x35
 1033 004c 00       		.byte	0
 1034 004d 49       		.uleb128 0x49
 1035 004e 13       		.uleb128 0x13
 1036 004f 00       		.byte	0
 1037 0050 00       		.byte	0
 1038 0051 08       		.uleb128 0x8
ARM GAS  C:\Users\Fischer\AppData\Local\Temp\ccTyR7Y7.s 			page 26


 1039 0052 2E       		.uleb128 0x2e
 1040 0053 01       		.byte	0x1
 1041 0054 03       		.uleb128 0x3
 1042 0055 0E       		.uleb128 0xe
 1043 0056 3A       		.uleb128 0x3a
 1044 0057 0B       		.uleb128 0xb
 1045 0058 3B       		.uleb128 0x3b
 1046 0059 0B       		.uleb128 0xb
 1047 005a 27       		.uleb128 0x27
 1048 005b 19       		.uleb128 0x19
 1049 005c 8701     		.uleb128 0x87
 1050 005e 19       		.uleb128 0x19
 1051 005f 11       		.uleb128 0x11
 1052 0060 01       		.uleb128 0x1
 1053 0061 12       		.uleb128 0x12
 1054 0062 06       		.uleb128 0x6
 1055 0063 40       		.uleb128 0x40
 1056 0064 18       		.uleb128 0x18
 1057 0065 9742     		.uleb128 0x2117
 1058 0067 19       		.uleb128 0x19
 1059 0068 01       		.uleb128 0x1
 1060 0069 13       		.uleb128 0x13
 1061 006a 00       		.byte	0
 1062 006b 00       		.byte	0
 1063 006c 09       		.uleb128 0x9
 1064 006d 05       		.uleb128 0x5
 1065 006e 00       		.byte	0
 1066 006f 03       		.uleb128 0x3
 1067 0070 0E       		.uleb128 0xe
 1068 0071 3A       		.uleb128 0x3a
 1069 0072 0B       		.uleb128 0xb
 1070 0073 3B       		.uleb128 0x3b
 1071 0074 0B       		.uleb128 0xb
 1072 0075 49       		.uleb128 0x49
 1073 0076 13       		.uleb128 0x13
 1074 0077 02       		.uleb128 0x2
 1075 0078 18       		.uleb128 0x18
 1076 0079 00       		.byte	0
 1077 007a 00       		.byte	0
 1078 007b 0A       		.uleb128 0xa
 1079 007c 2E       		.uleb128 0x2e
 1080 007d 01       		.byte	0x1
 1081 007e 03       		.uleb128 0x3
 1082 007f 0E       		.uleb128 0xe
 1083 0080 3A       		.uleb128 0x3a
 1084 0081 0B       		.uleb128 0xb
 1085 0082 3B       		.uleb128 0x3b
 1086 0083 0B       		.uleb128 0xb
 1087 0084 27       		.uleb128 0x27
 1088 0085 19       		.uleb128 0x19
 1089 0086 11       		.uleb128 0x11
 1090 0087 01       		.uleb128 0x1
 1091 0088 12       		.uleb128 0x12
 1092 0089 06       		.uleb128 0x6
 1093 008a 40       		.uleb128 0x40
 1094 008b 18       		.uleb128 0x18
 1095 008c 9742     		.uleb128 0x2117
ARM GAS  C:\Users\Fischer\AppData\Local\Temp\ccTyR7Y7.s 			page 27


 1096 008e 19       		.uleb128 0x19
 1097 008f 01       		.uleb128 0x1
 1098 0090 13       		.uleb128 0x13
 1099 0091 00       		.byte	0
 1100 0092 00       		.byte	0
 1101 0093 0B       		.uleb128 0xb
 1102 0094 34       		.uleb128 0x34
 1103 0095 00       		.byte	0
 1104 0096 03       		.uleb128 0x3
 1105 0097 0E       		.uleb128 0xe
 1106 0098 3A       		.uleb128 0x3a
 1107 0099 0B       		.uleb128 0xb
 1108 009a 3B       		.uleb128 0x3b
 1109 009b 0B       		.uleb128 0xb
 1110 009c 49       		.uleb128 0x49
 1111 009d 13       		.uleb128 0x13
 1112 009e 02       		.uleb128 0x2
 1113 009f 17       		.uleb128 0x17
 1114 00a0 00       		.byte	0
 1115 00a1 00       		.byte	0
 1116 00a2 0C       		.uleb128 0xc
 1117 00a3 05       		.uleb128 0x5
 1118 00a4 00       		.byte	0
 1119 00a5 03       		.uleb128 0x3
 1120 00a6 08       		.uleb128 0x8
 1121 00a7 3A       		.uleb128 0x3a
 1122 00a8 0B       		.uleb128 0xb
 1123 00a9 3B       		.uleb128 0x3b
 1124 00aa 0B       		.uleb128 0xb
 1125 00ab 49       		.uleb128 0x49
 1126 00ac 13       		.uleb128 0x13
 1127 00ad 02       		.uleb128 0x2
 1128 00ae 17       		.uleb128 0x17
 1129 00af 00       		.byte	0
 1130 00b0 00       		.byte	0
 1131 00b1 0D       		.uleb128 0xd
 1132 00b2 898201   		.uleb128 0x4109
 1133 00b5 01       		.byte	0x1
 1134 00b6 11       		.uleb128 0x11
 1135 00b7 01       		.uleb128 0x1
 1136 00b8 31       		.uleb128 0x31
 1137 00b9 13       		.uleb128 0x13
 1138 00ba 00       		.byte	0
 1139 00bb 00       		.byte	0
 1140 00bc 0E       		.uleb128 0xe
 1141 00bd 8A8201   		.uleb128 0x410a
 1142 00c0 00       		.byte	0
 1143 00c1 02       		.uleb128 0x2
 1144 00c2 18       		.uleb128 0x18
 1145 00c3 9142     		.uleb128 0x2111
 1146 00c5 18       		.uleb128 0x18
 1147 00c6 00       		.byte	0
 1148 00c7 00       		.byte	0
 1149 00c8 0F       		.uleb128 0xf
 1150 00c9 898201   		.uleb128 0x4109
 1151 00cc 01       		.byte	0x1
 1152 00cd 11       		.uleb128 0x11
ARM GAS  C:\Users\Fischer\AppData\Local\Temp\ccTyR7Y7.s 			page 28


 1153 00ce 01       		.uleb128 0x1
 1154 00cf 31       		.uleb128 0x31
 1155 00d0 13       		.uleb128 0x13
 1156 00d1 01       		.uleb128 0x1
 1157 00d2 13       		.uleb128 0x13
 1158 00d3 00       		.byte	0
 1159 00d4 00       		.byte	0
 1160 00d5 10       		.uleb128 0x10
 1161 00d6 05       		.uleb128 0x5
 1162 00d7 00       		.byte	0
 1163 00d8 03       		.uleb128 0x3
 1164 00d9 0E       		.uleb128 0xe
 1165 00da 3A       		.uleb128 0x3a
 1166 00db 0B       		.uleb128 0xb
 1167 00dc 3B       		.uleb128 0x3b
 1168 00dd 0B       		.uleb128 0xb
 1169 00de 49       		.uleb128 0x49
 1170 00df 13       		.uleb128 0x13
 1171 00e0 02       		.uleb128 0x2
 1172 00e1 17       		.uleb128 0x17
 1173 00e2 00       		.byte	0
 1174 00e3 00       		.byte	0
 1175 00e4 11       		.uleb128 0x11
 1176 00e5 0F       		.uleb128 0xf
 1177 00e6 00       		.byte	0
 1178 00e7 0B       		.uleb128 0xb
 1179 00e8 0B       		.uleb128 0xb
 1180 00e9 49       		.uleb128 0x49
 1181 00ea 13       		.uleb128 0x13
 1182 00eb 00       		.byte	0
 1183 00ec 00       		.byte	0
 1184 00ed 12       		.uleb128 0x12
 1185 00ee 26       		.uleb128 0x26
 1186 00ef 00       		.byte	0
 1187 00f0 00       		.byte	0
 1188 00f1 00       		.byte	0
 1189 00f2 13       		.uleb128 0x13
 1190 00f3 2E       		.uleb128 0x2e
 1191 00f4 01       		.byte	0x1
 1192 00f5 3F       		.uleb128 0x3f
 1193 00f6 19       		.uleb128 0x19
 1194 00f7 03       		.uleb128 0x3
 1195 00f8 0E       		.uleb128 0xe
 1196 00f9 3A       		.uleb128 0x3a
 1197 00fa 0B       		.uleb128 0xb
 1198 00fb 3B       		.uleb128 0x3b
 1199 00fc 05       		.uleb128 0x5
 1200 00fd 27       		.uleb128 0x27
 1201 00fe 19       		.uleb128 0x19
 1202 00ff 11       		.uleb128 0x11
 1203 0100 01       		.uleb128 0x1
 1204 0101 12       		.uleb128 0x12
 1205 0102 06       		.uleb128 0x6
 1206 0103 40       		.uleb128 0x40
 1207 0104 18       		.uleb128 0x18
 1208 0105 9742     		.uleb128 0x2117
 1209 0107 19       		.uleb128 0x19
ARM GAS  C:\Users\Fischer\AppData\Local\Temp\ccTyR7Y7.s 			page 29


 1210 0108 01       		.uleb128 0x1
 1211 0109 13       		.uleb128 0x13
 1212 010a 00       		.byte	0
 1213 010b 00       		.byte	0
 1214 010c 14       		.uleb128 0x14
 1215 010d 05       		.uleb128 0x5
 1216 010e 00       		.byte	0
 1217 010f 03       		.uleb128 0x3
 1218 0110 0E       		.uleb128 0xe
 1219 0111 3A       		.uleb128 0x3a
 1220 0112 0B       		.uleb128 0xb
 1221 0113 3B       		.uleb128 0x3b
 1222 0114 05       		.uleb128 0x5
 1223 0115 49       		.uleb128 0x49
 1224 0116 13       		.uleb128 0x13
 1225 0117 02       		.uleb128 0x2
 1226 0118 18       		.uleb128 0x18
 1227 0119 00       		.byte	0
 1228 011a 00       		.byte	0
 1229 011b 15       		.uleb128 0x15
 1230 011c 34       		.uleb128 0x34
 1231 011d 00       		.byte	0
 1232 011e 03       		.uleb128 0x3
 1233 011f 0E       		.uleb128 0xe
 1234 0120 3A       		.uleb128 0x3a
 1235 0121 0B       		.uleb128 0xb
 1236 0122 3B       		.uleb128 0x3b
 1237 0123 05       		.uleb128 0x5
 1238 0124 49       		.uleb128 0x49
 1239 0125 13       		.uleb128 0x13
 1240 0126 02       		.uleb128 0x2
 1241 0127 18       		.uleb128 0x18
 1242 0128 00       		.byte	0
 1243 0129 00       		.byte	0
 1244 012a 16       		.uleb128 0x16
 1245 012b 0B       		.uleb128 0xb
 1246 012c 01       		.byte	0x1
 1247 012d 11       		.uleb128 0x11
 1248 012e 01       		.uleb128 0x1
 1249 012f 12       		.uleb128 0x12
 1250 0130 06       		.uleb128 0x6
 1251 0131 01       		.uleb128 0x1
 1252 0132 13       		.uleb128 0x13
 1253 0133 00       		.byte	0
 1254 0134 00       		.byte	0
 1255 0135 17       		.uleb128 0x17
 1256 0136 13       		.uleb128 0x13
 1257 0137 01       		.byte	0x1
 1258 0138 0B       		.uleb128 0xb
 1259 0139 0B       		.uleb128 0xb
 1260 013a 3A       		.uleb128 0x3a
 1261 013b 0B       		.uleb128 0xb
 1262 013c 3B       		.uleb128 0x3b
 1263 013d 05       		.uleb128 0x5
 1264 013e 01       		.uleb128 0x1
 1265 013f 13       		.uleb128 0x13
 1266 0140 00       		.byte	0
ARM GAS  C:\Users\Fischer\AppData\Local\Temp\ccTyR7Y7.s 			page 30


 1267 0141 00       		.byte	0
 1268 0142 18       		.uleb128 0x18
 1269 0143 0D       		.uleb128 0xd
 1270 0144 00       		.byte	0
 1271 0145 03       		.uleb128 0x3
 1272 0146 0E       		.uleb128 0xe
 1273 0147 3A       		.uleb128 0x3a
 1274 0148 0B       		.uleb128 0xb
 1275 0149 3B       		.uleb128 0x3b
 1276 014a 05       		.uleb128 0x5
 1277 014b 49       		.uleb128 0x49
 1278 014c 13       		.uleb128 0x13
 1279 014d 38       		.uleb128 0x38
 1280 014e 0B       		.uleb128 0xb
 1281 014f 00       		.byte	0
 1282 0150 00       		.byte	0
 1283 0151 19       		.uleb128 0x19
 1284 0152 01       		.uleb128 0x1
 1285 0153 01       		.byte	0x1
 1286 0154 49       		.uleb128 0x49
 1287 0155 13       		.uleb128 0x13
 1288 0156 01       		.uleb128 0x1
 1289 0157 13       		.uleb128 0x13
 1290 0158 00       		.byte	0
 1291 0159 00       		.byte	0
 1292 015a 1A       		.uleb128 0x1a
 1293 015b 21       		.uleb128 0x21
 1294 015c 00       		.byte	0
 1295 015d 49       		.uleb128 0x49
 1296 015e 13       		.uleb128 0x13
 1297 015f 2F       		.uleb128 0x2f
 1298 0160 0B       		.uleb128 0xb
 1299 0161 00       		.byte	0
 1300 0162 00       		.byte	0
 1301 0163 1B       		.uleb128 0x1b
 1302 0164 26       		.uleb128 0x26
 1303 0165 00       		.byte	0
 1304 0166 49       		.uleb128 0x49
 1305 0167 13       		.uleb128 0x13
 1306 0168 00       		.byte	0
 1307 0169 00       		.byte	0
 1308 016a 1C       		.uleb128 0x1c
 1309 016b 34       		.uleb128 0x34
 1310 016c 00       		.byte	0
 1311 016d 03       		.uleb128 0x3
 1312 016e 08       		.uleb128 0x8
 1313 016f 3A       		.uleb128 0x3a
 1314 0170 0B       		.uleb128 0xb
 1315 0171 3B       		.uleb128 0x3b
 1316 0172 05       		.uleb128 0x5
 1317 0173 49       		.uleb128 0x49
 1318 0174 13       		.uleb128 0x13
 1319 0175 02       		.uleb128 0x2
 1320 0176 17       		.uleb128 0x17
 1321 0177 00       		.byte	0
 1322 0178 00       		.byte	0
 1323 0179 1D       		.uleb128 0x1d
ARM GAS  C:\Users\Fischer\AppData\Local\Temp\ccTyR7Y7.s 			page 31


 1324 017a 0B       		.uleb128 0xb
 1325 017b 01       		.byte	0x1
 1326 017c 11       		.uleb128 0x11
 1327 017d 01       		.uleb128 0x1
 1328 017e 12       		.uleb128 0x12
 1329 017f 06       		.uleb128 0x6
 1330 0180 00       		.byte	0
 1331 0181 00       		.byte	0
 1332 0182 1E       		.uleb128 0x1e
 1333 0183 898201   		.uleb128 0x4109
 1334 0186 00       		.byte	0
 1335 0187 11       		.uleb128 0x11
 1336 0188 01       		.uleb128 0x1
 1337 0189 31       		.uleb128 0x31
 1338 018a 13       		.uleb128 0x13
 1339 018b 00       		.byte	0
 1340 018c 00       		.byte	0
 1341 018d 1F       		.uleb128 0x1f
 1342 018e 2E       		.uleb128 0x2e
 1343 018f 00       		.byte	0
 1344 0190 3F       		.uleb128 0x3f
 1345 0191 19       		.uleb128 0x19
 1346 0192 3C       		.uleb128 0x3c
 1347 0193 19       		.uleb128 0x19
 1348 0194 6E       		.uleb128 0x6e
 1349 0195 0E       		.uleb128 0xe
 1350 0196 03       		.uleb128 0x3
 1351 0197 0E       		.uleb128 0xe
 1352 0198 00       		.byte	0
 1353 0199 00       		.byte	0
 1354 019a 20       		.uleb128 0x20
 1355 019b 2E       		.uleb128 0x2e
 1356 019c 00       		.byte	0
 1357 019d 3F       		.uleb128 0x3f
 1358 019e 19       		.uleb128 0x19
 1359 019f 3C       		.uleb128 0x3c
 1360 01a0 19       		.uleb128 0x19
 1361 01a1 6E       		.uleb128 0x6e
 1362 01a2 0E       		.uleb128 0xe
 1363 01a3 03       		.uleb128 0x3
 1364 01a4 0E       		.uleb128 0xe
 1365 01a5 3A       		.uleb128 0x3a
 1366 01a6 0B       		.uleb128 0xb
 1367 01a7 3B       		.uleb128 0x3b
 1368 01a8 0B       		.uleb128 0xb
 1369 01a9 00       		.byte	0
 1370 01aa 00       		.byte	0
 1371 01ab 00       		.byte	0
 1372              		.section	.debug_loc,"",%progbits
 1373              	.Ldebug_loc0:
 1374              	.LLST0:
 1375 0000 06000000 		.4byte	.LVL1
 1376 0004 10000000 		.4byte	.LVL2
 1377 0008 0100     		.2byte	0x1
 1378 000a 53       		.byte	0x53
 1379 000b 00000000 		.4byte	0
 1380 000f 00000000 		.4byte	0
ARM GAS  C:\Users\Fischer\AppData\Local\Temp\ccTyR7Y7.s 			page 32


 1381              	.LLST1:
 1382 0013 00000000 		.4byte	.LVL3
 1383 0017 09000000 		.4byte	.LVL5-1
 1384 001b 0100     		.2byte	0x1
 1385 001d 50       		.byte	0x50
 1386 001e 09000000 		.4byte	.LVL5-1
 1387 0022 0C000000 		.4byte	.LFE0
 1388 0026 0400     		.2byte	0x4
 1389 0028 F3       		.byte	0xf3
 1390 0029 01       		.uleb128 0x1
 1391 002a 50       		.byte	0x50
 1392 002b 9F       		.byte	0x9f
 1393 002c 00000000 		.4byte	0
 1394 0030 00000000 		.4byte	0
 1395              	.LLST2:
 1396 0034 00000000 		.4byte	.LVL3
 1397 0038 06000000 		.4byte	.LVL4
 1398 003c 0100     		.2byte	0x1
 1399 003e 51       		.byte	0x51
 1400 003f 06000000 		.4byte	.LVL4
 1401 0043 09000000 		.4byte	.LVL5-1
 1402 0047 0100     		.2byte	0x1
 1403 0049 52       		.byte	0x52
 1404 004a 09000000 		.4byte	.LVL5-1
 1405 004e 0C000000 		.4byte	.LFE0
 1406 0052 0400     		.2byte	0x4
 1407 0054 F3       		.byte	0xf3
 1408 0055 01       		.uleb128 0x1
 1409 0056 51       		.byte	0x51
 1410 0057 9F       		.byte	0x9f
 1411 0058 00000000 		.4byte	0
 1412 005c 00000000 		.4byte	0
 1413              	.LLST3:
 1414 0060 2E000000 		.4byte	.LVL6
 1415 0064 34000000 		.4byte	.LVL7
 1416 0068 0200     		.2byte	0x2
 1417 006a 49       		.byte	0x49
 1418 006b 9F       		.byte	0x9f
 1419 006c 34000000 		.4byte	.LVL7
 1420 0070 7E000000 		.4byte	.LVL13
 1421 0074 0100     		.2byte	0x1
 1422 0076 55       		.byte	0x55
 1423 0077 00000000 		.4byte	0
 1424 007b 00000000 		.4byte	0
 1425              	.LLST4:
 1426 007f 2E000000 		.4byte	.LVL6
 1427 0083 34000000 		.4byte	.LVL7
 1428 0087 0200     		.2byte	0x2
 1429 0089 30       		.byte	0x30
 1430 008a 9F       		.byte	0x9f
 1431 008b 34000000 		.4byte	.LVL7
 1432 008f 40000000 		.4byte	.LVL8
 1433 0093 0100     		.2byte	0x1
 1434 0095 54       		.byte	0x54
 1435 0096 44000000 		.4byte	.LVL9
 1436 009a 7E000000 		.4byte	.LVL13
 1437 009e 0100     		.2byte	0x1
ARM GAS  C:\Users\Fischer\AppData\Local\Temp\ccTyR7Y7.s 			page 33


 1438 00a0 54       		.byte	0x54
 1439 00a1 00000000 		.4byte	0
 1440 00a5 00000000 		.4byte	0
 1441              	.LLST5:
 1442 00a9 00000000 		.4byte	.LVL14
 1443 00ad 05000000 		.4byte	.LVL15-1
 1444 00b1 0100     		.2byte	0x1
 1445 00b3 50       		.byte	0x50
 1446 00b4 05000000 		.4byte	.LVL15-1
 1447 00b8 08000000 		.4byte	.LFE1
 1448 00bc 0400     		.2byte	0x4
 1449 00be F3       		.byte	0xf3
 1450 00bf 01       		.uleb128 0x1
 1451 00c0 50       		.byte	0x50
 1452 00c1 9F       		.byte	0x9f
 1453 00c2 00000000 		.4byte	0
 1454 00c6 00000000 		.4byte	0
 1455              	.LLST6:
 1456 00ca 00000000 		.4byte	.LVL14
 1457 00ce 05000000 		.4byte	.LVL15-1
 1458 00d2 0100     		.2byte	0x1
 1459 00d4 51       		.byte	0x51
 1460 00d5 05000000 		.4byte	.LVL15-1
 1461 00d9 08000000 		.4byte	.LFE1
 1462 00dd 0400     		.2byte	0x4
 1463 00df F3       		.byte	0xf3
 1464 00e0 01       		.uleb128 0x1
 1465 00e1 51       		.byte	0x51
 1466 00e2 9F       		.byte	0x9f
 1467 00e3 00000000 		.4byte	0
 1468 00e7 00000000 		.4byte	0
 1469              	.LLST7:
 1470 00eb 00000000 		.4byte	.LVL14
 1471 00ef 05000000 		.4byte	.LVL15-1
 1472 00f3 0100     		.2byte	0x1
 1473 00f5 52       		.byte	0x52
 1474 00f6 05000000 		.4byte	.LVL15-1
 1475 00fa 08000000 		.4byte	.LFE1
 1476 00fe 0400     		.2byte	0x4
 1477 0100 F3       		.byte	0xf3
 1478 0101 01       		.uleb128 0x1
 1479 0102 52       		.byte	0x52
 1480 0103 9F       		.byte	0x9f
 1481 0104 00000000 		.4byte	0
 1482 0108 00000000 		.4byte	0
 1483              	.LLST8:
 1484 010c 0E000000 		.4byte	.LVL18
 1485 0110 12000000 		.4byte	.LVL19
 1486 0114 0200     		.2byte	0x2
 1487 0116 30       		.byte	0x30
 1488 0117 9F       		.byte	0x9f
 1489 0118 12000000 		.4byte	.LVL19
 1490 011c 2A000000 		.4byte	.LVL21
 1491 0120 0100     		.2byte	0x1
 1492 0122 54       		.byte	0x54
 1493 0123 2C000000 		.4byte	.LVL22
 1494 0127 70000000 		.4byte	.LVL26
ARM GAS  C:\Users\Fischer\AppData\Local\Temp\ccTyR7Y7.s 			page 34


 1495 012b 0100     		.2byte	0x1
 1496 012d 54       		.byte	0x54
 1497 012e 00000000 		.4byte	0
 1498 0132 00000000 		.4byte	0
 1499              	.LLST9:
 1500 0136 12000000 		.4byte	.LVL19
 1501 013a 2A000000 		.4byte	.LVL21
 1502 013e 0B00     		.2byte	0xb
 1503 0140 74       		.byte	0x74
 1504 0141 00       		.sleb128 0
 1505 0142 36       		.byte	0x36
 1506 0143 1E       		.byte	0x1e
 1507 0144 03       		.byte	0x3
 1508 0145 00000000 		.4byte	cfg_memset_list.4992
 1509 0149 22       		.byte	0x22
 1510 014a 9F       		.byte	0x9f
 1511 014b 2A000000 		.4byte	.LVL21
 1512 014f 2C000000 		.4byte	.LVL22
 1513 0153 0B00     		.2byte	0xb
 1514 0155 74       		.byte	0x74
 1515 0156 7F       		.sleb128 -1
 1516 0157 36       		.byte	0x36
 1517 0158 1E       		.byte	0x1e
 1518 0159 03       		.byte	0x3
 1519 015a 00000000 		.4byte	cfg_memset_list.4992
 1520 015e 22       		.byte	0x22
 1521 015f 9F       		.byte	0x9f
 1522 0160 00000000 		.4byte	0
 1523 0164 00000000 		.4byte	0
 1524              		.section	.debug_aranges,"",%progbits
 1525 0000 4C000000 		.4byte	0x4c
 1526 0004 0200     		.2byte	0x2
 1527 0006 00000000 		.4byte	.Ldebug_info0
 1528 000a 04       		.byte	0x4
 1529 000b 00       		.byte	0
 1530 000c 0000     		.2byte	0
 1531 000e 0000     		.2byte	0
 1532 0010 00000000 		.4byte	.LFB3
 1533 0014 02000000 		.4byte	.LFE3-.LFB3
 1534 0018 00000000 		.4byte	.LFB5
 1535 001c 28000000 		.4byte	.LFE5-.LFB5
 1536 0020 00000000 		.4byte	.LFB0
 1537 0024 0C000000 		.4byte	.LFE0-.LFB0
 1538 0028 00000000 		.4byte	.LFB4
 1539 002c 9C000000 		.4byte	.LFE4-.LFB4
 1540 0030 00000000 		.4byte	.LFB1
 1541 0034 08000000 		.4byte	.LFE1-.LFB1
 1542 0038 00000000 		.4byte	.LFB6
 1543 003c 10000000 		.4byte	.LFE6-.LFB6
 1544 0040 00000000 		.4byte	.LFB7
 1545 0044 C8000000 		.4byte	.LFE7-.LFB7
 1546 0048 00000000 		.4byte	0
 1547 004c 00000000 		.4byte	0
 1548              		.section	.debug_ranges,"",%progbits
 1549              	.Ldebug_ranges0:
 1550 0000 00000000 		.4byte	.LFB3
 1551 0004 02000000 		.4byte	.LFE3
ARM GAS  C:\Users\Fischer\AppData\Local\Temp\ccTyR7Y7.s 			page 35


 1552 0008 00000000 		.4byte	.LFB5
 1553 000c 28000000 		.4byte	.LFE5
 1554 0010 00000000 		.4byte	.LFB0
 1555 0014 0C000000 		.4byte	.LFE0
 1556 0018 00000000 		.4byte	.LFB4
 1557 001c 9C000000 		.4byte	.LFE4
 1558 0020 00000000 		.4byte	.LFB1
 1559 0024 08000000 		.4byte	.LFE1
 1560 0028 00000000 		.4byte	.LFB6
 1561 002c 10000000 		.4byte	.LFE6
 1562 0030 00000000 		.4byte	.LFB7
 1563 0034 C8000000 		.4byte	.LFE7
 1564 0038 00000000 		.4byte	0
 1565 003c 00000000 		.4byte	0
 1566              		.section	.debug_line,"",%progbits
 1567              	.Ldebug_line0:
 1568 0000 A3010000 		.section	.debug_str,"MS",%progbits,1
 1568      0200D600 
 1568      00000201 
 1568      FB0E0D00 
 1568      01010101 
 1569              	.LASF19:
 1570 0000 72656731 		.ascii	"reg16\000"
 1570      3600
 1571              	.LASF43:
 1572 0006 43794465 		.ascii	"CyDelayCycles\000"
 1572      6C617943 
 1572      79636C65 
 1572      7300
 1573              	.LASF12:
 1574 0014 73697A65 		.ascii	"size_t\000"
 1574      5F7400
 1575              	.LASF20:
 1576 001b 416E616C 		.ascii	"AnalogSetDefault\000"
 1576      6F675365 
 1576      74446566 
 1576      61756C74 
 1576      00
 1577              	.LASF25:
 1578 002c 74696D65 		.ascii	"timeout\000"
 1578      6F757400 
 1579              	.LASF36:
 1580 0034 6366675F 		.ascii	"cfg_memset_list\000"
 1580      6D656D73 
 1580      65745F6C 
 1580      69737400 
 1581              	.LASF23:
 1582 0044 436C6F63 		.ascii	"ClockSetup\000"
 1582      6B536574 
 1582      757000
 1583              	.LASF6:
 1584 004f 73686F72 		.ascii	"short unsigned int\000"
 1584      7420756E 
 1584      7369676E 
 1584      65642069 
 1584      6E7400
 1585              	.LASF26:
ARM GAS  C:\Users\Fischer\AppData\Local\Temp\ccTyR7Y7.s 			page 36


 1586 0062 706C6C4C 		.ascii	"pllLock\000"
 1586      6F636B00 
 1587              	.LASF16:
 1588 006a 666C6F61 		.ascii	"float\000"
 1588      7400
 1589              	.LASF42:
 1590 0070 4379436C 		.ascii	"CyClockStartupError\000"
 1590      6F636B53 
 1590      74617274 
 1590      75704572 
 1590      726F7200 
 1591              	.LASF28:
 1592 0084 64657374 		.ascii	"dest\000"
 1592      00
 1593              	.LASF34:
 1594 0089 73697A65 		.ascii	"size\000"
 1594      00
 1595              	.LASF39:
 1596 008e 474E5520 		.ascii	"GNU C11 5.4.1 20160609 (release) [ARM/embedded-5-br"
 1596      43313120 
 1596      352E342E 
 1596      31203230 
 1596      31363036 
 1597 00c1 616E6368 		.ascii	"anch revision 237715] -mcpu=cortex-m3 -mthumb -g -O"
 1597      20726576 
 1597      6973696F 
 1597      6E203233 
 1597      37373135 
 1598 00f4 67202D66 		.ascii	"g -ffunction-sections -ffat-lto-objects\000"
 1598      66756E63 
 1598      74696F6E 
 1598      2D736563 
 1598      74696F6E 
 1599              	.LASF18:
 1600 011c 72656738 		.ascii	"reg8\000"
 1600      00
 1601              	.LASF8:
 1602 0121 6C6F6E67 		.ascii	"long unsigned int\000"
 1602      20756E73 
 1602      69676E65 
 1602      6420696E 
 1602      7400
 1603              	.LASF13:
 1604 0133 75696E74 		.ascii	"uint8\000"
 1604      3800
 1605              	.LASF21:
 1606 0139 43594D45 		.ascii	"CYMEMZERO\000"
 1606      4D5A4552 
 1606      4F00
 1607              	.LASF31:
 1608 0143 53657441 		.ascii	"SetAnalogRoutingPumps\000"
 1608      6E616C6F 
 1608      67526F75 
 1608      74696E67 
 1608      50756D70 
 1609              	.LASF4:
 1610 0159 756E7369 		.ascii	"unsigned char\000"
ARM GAS  C:\Users\Fischer\AppData\Local\Temp\ccTyR7Y7.s 			page 37


 1610      676E6564 
 1610      20636861 
 1610      7200
 1611              	.LASF37:
 1612 0167 6D656D73 		.ascii	"memset\000"
 1612      657400
 1613              	.LASF17:
 1614 016e 646F7562 		.ascii	"double\000"
 1614      6C6500
 1615              	.LASF32:
 1616 0175 63796669 		.ascii	"cyfitter_cfg\000"
 1616      74746572 
 1616      5F636667 
 1616      00
 1617              	.LASF14:
 1618 0182 75696E74 		.ascii	"uint16\000"
 1618      313600
 1619              	.LASF22:
 1620 0189 6572726F 		.ascii	"errorCode\000"
 1620      72436F64 
 1620      6500
 1621              	.LASF15:
 1622 0193 75696E74 		.ascii	"uint32\000"
 1622      333200
 1623              	.LASF41:
 1624 019a 433A5C55 		.ascii	"C:\\Users\\Fischer\\Documents\\GitHub\\kanzi\\PSoC\\"
 1624      73657273 
 1624      5C466973 
 1624      63686572 
 1624      5C446F63 
 1625 01c7 576F726B 		.ascii	"Workspace01\\svm_software.cydsn\000"
 1625      73706163 
 1625      6530315C 
 1625      73766D5F 
 1625      736F6674 
 1626              	.LASF0:
 1627 01e6 756E7369 		.ascii	"unsigned int\000"
 1627      676E6564 
 1627      20696E74 
 1627      00
 1628              	.LASF33:
 1629 01f3 61646472 		.ascii	"address\000"
 1629      65737300 
 1630              	.LASF9:
 1631 01fb 6C6F6E67 		.ascii	"long long unsigned int\000"
 1631      206C6F6E 
 1631      6720756E 
 1631      7369676E 
 1631      65642069 
 1632              	.LASF35:
 1633 0212 6366675F 		.ascii	"cfg_memset_t\000"
 1633      6D656D73 
 1633      65745F74 
 1633      00
 1634              	.LASF10:
 1635 021f 73697A65 		.ascii	"sizetype\000"
 1635      74797065 
ARM GAS  C:\Users\Fischer\AppData\Local\Temp\ccTyR7Y7.s 			page 38


 1635      00
 1636              	.LASF1:
 1637 0228 6C6F6E67 		.ascii	"long long int\000"
 1637      206C6F6E 
 1637      6720696E 
 1637      7400
 1638              	.LASF40:
 1639 0236 47656E65 		.ascii	"Generated_Source\\PSoC5\\cyfitter_cfg.c\000"
 1639      72617465 
 1639      645F536F 
 1639      75726365 
 1639      5C50536F 
 1640              	.LASF38:
 1641 025c 6D656D63 		.ascii	"memcpy\000"
 1641      707900
 1642              	.LASF5:
 1643 0263 73686F72 		.ascii	"short int\000"
 1643      7420696E 
 1643      7400
 1644              	.LASF29:
 1645 026d 656E6162 		.ascii	"enabled\000"
 1645      6C656400 
 1646              	.LASF7:
 1647 0275 6C6F6E67 		.ascii	"long int\000"
 1647      20696E74 
 1647      00
 1648              	.LASF11:
 1649 027e 63686172 		.ascii	"char\000"
 1649      00
 1650              	.LASF2:
 1651 0283 6C6F6E67 		.ascii	"long double\000"
 1651      20646F75 
 1651      626C6500 
 1652              	.LASF24:
 1653 028f 62675F78 		.ascii	"bg_xover_inl_trim\000"
 1653      6F766572 
 1653      5F696E6C 
 1653      5F747269 
 1653      6D00
 1654              	.LASF3:
 1655 02a1 7369676E 		.ascii	"signed char\000"
 1655      65642063 
 1655      68617200 
 1656              	.LASF30:
 1657 02ad 72656756 		.ascii	"regValue\000"
 1657      616C7565 
 1657      00
 1658              	.LASF27:
 1659 02b6 4359434F 		.ascii	"CYCONFIGCPY\000"
 1659      4E464947 
 1659      43505900 
 1660              		.ident	"GCC: (GNU Tools for ARM Embedded Processors) 5.4.1 20160609 (release) [ARM/embedded-5-bran
