Archive member included to satisfy reference by file (symbol)

.\CortexM3\ARM_GCC_541\Debug\svm_software.a(LEFT_HALL_A.o)
                              .\CortexM3\ARM_GCC_541\Debug\main.o (LEFT_HALL_A_Read)
.\CortexM3\ARM_GCC_541\Debug\svm_software.a(LEFT_HALL_B.o)
                              .\CortexM3\ARM_GCC_541\Debug\main.o (LEFT_HALL_B_Read)
.\CortexM3\ARM_GCC_541\Debug\svm_software.a(LEFT_HALL_C.o)
                              .\CortexM3\ARM_GCC_541\Debug\main.o (LEFT_HALL_C_Read)
.\CortexM3\ARM_GCC_541\Debug\svm_software.a(LEFT_HA.o)
                              .\CortexM3\ARM_GCC_541\Debug\main.o (LEFT_HA_Write)
.\CortexM3\ARM_GCC_541\Debug\svm_software.a(LEFT_LA.o)
                              .\CortexM3\ARM_GCC_541\Debug\main.o (LEFT_LA_Write)
.\CortexM3\ARM_GCC_541\Debug\svm_software.a(LEFT_HB.o)
                              .\CortexM3\ARM_GCC_541\Debug\main.o (LEFT_HB_Write)
.\CortexM3\ARM_GCC_541\Debug\svm_software.a(LEFT_LB.o)
                              .\CortexM3\ARM_GCC_541\Debug\main.o (LEFT_LB_Write)
.\CortexM3\ARM_GCC_541\Debug\svm_software.a(LEFT_HC.o)
                              .\CortexM3\ARM_GCC_541\Debug\main.o (LEFT_HC_Write)
.\CortexM3\ARM_GCC_541\Debug\svm_software.a(LEFT_LC.o)
                              .\CortexM3\ARM_GCC_541\Debug\main.o (LEFT_LC_Write)
.\CortexM3\ARM_GCC_541\Debug\svm_software.a(CyLib.o)
                              .\CortexM3\ARM_GCC_541\Debug\Cm3Start.o (CyHalt)
.\CortexM3\ARM_GCC_541\Debug\svm_software.a(cyPm.o)
                              .\CortexM3\ARM_GCC_541\Debug\svm_software.a(CyLib.o) (CyPmReadStatus)
.\CortexM3\ARM_GCC_541\Debug\svm_software.a(LEFT_DIR.o)
                              .\CortexM3\ARM_GCC_541\Debug\main.o (LEFT_DIR_Read)
.\CortexM3\ARM_GCC_541\Debug\svm_software.a(CyBootAsmGnu.o)
                              .\CortexM3\ARM_GCC_541\Debug\cyfitter_cfg.o (CyDelayCycles)
.\CortexM3\ARM_GCC_541\Debug\svm_software.a(CyFlash.o)
                              .\CortexM3\ARM_GCC_541\Debug\svm_software.a(cyPm.o) (CyFlash_SetWaitCycles)
.\CortexM3\ARM_GCC_541\Debug\svm_software.a(CySpc.o)
                              .\CortexM3\ARM_GCC_541\Debug\svm_software.a(CyFlash.o) (CySpcStart)
c:/program files (x86)/cypress/psoc creator/4.2/psoc creator/import/gnu/arm/5.4.1/bin/../lib/gcc/arm-none-eabi/5.4.1/../../../../arm-none-eabi/lib/armv7-m\libg_nano.a(lib_a-errno.o)
                              .\CortexM3\ARM_GCC_541\Debug\Cm3Start.o (__errno)
c:/program files (x86)/cypress/psoc creator/4.2/psoc creator/import/gnu/arm/5.4.1/bin/../lib/gcc/arm-none-eabi/5.4.1/../../../../arm-none-eabi/lib/armv7-m\libg_nano.a(lib_a-exit.o)
                              c:/program files (x86)/cypress/psoc creator/4.2/psoc creator/import/gnu/arm/5.4.1/bin/../lib/gcc/arm-none-eabi/5.4.1/../../../../arm-none-eabi/lib/armv7-m/crt0.o (exit)
c:/program files (x86)/cypress/psoc creator/4.2/psoc creator/import/gnu/arm/5.4.1/bin/../lib/gcc/arm-none-eabi/5.4.1/../../../../arm-none-eabi/lib/armv7-m\libg_nano.a(lib_a-impure.o)
                              c:/program files (x86)/cypress/psoc creator/4.2/psoc creator/import/gnu/arm/5.4.1/bin/../lib/gcc/arm-none-eabi/5.4.1/../../../../arm-none-eabi/lib/armv7-m\libg_nano.a(lib_a-exit.o) (_global_impure_ptr)
c:/program files (x86)/cypress/psoc creator/4.2/psoc creator/import/gnu/arm/5.4.1/bin/../lib/gcc/arm-none-eabi/5.4.1/../../../../arm-none-eabi/lib/armv7-m\libg_nano.a(lib_a-init.o)
                              c:/program files (x86)/cypress/psoc creator/4.2/psoc creator/import/gnu/arm/5.4.1/bin/../lib/gcc/arm-none-eabi/5.4.1/../../../../arm-none-eabi/lib/armv7-m/crt0.o (__libc_init_array)
c:/program files (x86)/cypress/psoc creator/4.2/psoc creator/import/gnu/arm/5.4.1/bin/../lib/gcc/arm-none-eabi/5.4.1/../../../../arm-none-eabi/lib/armv7-m\libg_nano.a(lib_a-memcpy-stub.o)
                              .\CortexM3\ARM_GCC_541\Debug\cyfitter_cfg.o (memcpy)
c:/program files (x86)/cypress/psoc creator/4.2/psoc creator/import/gnu/arm/5.4.1/bin/../lib/gcc/arm-none-eabi/5.4.1/../../../../arm-none-eabi/lib/armv7-m\libg_nano.a(lib_a-memset.o)
                              c:/program files (x86)/cypress/psoc creator/4.2/psoc creator/import/gnu/arm/5.4.1/bin/../lib/gcc/arm-none-eabi/5.4.1/../../../../arm-none-eabi/lib/armv7-m/crt0.o (memset)

Allocating common symbols
Common symbol       size              file

dieTemperature      0x2               .\CortexM3\ARM_GCC_541\Debug\svm_software.a(CyFlash.o)

Discarded input sections

 .text          0x00000000        0x0 c:/program files (x86)/cypress/psoc creator/4.2/psoc creator/import/gnu/arm/5.4.1/bin/../lib/gcc/arm-none-eabi/5.4.1/armv7-m/crti.o
 .data          0x00000000        0x0 c:/program files (x86)/cypress/psoc creator/4.2/psoc creator/import/gnu/arm/5.4.1/bin/../lib/gcc/arm-none-eabi/5.4.1/armv7-m/crti.o
 .bss           0x00000000        0x0 c:/program files (x86)/cypress/psoc creator/4.2/psoc creator/import/gnu/arm/5.4.1/bin/../lib/gcc/arm-none-eabi/5.4.1/armv7-m/crti.o
 .data          0x00000000        0x4 c:/program files (x86)/cypress/psoc creator/4.2/psoc creator/import/gnu/arm/5.4.1/bin/../lib/gcc/arm-none-eabi/5.4.1/armv7-m/crtbegin.o
 .text          0x00000000       0x74 c:/program files (x86)/cypress/psoc creator/4.2/psoc creator/import/gnu/arm/5.4.1/bin/../lib/gcc/arm-none-eabi/5.4.1/../../../../arm-none-eabi/lib/armv7-m/crt0.o
 .data          0x00000000        0x0 c:/program files (x86)/cypress/psoc creator/4.2/psoc creator/import/gnu/arm/5.4.1/bin/../lib/gcc/arm-none-eabi/5.4.1/../../../../arm-none-eabi/lib/armv7-m/crt0.o
 .bss           0x00000000        0x0 c:/program files (x86)/cypress/psoc creator/4.2/psoc creator/import/gnu/arm/5.4.1/bin/../lib/gcc/arm-none-eabi/5.4.1/../../../../arm-none-eabi/lib/armv7-m/crt0.o
 .ARM.extab     0x00000000        0x0 c:/program files (x86)/cypress/psoc creator/4.2/psoc creator/import/gnu/arm/5.4.1/bin/../lib/gcc/arm-none-eabi/5.4.1/../../../../arm-none-eabi/lib/armv7-m/crt0.o
 .ARM.exidx     0x00000000        0x8 c:/program files (x86)/cypress/psoc creator/4.2/psoc creator/import/gnu/arm/5.4.1/bin/../lib/gcc/arm-none-eabi/5.4.1/../../../../arm-none-eabi/lib/armv7-m/crt0.o
 .text          0x00000000        0x0 .\CortexM3\ARM_GCC_541\Debug\main.o
 .data          0x00000000        0x0 .\CortexM3\ARM_GCC_541\Debug\main.o
 .bss           0x00000000        0x0 .\CortexM3\ARM_GCC_541\Debug\main.o
 .text          0x00000000        0x0 .\CortexM3\ARM_GCC_541\Debug\cyfitter_cfg.o
 .data          0x00000000        0x0 .\CortexM3\ARM_GCC_541\Debug\cyfitter_cfg.o
 .bss           0x00000000        0x0 .\CortexM3\ARM_GCC_541\Debug\cyfitter_cfg.o
 .text.SetAnalogRoutingPumps
                0x00000000       0x10 .\CortexM3\ARM_GCC_541\Debug\cyfitter_cfg.o
 .text          0x00000000        0x0 .\CortexM3\ARM_GCC_541\Debug\cymetadata.o
 .data          0x00000000        0x0 .\CortexM3\ARM_GCC_541\Debug\cymetadata.o
 .bss           0x00000000        0x0 .\CortexM3\ARM_GCC_541\Debug\cymetadata.o
 .text          0x00000000        0x0 .\CortexM3\ARM_GCC_541\Debug\Cm3Start.o
 .data          0x00000000        0x4 .\CortexM3\ARM_GCC_541\Debug\Cm3Start.o
 .bss           0x00000000        0x0 .\CortexM3\ARM_GCC_541\Debug\Cm3Start.o
 .text._exit    0x00000000        0xc .\CortexM3\ARM_GCC_541\Debug\Cm3Start.o
 .text._sbrk    0x00000000       0x30 .\CortexM3\ARM_GCC_541\Debug\Cm3Start.o
 .text          0x00000000        0x0 .\CortexM3\ARM_GCC_541\Debug\svm_software.a(LEFT_HALL_A.o)
 .data          0x00000000        0x0 .\CortexM3\ARM_GCC_541\Debug\svm_software.a(LEFT_HALL_A.o)
 .bss           0x00000000        0x0 .\CortexM3\ARM_GCC_541\Debug\svm_software.a(LEFT_HALL_A.o)
 .text.LEFT_HALL_A_Write
                0x00000000       0x18 .\CortexM3\ARM_GCC_541\Debug\svm_software.a(LEFT_HALL_A.o)
 .text.LEFT_HALL_A_SetDriveMode
                0x00000000       0x18 .\CortexM3\ARM_GCC_541\Debug\svm_software.a(LEFT_HALL_A.o)
 .text.LEFT_HALL_A_ReadDataReg
                0x00000000       0x10 .\CortexM3\ARM_GCC_541\Debug\svm_software.a(LEFT_HALL_A.o)
 .text          0x00000000        0x0 .\CortexM3\ARM_GCC_541\Debug\svm_software.a(LEFT_HALL_B.o)
 .data          0x00000000        0x0 .\CortexM3\ARM_GCC_541\Debug\svm_software.a(LEFT_HALL_B.o)
 .bss           0x00000000        0x0 .\CortexM3\ARM_GCC_541\Debug\svm_software.a(LEFT_HALL_B.o)
 .text.LEFT_HALL_B_Write
                0x00000000       0x18 .\CortexM3\ARM_GCC_541\Debug\svm_software.a(LEFT_HALL_B.o)
 .text.LEFT_HALL_B_SetDriveMode
                0x00000000       0x18 .\CortexM3\ARM_GCC_541\Debug\svm_software.a(LEFT_HALL_B.o)
 .text.LEFT_HALL_B_ReadDataReg
                0x00000000       0x10 .\CortexM3\ARM_GCC_541\Debug\svm_software.a(LEFT_HALL_B.o)
 .text          0x00000000        0x0 .\CortexM3\ARM_GCC_541\Debug\svm_software.a(LEFT_HALL_C.o)
 .data          0x00000000        0x0 .\CortexM3\ARM_GCC_541\Debug\svm_software.a(LEFT_HALL_C.o)
 .bss           0x00000000        0x0 .\CortexM3\ARM_GCC_541\Debug\svm_software.a(LEFT_HALL_C.o)
 .text.LEFT_HALL_C_Write
                0x00000000       0x18 .\CortexM3\ARM_GCC_541\Debug\svm_software.a(LEFT_HALL_C.o)
 .text.LEFT_HALL_C_SetDriveMode
                0x00000000       0x18 .\CortexM3\ARM_GCC_541\Debug\svm_software.a(LEFT_HALL_C.o)
 .text.LEFT_HALL_C_ReadDataReg
                0x00000000        0xc .\CortexM3\ARM_GCC_541\Debug\svm_software.a(LEFT_HALL_C.o)
 .text          0x00000000        0x0 .\CortexM3\ARM_GCC_541\Debug\svm_software.a(LEFT_HA.o)
 .data          0x00000000        0x0 .\CortexM3\ARM_GCC_541\Debug\svm_software.a(LEFT_HA.o)
 .bss           0x00000000        0x0 .\CortexM3\ARM_GCC_541\Debug\svm_software.a(LEFT_HA.o)
 .text.LEFT_HA_SetDriveMode
                0x00000000       0x18 .\CortexM3\ARM_GCC_541\Debug\svm_software.a(LEFT_HA.o)
 .text.LEFT_HA_Read
                0x00000000       0x10 .\CortexM3\ARM_GCC_541\Debug\svm_software.a(LEFT_HA.o)
 .text.LEFT_HA_ReadDataReg
                0x00000000       0x10 .\CortexM3\ARM_GCC_541\Debug\svm_software.a(LEFT_HA.o)
 .text          0x00000000        0x0 .\CortexM3\ARM_GCC_541\Debug\svm_software.a(LEFT_LA.o)
 .data          0x00000000        0x0 .\CortexM3\ARM_GCC_541\Debug\svm_software.a(LEFT_LA.o)
 .bss           0x00000000        0x0 .\CortexM3\ARM_GCC_541\Debug\svm_software.a(LEFT_LA.o)
 .text.LEFT_LA_SetDriveMode
                0x00000000       0x18 .\CortexM3\ARM_GCC_541\Debug\svm_software.a(LEFT_LA.o)
 .text.LEFT_LA_Read
                0x00000000       0x10 .\CortexM3\ARM_GCC_541\Debug\svm_software.a(LEFT_LA.o)
 .text.LEFT_LA_ReadDataReg
                0x00000000       0x10 .\CortexM3\ARM_GCC_541\Debug\svm_software.a(LEFT_LA.o)
 .text          0x00000000        0x0 .\CortexM3\ARM_GCC_541\Debug\svm_software.a(LEFT_HB.o)
 .data          0x00000000        0x0 .\CortexM3\ARM_GCC_541\Debug\svm_software.a(LEFT_HB.o)
 .bss           0x00000000        0x0 .\CortexM3\ARM_GCC_541\Debug\svm_software.a(LEFT_HB.o)
 .text.LEFT_HB_SetDriveMode
                0x00000000       0x18 .\CortexM3\ARM_GCC_541\Debug\svm_software.a(LEFT_HB.o)
 .text.LEFT_HB_Read
                0x00000000       0x10 .\CortexM3\ARM_GCC_541\Debug\svm_software.a(LEFT_HB.o)
 .text.LEFT_HB_ReadDataReg
                0x00000000       0x10 .\CortexM3\ARM_GCC_541\Debug\svm_software.a(LEFT_HB.o)
 .text          0x00000000        0x0 .\CortexM3\ARM_GCC_541\Debug\svm_software.a(LEFT_LB.o)
 .data          0x00000000        0x0 .\CortexM3\ARM_GCC_541\Debug\svm_software.a(LEFT_LB.o)
 .bss           0x00000000        0x0 .\CortexM3\ARM_GCC_541\Debug\svm_software.a(LEFT_LB.o)
 .text.LEFT_LB_SetDriveMode
                0x00000000       0x18 .\CortexM3\ARM_GCC_541\Debug\svm_software.a(LEFT_LB.o)
 .text.LEFT_LB_Read
                0x00000000       0x10 .\CortexM3\ARM_GCC_541\Debug\svm_software.a(LEFT_LB.o)
 .text.LEFT_LB_ReadDataReg
                0x00000000       0x10 .\CortexM3\ARM_GCC_541\Debug\svm_software.a(LEFT_LB.o)
 .text          0x00000000        0x0 .\CortexM3\ARM_GCC_541\Debug\svm_software.a(LEFT_HC.o)
 .data          0x00000000        0x0 .\CortexM3\ARM_GCC_541\Debug\svm_software.a(LEFT_HC.o)
 .bss           0x00000000        0x0 .\CortexM3\ARM_GCC_541\Debug\svm_software.a(LEFT_HC.o)
 .text.LEFT_HC_SetDriveMode
                0x00000000       0x18 .\CortexM3\ARM_GCC_541\Debug\svm_software.a(LEFT_HC.o)
 .text.LEFT_HC_Read
                0x00000000       0x10 .\CortexM3\ARM_GCC_541\Debug\svm_software.a(LEFT_HC.o)
 .text.LEFT_HC_ReadDataReg
                0x00000000       0x10 .\CortexM3\ARM_GCC_541\Debug\svm_software.a(LEFT_HC.o)
 .text          0x00000000        0x0 .\CortexM3\ARM_GCC_541\Debug\svm_software.a(LEFT_LC.o)
 .data          0x00000000        0x0 .\CortexM3\ARM_GCC_541\Debug\svm_software.a(LEFT_LC.o)
 .bss           0x00000000        0x0 .\CortexM3\ARM_GCC_541\Debug\svm_software.a(LEFT_LC.o)
 .text.LEFT_LC_SetDriveMode
                0x00000000       0x18 .\CortexM3\ARM_GCC_541\Debug\svm_software.a(LEFT_LC.o)
 .text.LEFT_LC_Read
                0x00000000       0x10 .\CortexM3\ARM_GCC_541\Debug\svm_software.a(LEFT_LC.o)
 .text.LEFT_LC_ReadDataReg
                0x00000000       0x10 .\CortexM3\ARM_GCC_541\Debug\svm_software.a(LEFT_LC.o)
 .text          0x00000000        0x0 .\CortexM3\ARM_GCC_541\Debug\svm_software.a(CyLib.o)
 .data          0x00000000       0x10 .\CortexM3\ARM_GCC_541\Debug\svm_software.a(CyLib.o)
 .bss           0x00000000       0x1c .\CortexM3\ARM_GCC_541\Debug\svm_software.a(CyLib.o)
 .text.CyUSB_PowerOnCheck
                0x00000000       0x48 .\CortexM3\ARM_GCC_541\Debug\svm_software.a(CyLib.o)
 .text.CyBusClk_Internal_SetDivider
                0x00000000       0x48 .\CortexM3\ARM_GCC_541\Debug\svm_software.a(CyLib.o)
 .text.CyPLL_OUT_Stop
                0x00000000       0x10 .\CortexM3\ARM_GCC_541\Debug\svm_software.a(CyLib.o)
 .text.CyIMO_Stop
                0x00000000       0x1c .\CortexM3\ARM_GCC_541\Debug\svm_software.a(CyLib.o)
 .text.CyIMO_EnableDoubler
                0x00000000       0x10 .\CortexM3\ARM_GCC_541\Debug\svm_software.a(CyLib.o)
 .text.CyIMO_DisableDoubler
                0x00000000       0x10 .\CortexM3\ARM_GCC_541\Debug\svm_software.a(CyLib.o)
 .text.CyMasterClk_SetSource
                0x00000000       0x18 .\CortexM3\ARM_GCC_541\Debug\svm_software.a(CyLib.o)
 .text.CyMasterClk_SetDivider
                0x00000000        0xc .\CortexM3\ARM_GCC_541\Debug\svm_software.a(CyLib.o)
 .text.CyBusClk_SetDivider
                0x00000000       0x70 .\CortexM3\ARM_GCC_541\Debug\svm_software.a(CyLib.o)
 .text.CyUsbClk_SetSource
                0x00000000       0x18 .\CortexM3\ARM_GCC_541\Debug\svm_software.a(CyLib.o)
 .text.CyILO_Start1K
                0x00000000       0x10 .\CortexM3\ARM_GCC_541\Debug\svm_software.a(CyLib.o)
 .text.CyILO_Stop1K
                0x00000000       0x10 .\CortexM3\ARM_GCC_541\Debug\svm_software.a(CyLib.o)
 .text.CyILO_Start100K
                0x00000000       0x10 .\CortexM3\ARM_GCC_541\Debug\svm_software.a(CyLib.o)
 .text.CyILO_Stop100K
                0x00000000       0x10 .\CortexM3\ARM_GCC_541\Debug\svm_software.a(CyLib.o)
 .text.CyPLL_OUT_Start
                0x00000000       0x78 .\CortexM3\ARM_GCC_541\Debug\svm_software.a(CyLib.o)
 .text.CyIMO_Start
                0x00000000       0x60 .\CortexM3\ARM_GCC_541\Debug\svm_software.a(CyLib.o)
 .text.CyILO_Enable33K
                0x00000000       0x10 .\CortexM3\ARM_GCC_541\Debug\svm_software.a(CyLib.o)
 .text.CyILO_Disable33K
                0x00000000       0x10 .\CortexM3\ARM_GCC_541\Debug\svm_software.a(CyLib.o)
 .text.CyILO_SetSource
                0x00000000       0x18 .\CortexM3\ARM_GCC_541\Debug\svm_software.a(CyLib.o)
 .text.CyILO_SetPowerMode
                0x00000000       0x24 .\CortexM3\ARM_GCC_541\Debug\svm_software.a(CyLib.o)
 .text.CyXTAL_32KHZ_Stop
                0x00000000       0x30 .\CortexM3\ARM_GCC_541\Debug\svm_software.a(CyLib.o)
 .text.CyXTAL_32KHZ_ReadStatus
                0x00000000       0x10 .\CortexM3\ARM_GCC_541\Debug\svm_software.a(CyLib.o)
 .text.CyXTAL_Start
                0x00000000       0xac .\CortexM3\ARM_GCC_541\Debug\svm_software.a(CyLib.o)
 .text.CyXTAL_Stop
                0x00000000       0x10 .\CortexM3\ARM_GCC_541\Debug\svm_software.a(CyLib.o)
 .text.CyXTAL_EnableErrStatus
                0x00000000       0x10 .\CortexM3\ARM_GCC_541\Debug\svm_software.a(CyLib.o)
 .text.CyXTAL_DisableErrStatus
                0x00000000       0x10 .\CortexM3\ARM_GCC_541\Debug\svm_software.a(CyLib.o)
 .text.CyXTAL_ReadStatus
                0x00000000       0x18 .\CortexM3\ARM_GCC_541\Debug\svm_software.a(CyLib.o)
 .text.CyXTAL_EnableFaultRecovery
                0x00000000       0x10 .\CortexM3\ARM_GCC_541\Debug\svm_software.a(CyLib.o)
 .text.CyXTAL_DisableFaultRecovery
                0x00000000       0x10 .\CortexM3\ARM_GCC_541\Debug\svm_software.a(CyLib.o)
 .text.CyXTAL_SetStartup
                0x00000000       0x18 .\CortexM3\ARM_GCC_541\Debug\svm_software.a(CyLib.o)
 .text.CyXTAL_SetFbVoltage
                0x00000000       0x18 .\CortexM3\ARM_GCC_541\Debug\svm_software.a(CyLib.o)
 .text.CyXTAL_SetWdVoltage
                0x00000000       0x18 .\CortexM3\ARM_GCC_541\Debug\svm_software.a(CyLib.o)
 .text.CyHalt   0x00000000        0x4 .\CortexM3\ARM_GCC_541\Debug\svm_software.a(CyLib.o)
 .text.CyPLL_OUT_SetPQ
                0x00000000       0x60 .\CortexM3\ARM_GCC_541\Debug\svm_software.a(CyLib.o)
 .text.CyPLL_OUT_SetSource
                0x00000000       0x34 .\CortexM3\ARM_GCC_541\Debug\svm_software.a(CyLib.o)
 .text.CyIMO_SetTrimValue
                0x00000000       0xcc .\CortexM3\ARM_GCC_541\Debug\svm_software.a(CyLib.o)
 .text.CyIMO_SetFreq
                0x00000000       0xf4 .\CortexM3\ARM_GCC_541\Debug\svm_software.a(CyLib.o)
 .text.CyIMO_SetSource
                0x00000000       0x58 .\CortexM3\ARM_GCC_541\Debug\svm_software.a(CyLib.o)
 .text.CySoftwareReset
                0x00000000       0x10 .\CortexM3\ARM_GCC_541\Debug\svm_software.a(CyLib.o)
 .text.CyDelay  0x00000000       0x2c .\CortexM3\ARM_GCC_541\Debug\svm_software.a(CyLib.o)
 .text.CyDelayUs
                0x00000000       0x14 .\CortexM3\ARM_GCC_541\Debug\svm_software.a(CyLib.o)
 .text.CyXTAL_32KHZ_SetPowerMode
                0x00000000       0x84 .\CortexM3\ARM_GCC_541\Debug\svm_software.a(CyLib.o)
 .text.CyXTAL_32KHZ_Start
                0x00000000       0x74 .\CortexM3\ARM_GCC_541\Debug\svm_software.a(CyLib.o)
 .text.CyDelayFreq
                0x00000000       0x4c .\CortexM3\ARM_GCC_541\Debug\svm_software.a(CyLib.o)
 .text.CyWdtStart
                0x00000000       0x40 .\CortexM3\ARM_GCC_541\Debug\svm_software.a(CyLib.o)
 .text.CyWdtClear
                0x00000000        0xc .\CortexM3\ARM_GCC_541\Debug\svm_software.a(CyLib.o)
 .text.CyVdStickyStatus
                0x00000000       0x2c .\CortexM3\ARM_GCC_541\Debug\svm_software.a(CyLib.o)
 .text.CyVdLvDigitEnable
                0x00000000       0x84 .\CortexM3\ARM_GCC_541\Debug\svm_software.a(CyLib.o)
 .text.CyVdLvAnalogEnable
                0x00000000       0x80 .\CortexM3\ARM_GCC_541\Debug\svm_software.a(CyLib.o)
 .text.CyVdLvDigitDisable
                0x00000000       0x30 .\CortexM3\ARM_GCC_541\Debug\svm_software.a(CyLib.o)
 .text.CyVdLvAnalogDisable
                0x00000000       0x28 .\CortexM3\ARM_GCC_541\Debug\svm_software.a(CyLib.o)
 .text.CyVdHvAnalogEnable
                0x00000000       0x54 .\CortexM3\ARM_GCC_541\Debug\svm_software.a(CyLib.o)
 .text.CyVdHvAnalogDisable
                0x00000000       0x20 .\CortexM3\ARM_GCC_541\Debug\svm_software.a(CyLib.o)
 .text.CyVdRealTimeStatus
                0x00000000       0x1c .\CortexM3\ARM_GCC_541\Debug\svm_software.a(CyLib.o)
 .text.CyDisableInts
                0x00000000       0x1c .\CortexM3\ARM_GCC_541\Debug\svm_software.a(CyLib.o)
 .text.CyEnableInts
                0x00000000       0x18 .\CortexM3\ARM_GCC_541\Debug\svm_software.a(CyLib.o)
 .text.CyFlushCache
                0x00000000       0x44 .\CortexM3\ARM_GCC_541\Debug\svm_software.a(CyLib.o)
 .text.CyIntSetSysVector
                0x00000000       0x28 .\CortexM3\ARM_GCC_541\Debug\svm_software.a(CyLib.o)
 .text.CyIntGetSysVector
                0x00000000       0x20 .\CortexM3\ARM_GCC_541\Debug\svm_software.a(CyLib.o)
 .text.CyIntSetVector
                0x00000000       0x28 .\CortexM3\ARM_GCC_541\Debug\svm_software.a(CyLib.o)
 .text.CyIntGetVector
                0x00000000       0x24 .\CortexM3\ARM_GCC_541\Debug\svm_software.a(CyLib.o)
 .text.CyIntSetPriority
                0x00000000       0x30 .\CortexM3\ARM_GCC_541\Debug\svm_software.a(CyLib.o)
 .text.CyIntGetPriority
                0x00000000       0x20 .\CortexM3\ARM_GCC_541\Debug\svm_software.a(CyLib.o)
 .text.CyIntGetState
                0x00000000       0x24 .\CortexM3\ARM_GCC_541\Debug\svm_software.a(CyLib.o)
 .text.CySysTickStop
                0x00000000       0x10 .\CortexM3\ARM_GCC_541\Debug\svm_software.a(CyLib.o)
 .text.CySysTickEnableInterrupt
                0x00000000       0x10 .\CortexM3\ARM_GCC_541\Debug\svm_software.a(CyLib.o)
 .text.CySysTickEnable
                0x00000000       0x18 .\CortexM3\ARM_GCC_541\Debug\svm_software.a(CyLib.o)
 .text.CySysTickDisableInterrupt
                0x00000000       0x10 .\CortexM3\ARM_GCC_541\Debug\svm_software.a(CyLib.o)
 .text.CySysTickSetReload
                0x00000000       0x10 .\CortexM3\ARM_GCC_541\Debug\svm_software.a(CyLib.o)
 .text.CySysTickGetReload
                0x00000000       0x10 .\CortexM3\ARM_GCC_541\Debug\svm_software.a(CyLib.o)
 .text.CySysTickGetValue
                0x00000000       0x10 .\CortexM3\ARM_GCC_541\Debug\svm_software.a(CyLib.o)
 .text.CySysTickSetClockSource
                0x00000000       0x20 .\CortexM3\ARM_GCC_541\Debug\svm_software.a(CyLib.o)
 .text.CySysTickGetClockSource
                0x00000000       0x10 .\CortexM3\ARM_GCC_541\Debug\svm_software.a(CyLib.o)
 .text.CySysTickGetCountFlag
                0x00000000       0x10 .\CortexM3\ARM_GCC_541\Debug\svm_software.a(CyLib.o)
 .text.CySysTickServiceCallbacks
                0x00000000       0x28 .\CortexM3\ARM_GCC_541\Debug\svm_software.a(CyLib.o)
 .text.CySysTickClear
                0x00000000        0xc .\CortexM3\ARM_GCC_541\Debug\svm_software.a(CyLib.o)
 .text.CySysTickInit
                0x00000000       0x58 .\CortexM3\ARM_GCC_541\Debug\svm_software.a(CyLib.o)
 .text.CySysTickStart
                0x00000000       0x1c .\CortexM3\ARM_GCC_541\Debug\svm_software.a(CyLib.o)
 .text.CySysTickSetCallback
                0x00000000       0x10 .\CortexM3\ARM_GCC_541\Debug\svm_software.a(CyLib.o)
 .text.CySysTickGetCallback
                0x00000000       0x10 .\CortexM3\ARM_GCC_541\Debug\svm_software.a(CyLib.o)
 .text.CyGetUniqueId
                0x00000000       0x70 .\CortexM3\ARM_GCC_541\Debug\svm_software.a(CyLib.o)
 .text          0x00000000        0x0 .\CortexM3\ARM_GCC_541\Debug\svm_software.a(cyPm.o)
 .data          0x00000000        0x0 .\CortexM3\ARM_GCC_541\Debug\svm_software.a(cyPm.o)
 .bss           0x00000000       0x43 .\CortexM3\ARM_GCC_541\Debug\svm_software.a(cyPm.o)
 .text.CyPmHibSlpSaveSet
                0x00000000      0x1dc .\CortexM3\ARM_GCC_541\Debug\svm_software.a(cyPm.o)
 .text.CyPmHibSlpRestore
                0x00000000       0xd8 .\CortexM3\ARM_GCC_541\Debug\svm_software.a(cyPm.o)
 .text.CyPmHviLviSaveDisable
                0x00000000       0xa0 .\CortexM3\ARM_GCC_541\Debug\svm_software.a(cyPm.o)
 .text.CyPmHibSaveSet
                0x00000000       0x98 .\CortexM3\ARM_GCC_541\Debug\svm_software.a(cyPm.o)
 .text.CyPmHviLviRestore
                0x00000000       0x48 .\CortexM3\ARM_GCC_541\Debug\svm_software.a(cyPm.o)
 .text.CyPmHibRestore
                0x00000000       0x60 .\CortexM3\ARM_GCC_541\Debug\svm_software.a(cyPm.o)
 .text.CyPmSaveClocks
                0x00000000      0x218 .\CortexM3\ARM_GCC_541\Debug\svm_software.a(cyPm.o)
 .text.CyPmRestoreClocks
                0x00000000      0x24c .\CortexM3\ARM_GCC_541\Debug\svm_software.a(cyPm.o)
 .text.CyPmAltAct
                0x00000000       0x6c .\CortexM3\ARM_GCC_541\Debug\svm_software.a(cyPm.o)
 .text.CyPmSleep
                0x00000000       0xf4 .\CortexM3\ARM_GCC_541\Debug\svm_software.a(cyPm.o)
 .text.CyPmHibernateEx
                0x00000000       0xf4 .\CortexM3\ARM_GCC_541\Debug\svm_software.a(cyPm.o)
 .text.CyPmHibernate
                0x00000000        0xc .\CortexM3\ARM_GCC_541\Debug\svm_software.a(cyPm.o)
 .text.CyPmReadStatus
                0x00000000       0x30 .\CortexM3\ARM_GCC_541\Debug\svm_software.a(cyPm.o)
 .text.CyPmCtwSetInterval
                0x00000000       0x5c .\CortexM3\ARM_GCC_541\Debug\svm_software.a(cyPm.o)
 .text.CyPmOppsSet
                0x00000000       0x2c .\CortexM3\ARM_GCC_541\Debug\svm_software.a(cyPm.o)
 .text.CyPmFtwSetInterval
                0x00000000       0x5c .\CortexM3\ARM_GCC_541\Debug\svm_software.a(cyPm.o)
 .rodata        0x00000000        0xf .\CortexM3\ARM_GCC_541\Debug\svm_software.a(cyPm.o)
 .text          0x00000000        0x0 .\CortexM3\ARM_GCC_541\Debug\svm_software.a(LEFT_DIR.o)
 .data          0x00000000        0x0 .\CortexM3\ARM_GCC_541\Debug\svm_software.a(LEFT_DIR.o)
 .bss           0x00000000        0x0 .\CortexM3\ARM_GCC_541\Debug\svm_software.a(LEFT_DIR.o)
 .text.LEFT_DIR_Write
                0x00000000       0x18 .\CortexM3\ARM_GCC_541\Debug\svm_software.a(LEFT_DIR.o)
 .text.LEFT_DIR_SetDriveMode
                0x00000000       0x18 .\CortexM3\ARM_GCC_541\Debug\svm_software.a(LEFT_DIR.o)
 .text.LEFT_DIR_ReadDataReg
                0x00000000       0x10 .\CortexM3\ARM_GCC_541\Debug\svm_software.a(LEFT_DIR.o)
 .data          0x00000000        0x0 .\CortexM3\ARM_GCC_541\Debug\svm_software.a(CyBootAsmGnu.o)
 .bss           0x00000000        0x0 .\CortexM3\ARM_GCC_541\Debug\svm_software.a(CyBootAsmGnu.o)
 .text          0x00000000        0x0 .\CortexM3\ARM_GCC_541\Debug\svm_software.a(CyFlash.o)
 .data          0x00000000        0x0 .\CortexM3\ARM_GCC_541\Debug\svm_software.a(CyFlash.o)
 .bss           0x00000000        0x0 .\CortexM3\ARM_GCC_541\Debug\svm_software.a(CyFlash.o)
 .text.CySetTempInt
                0x00000000       0x60 .\CortexM3\ARM_GCC_541\Debug\svm_software.a(CyFlash.o)
 .text.CyFlash_Start
                0x00000000       0x54 .\CortexM3\ARM_GCC_541\Debug\svm_software.a(CyFlash.o)
 .text.CyFlash_Stop
                0x00000000       0x24 .\CortexM3\ARM_GCC_541\Debug\svm_software.a(CyFlash.o)
 .text.CyFlash_EraseRow
                0x00000000       0x78 .\CortexM3\ARM_GCC_541\Debug\svm_software.a(CyFlash.o)
 .text.CyFlashGetSpcAlgorithm
                0x00000000       0x4c .\CortexM3\ARM_GCC_541\Debug\svm_software.a(CyFlash.o)
 .text.CySetTemp
                0x00000000       0x14 .\CortexM3\ARM_GCC_541\Debug\svm_software.a(CyFlash.o)
 .text.CySetFlashEEBuffer
                0x00000000       0x20 .\CortexM3\ARM_GCC_541\Debug\svm_software.a(CyFlash.o)
 .text.CyWriteRowFull
                0x00000000       0xf8 .\CortexM3\ARM_GCC_541\Debug\svm_software.a(CyFlash.o)
 .text.CyWriteRowData
                0x00000000       0x14 .\CortexM3\ARM_GCC_541\Debug\svm_software.a(CyFlash.o)
 .text.CyFlash_SetWaitCycles
                0x00000000       0x7c .\CortexM3\ARM_GCC_541\Debug\svm_software.a(CyFlash.o)
 .text.CyEEPROM_Start
                0x00000000       0x54 .\CortexM3\ARM_GCC_541\Debug\svm_software.a(CyFlash.o)
 .text.CyEEPROM_Stop
                0x00000000       0x24 .\CortexM3\ARM_GCC_541\Debug\svm_software.a(CyFlash.o)
 .text.CyEEPROM_ReadReserve
                0x00000000       0x1c .\CortexM3\ARM_GCC_541\Debug\svm_software.a(CyFlash.o)
 .text.CyEEPROM_ReadRelease
                0x00000000       0x10 .\CortexM3\ARM_GCC_541\Debug\svm_software.a(CyFlash.o)
 COMMON         0x00000000        0x2 .\CortexM3\ARM_GCC_541\Debug\svm_software.a(CyFlash.o)
 .text          0x00000000        0x0 .\CortexM3\ARM_GCC_541\Debug\svm_software.a(CySpc.o)
 .data          0x00000000        0x0 .\CortexM3\ARM_GCC_541\Debug\svm_software.a(CySpc.o)
 .bss           0x00000000        0x8 .\CortexM3\ARM_GCC_541\Debug\svm_software.a(CySpc.o)
 .text.CySpcStart
                0x00000000       0x24 .\CortexM3\ARM_GCC_541\Debug\svm_software.a(CySpc.o)
 .text.CySpcStop
                0x00000000       0x24 .\CortexM3\ARM_GCC_541\Debug\svm_software.a(CySpc.o)
 .text.CySpcReadData
                0x00000000       0x34 .\CortexM3\ARM_GCC_541\Debug\svm_software.a(CySpc.o)
 .text.CySpcLoadMultiByte
                0x00000000       0x78 .\CortexM3\ARM_GCC_541\Debug\svm_software.a(CySpc.o)
 .text.CySpcLoadRow
                0x00000000       0x50 .\CortexM3\ARM_GCC_541\Debug\svm_software.a(CySpc.o)
 .text.CySpcLoadRowFull
                0x00000000       0x80 .\CortexM3\ARM_GCC_541\Debug\svm_software.a(CySpc.o)
 .text.CySpcWriteRow
                0x00000000       0x4c .\CortexM3\ARM_GCC_541\Debug\svm_software.a(CySpc.o)
 .text.CySpcEraseSector
                0x00000000       0x3c .\CortexM3\ARM_GCC_541\Debug\svm_software.a(CySpc.o)
 .text.CySpcEraseRow
                0x00000000       0x4c .\CortexM3\ARM_GCC_541\Debug\svm_software.a(CySpc.o)
 .text.CySpcGetTemp
                0x00000000       0x3c .\CortexM3\ARM_GCC_541\Debug\svm_software.a(CySpc.o)
 .text.CySpcLock
                0x00000000       0x4c .\CortexM3\ARM_GCC_541\Debug\svm_software.a(CySpc.o)
 .text.CySpcUnlock
                0x00000000       0x38 .\CortexM3\ARM_GCC_541\Debug\svm_software.a(CySpc.o)
 .text.CySpcGetAlgorithm
                0x00000000       0x28 .\CortexM3\ARM_GCC_541\Debug\svm_software.a(CySpc.o)
 .text          0x00000000        0x0 c:/program files (x86)/cypress/psoc creator/4.2/psoc creator/import/gnu/arm/5.4.1/bin/../lib/gcc/arm-none-eabi/5.4.1/../../../../arm-none-eabi/lib/armv7-m\libg_nano.a(lib_a-errno.o)
 .data          0x00000000        0x0 c:/program files (x86)/cypress/psoc creator/4.2/psoc creator/import/gnu/arm/5.4.1/bin/../lib/gcc/arm-none-eabi/5.4.1/../../../../arm-none-eabi/lib/armv7-m\libg_nano.a(lib_a-errno.o)
 .bss           0x00000000        0x0 c:/program files (x86)/cypress/psoc creator/4.2/psoc creator/import/gnu/arm/5.4.1/bin/../lib/gcc/arm-none-eabi/5.4.1/../../../../arm-none-eabi/lib/armv7-m\libg_nano.a(lib_a-errno.o)
 .text          0x00000000        0x0 c:/program files (x86)/cypress/psoc creator/4.2/psoc creator/import/gnu/arm/5.4.1/bin/../lib/gcc/arm-none-eabi/5.4.1/../../../../arm-none-eabi/lib/armv7-m\libg_nano.a(lib_a-exit.o)
 .data          0x00000000        0x0 c:/program files (x86)/cypress/psoc creator/4.2/psoc creator/import/gnu/arm/5.4.1/bin/../lib/gcc/arm-none-eabi/5.4.1/../../../../arm-none-eabi/lib/armv7-m\libg_nano.a(lib_a-exit.o)
 .bss           0x00000000        0x0 c:/program files (x86)/cypress/psoc creator/4.2/psoc creator/import/gnu/arm/5.4.1/bin/../lib/gcc/arm-none-eabi/5.4.1/../../../../arm-none-eabi/lib/armv7-m\libg_nano.a(lib_a-exit.o)
 .text.exit     0x00000000       0x28 c:/program files (x86)/cypress/psoc creator/4.2/psoc creator/import/gnu/arm/5.4.1/bin/../lib/gcc/arm-none-eabi/5.4.1/../../../../arm-none-eabi/lib/armv7-m\libg_nano.a(lib_a-exit.o)
 .text          0x00000000        0x0 c:/program files (x86)/cypress/psoc creator/4.2/psoc creator/import/gnu/arm/5.4.1/bin/../lib/gcc/arm-none-eabi/5.4.1/../../../../arm-none-eabi/lib/armv7-m\libg_nano.a(lib_a-impure.o)
 .data          0x00000000        0x0 c:/program files (x86)/cypress/psoc creator/4.2/psoc creator/import/gnu/arm/5.4.1/bin/../lib/gcc/arm-none-eabi/5.4.1/../../../../arm-none-eabi/lib/armv7-m\libg_nano.a(lib_a-impure.o)
 .bss           0x00000000        0x0 c:/program files (x86)/cypress/psoc creator/4.2/psoc creator/import/gnu/arm/5.4.1/bin/../lib/gcc/arm-none-eabi/5.4.1/../../../../arm-none-eabi/lib/armv7-m\libg_nano.a(lib_a-impure.o)
 .rodata._global_impure_ptr
                0x00000000        0x4 c:/program files (x86)/cypress/psoc creator/4.2/psoc creator/import/gnu/arm/5.4.1/bin/../lib/gcc/arm-none-eabi/5.4.1/../../../../arm-none-eabi/lib/armv7-m\libg_nano.a(lib_a-impure.o)
 .text          0x00000000        0x0 c:/program files (x86)/cypress/psoc creator/4.2/psoc creator/import/gnu/arm/5.4.1/bin/../lib/gcc/arm-none-eabi/5.4.1/../../../../arm-none-eabi/lib/armv7-m\libg_nano.a(lib_a-init.o)
 .data          0x00000000        0x0 c:/program files (x86)/cypress/psoc creator/4.2/psoc creator/import/gnu/arm/5.4.1/bin/../lib/gcc/arm-none-eabi/5.4.1/../../../../arm-none-eabi/lib/armv7-m\libg_nano.a(lib_a-init.o)
 .bss           0x00000000        0x0 c:/program files (x86)/cypress/psoc creator/4.2/psoc creator/import/gnu/arm/5.4.1/bin/../lib/gcc/arm-none-eabi/5.4.1/../../../../arm-none-eabi/lib/armv7-m\libg_nano.a(lib_a-init.o)
 .text          0x00000000        0x0 c:/program files (x86)/cypress/psoc creator/4.2/psoc creator/import/gnu/arm/5.4.1/bin/../lib/gcc/arm-none-eabi/5.4.1/../../../../arm-none-eabi/lib/armv7-m\libg_nano.a(lib_a-memcpy-stub.o)
 .data          0x00000000        0x0 c:/program files (x86)/cypress/psoc creator/4.2/psoc creator/import/gnu/arm/5.4.1/bin/../lib/gcc/arm-none-eabi/5.4.1/../../../../arm-none-eabi/lib/armv7-m\libg_nano.a(lib_a-memcpy-stub.o)
 .bss           0x00000000        0x0 c:/program files (x86)/cypress/psoc creator/4.2/psoc creator/import/gnu/arm/5.4.1/bin/../lib/gcc/arm-none-eabi/5.4.1/../../../../arm-none-eabi/lib/armv7-m\libg_nano.a(lib_a-memcpy-stub.o)
 .text          0x00000000        0x0 c:/program files (x86)/cypress/psoc creator/4.2/psoc creator/import/gnu/arm/5.4.1/bin/../lib/gcc/arm-none-eabi/5.4.1/../../../../arm-none-eabi/lib/armv7-m\libg_nano.a(lib_a-memset.o)
 .data          0x00000000        0x0 c:/program files (x86)/cypress/psoc creator/4.2/psoc creator/import/gnu/arm/5.4.1/bin/../lib/gcc/arm-none-eabi/5.4.1/../../../../arm-none-eabi/lib/armv7-m\libg_nano.a(lib_a-memset.o)
 .bss           0x00000000        0x0 c:/program files (x86)/cypress/psoc creator/4.2/psoc creator/import/gnu/arm/5.4.1/bin/../lib/gcc/arm-none-eabi/5.4.1/../../../../arm-none-eabi/lib/armv7-m\libg_nano.a(lib_a-memset.o)
 .text          0x00000000        0x0 c:/program files (x86)/cypress/psoc creator/4.2/psoc creator/import/gnu/arm/5.4.1/bin/../lib/gcc/arm-none-eabi/5.4.1/armv7-m/crtend.o
 .data          0x00000000        0x0 c:/program files (x86)/cypress/psoc creator/4.2/psoc creator/import/gnu/arm/5.4.1/bin/../lib/gcc/arm-none-eabi/5.4.1/armv7-m/crtend.o
 .bss           0x00000000        0x0 c:/program files (x86)/cypress/psoc creator/4.2/psoc creator/import/gnu/arm/5.4.1/bin/../lib/gcc/arm-none-eabi/5.4.1/armv7-m/crtend.o
 .text          0x00000000        0x0 c:/program files (x86)/cypress/psoc creator/4.2/psoc creator/import/gnu/arm/5.4.1/bin/../lib/gcc/arm-none-eabi/5.4.1/armv7-m/crtn.o
 .data          0x00000000        0x0 c:/program files (x86)/cypress/psoc creator/4.2/psoc creator/import/gnu/arm/5.4.1/bin/../lib/gcc/arm-none-eabi/5.4.1/armv7-m/crtn.o
 .bss           0x00000000        0x0 c:/program files (x86)/cypress/psoc creator/4.2/psoc creator/import/gnu/arm/5.4.1/bin/../lib/gcc/arm-none-eabi/5.4.1/armv7-m/crtn.o

Memory Configuration

Name             Origin             Length             Attributes
rom              0x00000000         0x00040000         xr
ram              0x1fff8000         0x00010000         xrw
*default*        0x00000000         0xffffffff

Linker script and memory map

LOAD c:/program files (x86)/cypress/psoc creator/4.2/psoc creator/import/gnu/arm/5.4.1/bin/../lib/gcc/arm-none-eabi/5.4.1/armv7-m/crti.o
LOAD c:/program files (x86)/cypress/psoc creator/4.2/psoc creator/import/gnu/arm/5.4.1/bin/../lib/gcc/arm-none-eabi/5.4.1/armv7-m/crtbegin.o
LOAD c:/program files (x86)/cypress/psoc creator/4.2/psoc creator/import/gnu/arm/5.4.1/bin/../lib/gcc/arm-none-eabi/5.4.1/../../../../arm-none-eabi/lib/armv7-m/crt0.o
START GROUP
LOAD .\CortexM3\ARM_GCC_541\Debug\main.o
LOAD .\CortexM3\ARM_GCC_541\Debug\cyfitter_cfg.o
LOAD .\CortexM3\ARM_GCC_541\Debug\cymetadata.o
LOAD .\CortexM3\ARM_GCC_541\Debug\Cm3Start.o
LOAD .\CortexM3\ARM_GCC_541\Debug\svm_software.a
LOAD C:\Program Files (x86)\Cypress\PSoC Creator\4.2\PSoC Creator\psoc\content\cycomponentlibrary\CyComponentLibrary.cylib\CortexM3\ARM_GCC_541\Debug\CyComponentLibrary.a
END GROUP
START GROUP
LOAD c:/program files (x86)/cypress/psoc creator/4.2/psoc creator/import/gnu/arm/5.4.1/bin/../lib/gcc/arm-none-eabi/5.4.1/armv7-m\libgcc.a
LOAD c:/program files (x86)/cypress/psoc creator/4.2/psoc creator/import/gnu/arm/5.4.1/bin/../lib/gcc/arm-none-eabi/5.4.1/../../../../arm-none-eabi/lib/armv7-m\libg_nano.a
LOAD c:/program files (x86)/cypress/psoc creator/4.2/psoc creator/import/gnu/arm/5.4.1/bin/../lib/gcc/arm-none-eabi/5.4.1/../../../../arm-none-eabi/lib/armv7-m\libc_nano.a
END GROUP
START GROUP
LOAD c:/program files (x86)/cypress/psoc creator/4.2/psoc creator/import/gnu/arm/5.4.1/bin/../lib/gcc/arm-none-eabi/5.4.1/armv7-m\libgcc.a
LOAD c:/program files (x86)/cypress/psoc creator/4.2/psoc creator/import/gnu/arm/5.4.1/bin/../lib/gcc/arm-none-eabi/5.4.1/../../../../arm-none-eabi/lib/armv7-m\libc_nano.a
END GROUP
LOAD c:/program files (x86)/cypress/psoc creator/4.2/psoc creator/import/gnu/arm/5.4.1/bin/../lib/gcc/arm-none-eabi/5.4.1/armv7-m/crtend.o
LOAD c:/program files (x86)/cypress/psoc creator/4.2/psoc creator/import/gnu/arm/5.4.1/bin/../lib/gcc/arm-none-eabi/5.4.1/armv7-m/crtn.o
START GROUP
LOAD c:/program files (x86)/cypress/psoc creator/4.2/psoc creator/import/gnu/arm/5.4.1/bin/../lib/gcc/arm-none-eabi/5.4.1/armv7-m\libgcc.a
LOAD c:/program files (x86)/cypress/psoc creator/4.2/psoc creator/import/gnu/arm/5.4.1/bin/../lib/gcc/arm-none-eabi/5.4.1/../../../../arm-none-eabi/lib/armv7-m\libc.a
LOAD c:/program files (x86)/cypress/psoc creator/4.2/psoc creator/import/gnu/arm/5.4.1/bin/../lib/gcc/arm-none-eabi/5.4.1/../../../../arm-none-eabi/lib/armv7-m\libnosys.a
END GROUP
                0x00000000                CY_APPL_ORIGIN = 0x0
                0x00000100                CY_FLASH_ROW_SIZE = 0x100
                0x00000020                CY_ECC_ROW_SIZE = 0x20
                0x00000000                CY_EE_IN_BTLDR = 0x0
                0x00000000                CY_APPL_LOADABLE = 0x0
                0x00000800                CY_EE_SIZE = 0x800
                0x00000001                CY_APPL_NUM = 0x1
                0x00000001                CY_APPL_MAX = 0x1
                0x00000040                CY_METADATA_SIZE = 0x40
                0x00000000                CY_APPL_LOADABLE = 0x0
                0x00000000                CY_CHECKSUM_EXCLUDE_SIZE = ALIGN (0x0, CY_FLASH_ROW_SIZE)
                [!provide]                PROVIDE (__cy_heap_start, _end)
                0x00000001                PROVIDE (__cy_region_num, ((__cy_regions_end - __cy_regions) / 0x10))
                0x20008000                PROVIDE (__cy_stack, (ORIGIN (ram) + LENGTH (ram)))
                [!provide]                PROVIDE (__cy_heap_end, (__cy_stack - 0x800))

.cybootloader   0x00000000        0x0
 *(.cybootloader)
                0x00000000                appl1_start = CY_APPL_ORIGIN?CY_APPL_ORIGIN:ALIGN (CY_FLASH_ROW_SIZE)
                0x0001ff00                appl2_start = (appl1_start + ALIGN ((((LENGTH (rom) - appl1_start) - (0x2 * CY_FLASH_ROW_SIZE)) / 0x2), CY_FLASH_ROW_SIZE))
                0x00000000                appl_start = (CY_APPL_NUM == 0x1)?appl1_start:appl2_start
                0x00000000                ecc_offset = ((appl_start / CY_FLASH_ROW_SIZE) * CY_ECC_ROW_SIZE)
                0x00000000                ee_offset = (CY_APPL_LOADABLE && ! (CY_EE_IN_BTLDR))?((CY_EE_SIZE / CY_APPL_MAX) * (CY_APPL_NUM - 0x1)):0x0
                0x00000800                ee_size = (CY_APPL_LOADABLE && ! (CY_EE_IN_BTLDR))?(CY_EE_SIZE / CY_APPL_MAX):CY_EE_SIZE
                [!provide]                PROVIDE (CY_ECC_OFFSET, ecc_offset)

.text           0x00000000      0x54e
 CREATE_OBJECT_SYMBOLS
                0x00000000                PROVIDE (__cy_interrupt_vector, RomVectors)
 *(.romvectors)
 .romvectors    0x00000000       0x10 .\CortexM3\ARM_GCC_541\Debug\Cm3Start.o
                0x00000000                RomVectors
                0x00000001                ASSERT ((. != __cy_interrupt_vector), No interrupt vector)
                0x00000001                ASSERT (CY_APPL_ORIGIN?(SIZEOF (.cybootloader) <= CY_APPL_ORIGIN):0x1, Wrong image location)
                0x00000010                PROVIDE (__cy_reset, Reset)
 *(.text.Reset)
 .text.Reset    0x00000010       0x18 .\CortexM3\ARM_GCC_541\Debug\Cm3Start.o
                0x00000010                Reset
                0x00000001                ASSERT ((. != __cy_reset), No reset code)
 *(.dma_init)
                0x00000001                ASSERT ((((appl_start + .) <= 0x10000) || 0x1), DMA Init must be within the first 64k of flash)
 *(.text .text.* .gnu.linkonce.t.*)
 .text          0x00000028       0x5c c:/program files (x86)/cypress/psoc creator/4.2/psoc creator/import/gnu/arm/5.4.1/bin/../lib/gcc/arm-none-eabi/5.4.1/armv7-m/crtbegin.o
 .text.writeToFETs
                0x00000084       0x38 .\CortexM3\ARM_GCC_541\Debug\main.o
                0x00000084                writeToFETs
 .text.main     0x000000bc       0xbc .\CortexM3\ARM_GCC_541\Debug\main.o
                0x000000bc                main
 .text.CyClockStartupError
                0x00000178        0x4 .\CortexM3\ARM_GCC_541\Debug\cyfitter_cfg.o
 .text.AnalogSetDefault
                0x0000017c       0x28 .\CortexM3\ARM_GCC_541\Debug\cyfitter_cfg.o
 .text.CYMEMZERO
                0x000001a4        0xc .\CortexM3\ARM_GCC_541\Debug\cyfitter_cfg.o
 .text.ClockSetup
                0x000001b0       0x9c .\CortexM3\ARM_GCC_541\Debug\cyfitter_cfg.o
 .text.CYCONFIGCPY
                0x0000024c        0x8 .\CortexM3\ARM_GCC_541\Debug\cyfitter_cfg.o
 .text.cyfitter_cfg
                0x00000254       0xc8 .\CortexM3\ARM_GCC_541\Debug\cyfitter_cfg.o
                0x00000254                cyfitter_cfg
 .text.IntDefaultHandler
                0x0000031c       0x10 .\CortexM3\ARM_GCC_541\Debug\Cm3Start.o
                0x0000031c                IntDefaultHandler
 .text.Start_c  0x0000032c       0x4c .\CortexM3\ARM_GCC_541\Debug\Cm3Start.o
                0x0000032c                Start_c
 .text.initialize_psoc
                0x00000378       0x68 .\CortexM3\ARM_GCC_541\Debug\Cm3Start.o
                0x00000378                initialize_psoc
 .text.LEFT_HALL_A_Read
                0x000003e0       0x10 .\CortexM3\ARM_GCC_541\Debug\svm_software.a(LEFT_HALL_A.o)
                0x000003e0                LEFT_HALL_A_Read
 .text.LEFT_HALL_B_Read
                0x000003f0       0x10 .\CortexM3\ARM_GCC_541\Debug\svm_software.a(LEFT_HALL_B.o)
                0x000003f0                LEFT_HALL_B_Read
 .text.LEFT_HALL_C_Read
                0x00000400        0xc .\CortexM3\ARM_GCC_541\Debug\svm_software.a(LEFT_HALL_C.o)
                0x00000400                LEFT_HALL_C_Read
 .text.LEFT_HA_Write
                0x0000040c       0x18 .\CortexM3\ARM_GCC_541\Debug\svm_software.a(LEFT_HA.o)
                0x0000040c                LEFT_HA_Write
 .text.LEFT_LA_Write
                0x00000424       0x18 .\CortexM3\ARM_GCC_541\Debug\svm_software.a(LEFT_LA.o)
                0x00000424                LEFT_LA_Write
 .text.LEFT_HB_Write
                0x0000043c       0x18 .\CortexM3\ARM_GCC_541\Debug\svm_software.a(LEFT_HB.o)
                0x0000043c                LEFT_HB_Write
 .text.LEFT_LB_Write
                0x00000454       0x18 .\CortexM3\ARM_GCC_541\Debug\svm_software.a(LEFT_LB.o)
                0x00000454                LEFT_LB_Write
 .text.LEFT_HC_Write
                0x0000046c       0x18 .\CortexM3\ARM_GCC_541\Debug\svm_software.a(LEFT_HC.o)
                0x0000046c                LEFT_HC_Write
 .text.LEFT_LC_Write
                0x00000484       0x18 .\CortexM3\ARM_GCC_541\Debug\svm_software.a(LEFT_LC.o)
                0x00000484                LEFT_LC_Write
 .text.LEFT_DIR_Read
                0x0000049c       0x10 .\CortexM3\ARM_GCC_541\Debug\svm_software.a(LEFT_DIR.o)
                0x0000049c                LEFT_DIR_Read
 *fill*         0x000004ac        0x4 
 .text          0x000004b0       0x20 .\CortexM3\ARM_GCC_541\Debug\svm_software.a(CyBootAsmGnu.o)
                0x000004b0                CyDelayCycles
                0x000004c0                CyEnterCriticalSection
                0x000004c8                CyExitCriticalSection
 .text.__errno  0x000004d0        0xc c:/program files (x86)/cypress/psoc creator/4.2/psoc creator/import/gnu/arm/5.4.1/bin/../lib/gcc/arm-none-eabi/5.4.1/../../../../arm-none-eabi/lib/armv7-m\libg_nano.a(lib_a-errno.o)
                0x000004d0                __errno
 .text.__libc_init_array
                0x000004dc       0x4c c:/program files (x86)/cypress/psoc creator/4.2/psoc creator/import/gnu/arm/5.4.1/bin/../lib/gcc/arm-none-eabi/5.4.1/../../../../arm-none-eabi/lib/armv7-m\libg_nano.a(lib_a-init.o)
                0x000004dc                __libc_init_array
 .text.memcpy   0x00000528       0x16 c:/program files (x86)/cypress/psoc creator/4.2/psoc creator/import/gnu/arm/5.4.1/bin/../lib/gcc/arm-none-eabi/5.4.1/../../../../arm-none-eabi/lib/armv7-m\libg_nano.a(lib_a-memcpy-stub.o)
                0x00000528                memcpy
 .text.memset   0x0000053e       0x10 c:/program files (x86)/cypress/psoc creator/4.2/psoc creator/import/gnu/arm/5.4.1/bin/../lib/gcc/arm-none-eabi/5.4.1/../../../../arm-none-eabi/lib/armv7-m\libg_nano.a(lib_a-memset.o)
                0x0000053e                memset
 *(.plt)
 *(.gnu.warning)
 *(.glue_7t)
 .glue_7t       0x0000054e        0x0 linker stubs
 *(.glue_7)
 .glue_7        0x0000054e        0x0 linker stubs
 *(.vfp11_veneer)
 .vfp11_veneer  0x0000054e        0x0 linker stubs
 *(.bootloader)
 *(.ARM.extab* .gnu.linkonce.armextab.*)
 *(.gcc_except_table)

.v4_bx          0x00000550        0x0
 .v4_bx         0x00000550        0x0 linker stubs

.iplt           0x00000550        0x0
 .iplt          0x00000550        0x0 c:/program files (x86)/cypress/psoc creator/4.2/psoc creator/import/gnu/arm/5.4.1/bin/../lib/gcc/arm-none-eabi/5.4.1/armv7-m/crtbegin.o

.eh_frame_hdr
 *(.eh_frame_hdr)

.eh_frame       0x00000550        0x4
 *(.eh_frame)
 .eh_frame      0x00000550        0x0 c:/program files (x86)/cypress/psoc creator/4.2/psoc creator/import/gnu/arm/5.4.1/bin/../lib/gcc/arm-none-eabi/5.4.1/armv7-m/crtbegin.o
 .eh_frame      0x00000550        0x4 c:/program files (x86)/cypress/psoc creator/4.2/psoc creator/import/gnu/arm/5.4.1/bin/../lib/gcc/arm-none-eabi/5.4.1/armv7-m/crtend.o
                [!provide]                PROVIDE (__exidx_start, .)

.ARM.exidx
 *(.ARM.exidx* .gnu.linkonce.armexidx.*)
                0x00000554                __exidx_end = .

.rodata         0x00000554       0x64
 *(.rodata .rodata.* .gnu.linkonce.r.*)
 .rodata        0x00000554       0x2a .\CortexM3\ARM_GCC_541\Debug\cyfitter_cfg.o
 .rodata.str1.1
                0x0000057e        0x2 c:/program files (x86)/cypress/psoc creator/4.2/psoc creator/import/gnu/arm/5.4.1/bin/../lib/gcc/arm-none-eabi/5.4.1/../../../../arm-none-eabi/lib/armv7-m\libg_nano.a(lib_a-impure.o)
                0x00000580                . = ALIGN (0x4)
 *(.init)
 .init          0x00000580        0x4 c:/program files (x86)/cypress/psoc creator/4.2/psoc creator/import/gnu/arm/5.4.1/bin/../lib/gcc/arm-none-eabi/5.4.1/armv7-m/crti.o
                0x00000580                _init
 .init          0x00000584        0x8 c:/program files (x86)/cypress/psoc creator/4.2/psoc creator/import/gnu/arm/5.4.1/bin/../lib/gcc/arm-none-eabi/5.4.1/armv7-m/crtn.o
                0x0000058c                . = ALIGN (0x4)
                0x0000058c                __preinit_array_start = .
 *(.preinit_array)
                0x0000058c                __preinit_array_end = .
                0x0000058c                . = ALIGN (0x4)
                0x0000058c                __init_array_start = .
 *(SORT(.init_array.*))
 *(.init_array)
 .init_array    0x0000058c        0x4 c:/program files (x86)/cypress/psoc creator/4.2/psoc creator/import/gnu/arm/5.4.1/bin/../lib/gcc/arm-none-eabi/5.4.1/armv7-m/crtbegin.o
 .init_array    0x00000590        0x4 .\CortexM3\ARM_GCC_541\Debug\Cm3Start.o
                0x00000594                __init_array_end = .
                0x00000594                . = ALIGN (0x4)
 *(.fini)
 .fini          0x00000594        0x4 c:/program files (x86)/cypress/psoc creator/4.2/psoc creator/import/gnu/arm/5.4.1/bin/../lib/gcc/arm-none-eabi/5.4.1/armv7-m/crti.o
                0x00000594                _fini
 .fini          0x00000598        0x8 c:/program files (x86)/cypress/psoc creator/4.2/psoc creator/import/gnu/arm/5.4.1/bin/../lib/gcc/arm-none-eabi/5.4.1/armv7-m/crtn.o
                0x000005a0                . = ALIGN (0x4)
                0x000005a0                __fini_array_start = .
 *(.fini_array)
 .fini_array    0x000005a0        0x4 c:/program files (x86)/cypress/psoc creator/4.2/psoc creator/import/gnu/arm/5.4.1/bin/../lib/gcc/arm-none-eabi/5.4.1/armv7-m/crtbegin.o
 *(SORT(.fini_array.*))
                0x000005a4                __fini_array_end = .
                0x000005a4                . = ALIGN (0x4)
 *crtbegin.o(.ctors)
 *(EXCLUDE_FILE(*crtend.o) .ctors)
 *(SORT(.ctors.*))
 *crtend.o(.ctors)
                0x000005a4                . = ALIGN (0x4)
 *crtbegin.o(.dtors)
 *(EXCLUDE_FILE(*crtend.o) .dtors)
 *(SORT(.dtors.*))
 *crtend.o(.dtors)
                0x000005a4                . = ALIGN (0x4)
                0x000005a4                __cy_regions = .
                0x000005a4        0x4 LONG 0x5b8 __cy_region_init_ram
                0x000005a8        0x4 LONG 0x1fff80c8 __cy_region_start_data
                0x000005ac        0x4 LONG 0x68 __cy_region_init_size_ram
                0x000005b0        0x4 LONG 0x20 __cy_region_zero_size_ram
                0x000005b4                __cy_regions_end = .
                0x000005b8                . = ALIGN (0x8)
 *fill*         0x000005b4        0x4 
                0x000005b8                _etext = .

.cy_checksum_exclude
                0x000005b8        0x0
 *(.cy_checksum_exclude)

.ramvectors     0x1fff8000       0xc0
                0x1fff8000                __cy_region_start_ram = .
 *(.ramvectors)
 .ramvectors    0x1fff8000       0xc0 .\CortexM3\ARM_GCC_541\Debug\Cm3Start.o
                0x1fff8000                CyRamVectors

.noinit         0x1fff80c0        0x1
 *(.noinit)
 .noinit        0x1fff80c0        0x1 .\CortexM3\ARM_GCC_541\Debug\svm_software.a(CyLib.o)
                0x1fff80c0                CyResetStatus

.data           0x1fff80c8       0x68 load address 0x000005b8
                0x1fff80c8                __cy_region_start_data = .
 *(.jcr)
 .jcr           0x1fff80c8        0x0 c:/program files (x86)/cypress/psoc creator/4.2/psoc creator/import/gnu/arm/5.4.1/bin/../lib/gcc/arm-none-eabi/5.4.1/armv7-m/crtbegin.o
 .jcr           0x1fff80c8        0x4 c:/program files (x86)/cypress/psoc creator/4.2/psoc creator/import/gnu/arm/5.4.1/bin/../lib/gcc/arm-none-eabi/5.4.1/armv7-m/crtend.o
 *(.got.plt)
 *(.got)
 *(.shdata)
 *(.data .data.* .gnu.linkonce.d.*)
 .data.impure_data
                0x1fff80cc       0x60 c:/program files (x86)/cypress/psoc creator/4.2/psoc creator/import/gnu/arm/5.4.1/bin/../lib/gcc/arm-none-eabi/5.4.1/../../../../arm-none-eabi/lib/armv7-m\libg_nano.a(lib_a-impure.o)
 .data._impure_ptr
                0x1fff812c        0x4 c:/program files (x86)/cypress/psoc creator/4.2/psoc creator/import/gnu/arm/5.4.1/bin/../lib/gcc/arm-none-eabi/5.4.1/../../../../arm-none-eabi/lib/armv7-m\libg_nano.a(lib_a-impure.o)
                0x1fff812c                _impure_ptr
                0x1fff8130                . = ALIGN (0x8)
 *(.ram)
                0x1fff8130                _edata = .

.igot.plt       0x1fff8130        0x0 load address 0x00000620
 .igot.plt      0x1fff8130        0x0 c:/program files (x86)/cypress/psoc creator/4.2/psoc creator/import/gnu/arm/5.4.1/bin/../lib/gcc/arm-none-eabi/5.4.1/armv7-m/crtbegin.o

.bss            0x1fff8130       0x20 load address 0x00000620
                0x1fff8130                PROVIDE (__bss_start__, .)
 *(.shbss)
 *(.bss .bss.* .gnu.linkonce.b.*)
 .bss           0x1fff8130       0x1c c:/program files (x86)/cypress/psoc creator/4.2/psoc creator/import/gnu/arm/5.4.1/bin/../lib/gcc/arm-none-eabi/5.4.1/armv7-m/crtbegin.o
 *(COMMON)
                0x1fff8150                . = ALIGN (0x8)
 *fill*         0x1fff814c        0x4 
 *(.ram.b)
                0x1fff8150                _end = .
                0x1fff8150                __end = .
                0x1fff8150                PROVIDE (end, .)
                0x1fff8150                PROVIDE (__bss_end__, .)
                0x000005b8                __cy_region_init_ram = LOADADDR (.data)
                0x00000068                __cy_region_init_size_ram = (_edata - ADDR (.data))
                0x00000020                __cy_region_zero_size_ram = (_end - _edata)

.heap           0x1fff8150       0x80 load address 0x00000620
                0x1fff8150                . = _end
                0x1fff81d0                . = (. + 0x80)
 *fill*         0x1fff8150       0x80 
                0x1fff81d0                __cy_heap_limit = .

.stack          0x20007800      0x800
                0x20007800                __cy_stack_limit = .
                0x20008000                . = (. + 0x800)
 *fill*         0x20007800      0x800 
                0x00000001                ASSERT ((__cy_stack_limit >= __cy_heap_limit), region RAM overflowed with stack)
                0x00000000                cy_checksum_exclude_size = (CY_APPL_LOADABLE == 0x1)?SIZEOF (.cy_checksum_exclude):0x0
                0x00000001                ASSERT ((cy_checksum_exclude_size <= CY_CHECKSUM_EXCLUDE_SIZE), CY_BOOT: Section .cy_checksum_exclude size exceedes specified limit.)

.cyloadermeta
 *(.cyloadermeta)

.cyloadablemeta
 *(.cyloadablemeta)

.cyconfigecc    0x80000000       0x18
 *(.cyconfigecc)
 .cyconfigecc   0x80000000       0x18 .\CortexM3\ARM_GCC_541\Debug\cymetadata.o
                0x80000000                cy_meta_configecc

.cycustnvl      0x90000000        0x4
 *(.cycustnvl)
 .cycustnvl     0x90000000        0x4 .\CortexM3\ARM_GCC_541\Debug\cymetadata.o
                0x90000000                cy_meta_custnvl

.cywolatch      0x90100000        0x4
 *(.cywolatch)
 .cywolatch     0x90100000        0x4 .\CortexM3\ARM_GCC_541\Debug\cymetadata.o
                0x90100000                cy_meta_wonvl

.cyeeprom       0x90200000        0x0
 *(.cyeeprom)
                0x00000001                ASSERT ((. <= ((0x90200000 + ee_offset) + ee_size)), .cyeeprom data will not fit in EEPROM)

.cyflashprotect
                0x90400000      0x100
 *(.cyflashprotect)
 .cyflashprotect
                0x90400000      0x100 .\CortexM3\ARM_GCC_541\Debug\cymetadata.o
                0x90400000                cy_meta_flashprotect

.cymeta         0x90500000        0xc
 *(.cymeta)
 .cymeta        0x90500000        0xc .\CortexM3\ARM_GCC_541\Debug\cymetadata.o
                0x90500000                cy_metadata

.rel.dyn        0x00000620        0x0 load address 0x9050000c
 .rel.iplt      0x00000620        0x0 c:/program files (x86)/cypress/psoc creator/4.2/psoc creator/import/gnu/arm/5.4.1/bin/../lib/gcc/arm-none-eabi/5.4.1/armv7-m/crtbegin.o

.stab
 *(.stab)

.stabstr
 *(.stabstr)

.debug
 *(.debug)

.line
 *(.line)

.debug_srcinfo
 *(.debug_srcinfo)

.debug_sfnames
 *(.debug_sfnames)

.debug_aranges  0x00000000      0x768
 *(.debug_aranges)
 .debug_aranges
                0x00000000       0x28 .\CortexM3\ARM_GCC_541\Debug\main.o
 .debug_aranges
                0x00000028       0x50 .\CortexM3\ARM_GCC_541\Debug\cyfitter_cfg.o
 .debug_aranges
                0x00000078       0x18 .\CortexM3\ARM_GCC_541\Debug\cymetadata.o
 .debug_aranges
                0x00000090       0x48 .\CortexM3\ARM_GCC_541\Debug\Cm3Start.o
 .debug_aranges
                0x000000d8       0x38 .\CortexM3\ARM_GCC_541\Debug\svm_software.a(LEFT_HALL_A.o)
 .debug_aranges
                0x00000110       0x38 .\CortexM3\ARM_GCC_541\Debug\svm_software.a(LEFT_HALL_B.o)
 .debug_aranges
                0x00000148       0x38 .\CortexM3\ARM_GCC_541\Debug\svm_software.a(LEFT_HALL_C.o)
 .debug_aranges
                0x00000180       0x38 .\CortexM3\ARM_GCC_541\Debug\svm_software.a(LEFT_HA.o)
 .debug_aranges
                0x000001b8       0x38 .\CortexM3\ARM_GCC_541\Debug\svm_software.a(LEFT_LA.o)
 .debug_aranges
                0x000001f0       0x38 .\CortexM3\ARM_GCC_541\Debug\svm_software.a(LEFT_HB.o)
 .debug_aranges
                0x00000228       0x38 .\CortexM3\ARM_GCC_541\Debug\svm_software.a(LEFT_LB.o)
 .debug_aranges
                0x00000260       0x38 .\CortexM3\ARM_GCC_541\Debug\svm_software.a(LEFT_HC.o)
 .debug_aranges
                0x00000298       0x38 .\CortexM3\ARM_GCC_541\Debug\svm_software.a(LEFT_LC.o)
 .debug_aranges
                0x000002d0      0x2a0 .\CortexM3\ARM_GCC_541\Debug\svm_software.a(CyLib.o)
 .debug_aranges
                0x00000570       0x98 .\CortexM3\ARM_GCC_541\Debug\svm_software.a(cyPm.o)
 .debug_aranges
                0x00000608       0x38 .\CortexM3\ARM_GCC_541\Debug\svm_software.a(LEFT_DIR.o)
 .debug_aranges
                0x00000640       0x20 .\CortexM3\ARM_GCC_541\Debug\svm_software.a(CyBootAsmGnu.o)
 .debug_aranges
                0x00000660       0x88 .\CortexM3\ARM_GCC_541\Debug\svm_software.a(CyFlash.o)
 .debug_aranges
                0x000006e8       0x80 .\CortexM3\ARM_GCC_541\Debug\svm_software.a(CySpc.o)

.debug_pubnames
 *(.debug_pubnames)

.debug_info     0x00000000     0x413b
 *(.debug_info .gnu.linkonce.wi.*)
 .debug_info    0x00000000      0x34b .\CortexM3\ARM_GCC_541\Debug\main.o
 .debug_info    0x0000034b      0x3f6 .\CortexM3\ARM_GCC_541\Debug\cyfitter_cfg.o
 .debug_info    0x00000741      0x134 .\CortexM3\ARM_GCC_541\Debug\cymetadata.o
 .debug_info    0x00000875      0x3bb .\CortexM3\ARM_GCC_541\Debug\Cm3Start.o
 .debug_info    0x00000c30      0x11f .\CortexM3\ARM_GCC_541\Debug\svm_software.a(LEFT_HALL_A.o)
 .debug_info    0x00000d4f      0x11f .\CortexM3\ARM_GCC_541\Debug\svm_software.a(LEFT_HALL_B.o)
 .debug_info    0x00000e6e      0x11f .\CortexM3\ARM_GCC_541\Debug\svm_software.a(LEFT_HALL_C.o)
 .debug_info    0x00000f8d      0x11f .\CortexM3\ARM_GCC_541\Debug\svm_software.a(LEFT_HA.o)
 .debug_info    0x000010ac      0x11f .\CortexM3\ARM_GCC_541\Debug\svm_software.a(LEFT_LA.o)
 .debug_info    0x000011cb      0x11f .\CortexM3\ARM_GCC_541\Debug\svm_software.a(LEFT_HB.o)
 .debug_info    0x000012ea      0x11f .\CortexM3\ARM_GCC_541\Debug\svm_software.a(LEFT_LB.o)
 .debug_info    0x00001409      0x11f .\CortexM3\ARM_GCC_541\Debug\svm_software.a(LEFT_HC.o)
 .debug_info    0x00001528      0x11f .\CortexM3\ARM_GCC_541\Debug\svm_software.a(LEFT_LC.o)
 .debug_info    0x00001647     0x1374 .\CortexM3\ARM_GCC_541\Debug\svm_software.a(CyLib.o)
 .debug_info    0x000029bb      0xa2a .\CortexM3\ARM_GCC_541\Debug\svm_software.a(cyPm.o)
 .debug_info    0x000033e5      0x11f .\CortexM3\ARM_GCC_541\Debug\svm_software.a(LEFT_DIR.o)
 .debug_info    0x00003504       0x9a .\CortexM3\ARM_GCC_541\Debug\svm_software.a(CyBootAsmGnu.o)
 .debug_info    0x0000359e      0x64d .\CortexM3\ARM_GCC_541\Debug\svm_software.a(CyFlash.o)
 .debug_info    0x00003beb      0x550 .\CortexM3\ARM_GCC_541\Debug\svm_software.a(CySpc.o)

.debug_abbrev   0x00000000     0x11dd
 *(.debug_abbrev)
 .debug_abbrev  0x00000000       0xfe .\CortexM3\ARM_GCC_541\Debug\main.o
 .debug_abbrev  0x000000fe      0x1ac .\CortexM3\ARM_GCC_541\Debug\cyfitter_cfg.o
 .debug_abbrev  0x000002aa       0x5d .\CortexM3\ARM_GCC_541\Debug\cymetadata.o
 .debug_abbrev  0x00000307      0x1e8 .\CortexM3\ARM_GCC_541\Debug\Cm3Start.o
 .debug_abbrev  0x000004ef       0x90 .\CortexM3\ARM_GCC_541\Debug\svm_software.a(LEFT_HALL_A.o)
 .debug_abbrev  0x0000057f       0x90 .\CortexM3\ARM_GCC_541\Debug\svm_software.a(LEFT_HALL_B.o)
 .debug_abbrev  0x0000060f       0x90 .\CortexM3\ARM_GCC_541\Debug\svm_software.a(LEFT_HALL_C.o)
 .debug_abbrev  0x0000069f       0x90 .\CortexM3\ARM_GCC_541\Debug\svm_software.a(LEFT_HA.o)
 .debug_abbrev  0x0000072f       0x90 .\CortexM3\ARM_GCC_541\Debug\svm_software.a(LEFT_LA.o)
 .debug_abbrev  0x000007bf       0x90 .\CortexM3\ARM_GCC_541\Debug\svm_software.a(LEFT_HB.o)
 .debug_abbrev  0x0000084f       0x90 .\CortexM3\ARM_GCC_541\Debug\svm_software.a(LEFT_LB.o)
 .debug_abbrev  0x000008df       0x90 .\CortexM3\ARM_GCC_541\Debug\svm_software.a(LEFT_HC.o)
 .debug_abbrev  0x0000096f       0x90 .\CortexM3\ARM_GCC_541\Debug\svm_software.a(LEFT_LC.o)
 .debug_abbrev  0x000009ff      0x254 .\CortexM3\ARM_GCC_541\Debug\svm_software.a(CyLib.o)
 .debug_abbrev  0x00000c53      0x1ab .\CortexM3\ARM_GCC_541\Debug\svm_software.a(cyPm.o)
 .debug_abbrev  0x00000dfe       0x90 .\CortexM3\ARM_GCC_541\Debug\svm_software.a(LEFT_DIR.o)
 .debug_abbrev  0x00000e8e       0x14 .\CortexM3\ARM_GCC_541\Debug\svm_software.a(CyBootAsmGnu.o)
 .debug_abbrev  0x00000ea2      0x1a7 .\CortexM3\ARM_GCC_541\Debug\svm_software.a(CyFlash.o)
 .debug_abbrev  0x00001049      0x194 .\CortexM3\ARM_GCC_541\Debug\svm_software.a(CySpc.o)

.debug_line     0x00000000     0x1e26
 *(.debug_line)
 .debug_line    0x00000000      0x2d8 .\CortexM3\ARM_GCC_541\Debug\main.o
 .debug_line    0x000002d8      0x1a7 .\CortexM3\ARM_GCC_541\Debug\cyfitter_cfg.o
 .debug_line    0x0000047f      0x141 .\CortexM3\ARM_GCC_541\Debug\cymetadata.o
 .debug_line    0x000005c0      0x234 .\CortexM3\ARM_GCC_541\Debug\Cm3Start.o
 .debug_line    0x000007f4       0x98 .\CortexM3\ARM_GCC_541\Debug\svm_software.a(LEFT_HALL_A.o)
 .debug_line    0x0000088c       0x98 .\CortexM3\ARM_GCC_541\Debug\svm_software.a(LEFT_HALL_B.o)
 .debug_line    0x00000924       0x98 .\CortexM3\ARM_GCC_541\Debug\svm_software.a(LEFT_HALL_C.o)
 .debug_line    0x000009bc       0x94 .\CortexM3\ARM_GCC_541\Debug\svm_software.a(LEFT_HA.o)
 .debug_line    0x00000a50       0x94 .\CortexM3\ARM_GCC_541\Debug\svm_software.a(LEFT_LA.o)
 .debug_line    0x00000ae4       0x94 .\CortexM3\ARM_GCC_541\Debug\svm_software.a(LEFT_HB.o)
 .debug_line    0x00000b78       0x94 .\CortexM3\ARM_GCC_541\Debug\svm_software.a(LEFT_LB.o)
 .debug_line    0x00000c0c       0x94 .\CortexM3\ARM_GCC_541\Debug\svm_software.a(LEFT_HC.o)
 .debug_line    0x00000ca0       0x94 .\CortexM3\ARM_GCC_541\Debug\svm_software.a(LEFT_LC.o)
 .debug_line    0x00000d34      0x816 .\CortexM3\ARM_GCC_541\Debug\svm_software.a(CyLib.o)
 .debug_line    0x0000154a      0x367 .\CortexM3\ARM_GCC_541\Debug\svm_software.a(cyPm.o)
 .debug_line    0x000018b1       0x95 .\CortexM3\ARM_GCC_541\Debug\svm_software.a(LEFT_DIR.o)
 .debug_line    0x00001946       0x66 .\CortexM3\ARM_GCC_541\Debug\svm_software.a(CyBootAsmGnu.o)
 .debug_line    0x000019ac      0x21a .\CortexM3\ARM_GCC_541\Debug\svm_software.a(CyFlash.o)
 .debug_line    0x00001bc6      0x260 .\CortexM3\ARM_GCC_541\Debug\svm_software.a(CySpc.o)

.debug_frame    0x00000000     0x11e4
 *(.debug_frame)
 .debug_frame   0x00000000       0x54 .\CortexM3\ARM_GCC_541\Debug\main.o
 .debug_frame   0x00000054       0xb8 .\CortexM3\ARM_GCC_541\Debug\cyfitter_cfg.o
 .debug_frame   0x0000010c       0xb8 .\CortexM3\ARM_GCC_541\Debug\Cm3Start.o
 .debug_frame   0x000001c4       0x50 .\CortexM3\ARM_GCC_541\Debug\svm_software.a(LEFT_HALL_A.o)
 .debug_frame   0x00000214       0x50 .\CortexM3\ARM_GCC_541\Debug\svm_software.a(LEFT_HALL_B.o)
 .debug_frame   0x00000264       0x50 .\CortexM3\ARM_GCC_541\Debug\svm_software.a(LEFT_HALL_C.o)
 .debug_frame   0x000002b4       0x50 .\CortexM3\ARM_GCC_541\Debug\svm_software.a(LEFT_HA.o)
 .debug_frame   0x00000304       0x50 .\CortexM3\ARM_GCC_541\Debug\svm_software.a(LEFT_LA.o)
 .debug_frame   0x00000354       0x50 .\CortexM3\ARM_GCC_541\Debug\svm_software.a(LEFT_HB.o)
 .debug_frame   0x000003a4       0x50 .\CortexM3\ARM_GCC_541\Debug\svm_software.a(LEFT_LB.o)
 .debug_frame   0x000003f4       0x50 .\CortexM3\ARM_GCC_541\Debug\svm_software.a(LEFT_HC.o)
 .debug_frame   0x00000444       0x50 .\CortexM3\ARM_GCC_541\Debug\svm_software.a(LEFT_LC.o)
 .debug_frame   0x00000494      0x738 .\CortexM3\ARM_GCC_541\Debug\svm_software.a(CyLib.o)
 .debug_frame   0x00000bcc      0x1f8 .\CortexM3\ARM_GCC_541\Debug\svm_software.a(cyPm.o)
 .debug_frame   0x00000dc4       0x50 .\CortexM3\ARM_GCC_541\Debug\svm_software.a(LEFT_DIR.o)
 .debug_frame   0x00000e14      0x194 .\CortexM3\ARM_GCC_541\Debug\svm_software.a(CyFlash.o)
 .debug_frame   0x00000fa8      0x180 .\CortexM3\ARM_GCC_541\Debug\svm_software.a(CySpc.o)
 .debug_frame   0x00001128       0x20 c:/program files (x86)/cypress/psoc creator/4.2/psoc creator/import/gnu/arm/5.4.1/bin/../lib/gcc/arm-none-eabi/5.4.1/../../../../arm-none-eabi/lib/armv7-m\libg_nano.a(lib_a-errno.o)
 .debug_frame   0x00001148       0x28 c:/program files (x86)/cypress/psoc creator/4.2/psoc creator/import/gnu/arm/5.4.1/bin/../lib/gcc/arm-none-eabi/5.4.1/../../../../arm-none-eabi/lib/armv7-m\libg_nano.a(lib_a-exit.o)
 .debug_frame   0x00001170       0x2c c:/program files (x86)/cypress/psoc creator/4.2/psoc creator/import/gnu/arm/5.4.1/bin/../lib/gcc/arm-none-eabi/5.4.1/../../../../arm-none-eabi/lib/armv7-m\libg_nano.a(lib_a-init.o)
 .debug_frame   0x0000119c       0x28 c:/program files (x86)/cypress/psoc creator/4.2/psoc creator/import/gnu/arm/5.4.1/bin/../lib/gcc/arm-none-eabi/5.4.1/../../../../arm-none-eabi/lib/armv7-m\libg_nano.a(lib_a-memcpy-stub.o)
 .debug_frame   0x000011c4       0x20 c:/program files (x86)/cypress/psoc creator/4.2/psoc creator/import/gnu/arm/5.4.1/bin/../lib/gcc/arm-none-eabi/5.4.1/../../../../arm-none-eabi/lib/armv7-m\libg_nano.a(lib_a-memset.o)

.debug_str      0x00000000     0x170b
 *(.debug_str)
 .debug_str     0x00000000      0x246 .\CortexM3\ARM_GCC_541\Debug\main.o
                                0x29d (size before relaxing)
 .debug_str     0x00000246      0x130 .\CortexM3\ARM_GCC_541\Debug\cyfitter_cfg.o
                                0x2c2 (size before relaxing)
 .debug_str     0x00000376       0x75 .\CortexM3\ARM_GCC_541\Debug\cymetadata.o
                                0x1ee (size before relaxing)
 .debug_str     0x000003eb      0x14a .\CortexM3\ARM_GCC_541\Debug\Cm3Start.o
                                0x314 (size before relaxing)
 .debug_str     0x00000535       0x7e .\CortexM3\ARM_GCC_541\Debug\svm_software.a(LEFT_HALL_A.o)
                                0x20a (size before relaxing)
 .debug_str     0x000005b3       0x68 .\CortexM3\ARM_GCC_541\Debug\svm_software.a(LEFT_HALL_B.o)
                                0x20a (size before relaxing)
 .debug_str     0x0000061b       0x68 .\CortexM3\ARM_GCC_541\Debug\svm_software.a(LEFT_HALL_C.o)
                                0x20a (size before relaxing)
 .debug_str     0x00000683       0x57 .\CortexM3\ARM_GCC_541\Debug\svm_software.a(LEFT_HA.o)
                                0x1f6 (size before relaxing)
 .debug_str     0x000006da       0x57 .\CortexM3\ARM_GCC_541\Debug\svm_software.a(LEFT_LA.o)
                                0x1f6 (size before relaxing)
 .debug_str     0x00000731       0x57 .\CortexM3\ARM_GCC_541\Debug\svm_software.a(LEFT_HB.o)
                                0x1f6 (size before relaxing)
 .debug_str     0x00000788       0x57 .\CortexM3\ARM_GCC_541\Debug\svm_software.a(LEFT_LB.o)
                                0x1f6 (size before relaxing)
 .debug_str     0x000007df       0x57 .\CortexM3\ARM_GCC_541\Debug\svm_software.a(LEFT_HC.o)
                                0x1f6 (size before relaxing)
 .debug_str     0x00000836       0x57 .\CortexM3\ARM_GCC_541\Debug\svm_software.a(LEFT_LC.o)
                                0x1f6 (size before relaxing)
 .debug_str     0x0000088d      0x84f .\CortexM3\ARM_GCC_541\Debug\svm_software.a(CyLib.o)
                                0xa51 (size before relaxing)
 .debug_str     0x000010dc      0x365 .\CortexM3\ARM_GCC_541\Debug\svm_software.a(cyPm.o)
                                0x73d (size before relaxing)
 .debug_str     0x00001441       0x5c .\CortexM3\ARM_GCC_541\Debug\svm_software.a(LEFT_DIR.o)
                                0x1fb (size before relaxing)
 .debug_str     0x0000149d      0x1bb .\CortexM3\ARM_GCC_541\Debug\svm_software.a(CyFlash.o)
                                0x3ca (size before relaxing)
 .debug_str     0x00001658       0xb3 .\CortexM3\ARM_GCC_541\Debug\svm_software.a(CySpc.o)
                                0x342 (size before relaxing)

.debug_loc      0x00000000     0x1c20
 *(.debug_loc)
 .debug_loc     0x00000000       0x34 .\CortexM3\ARM_GCC_541\Debug\main.o
 .debug_loc     0x00000034      0x168 .\CortexM3\ARM_GCC_541\Debug\cyfitter_cfg.o
 .debug_loc     0x0000019c      0x144 .\CortexM3\ARM_GCC_541\Debug\Cm3Start.o
 .debug_loc     0x000002e0       0x42 .\CortexM3\ARM_GCC_541\Debug\svm_software.a(LEFT_HALL_A.o)
 .debug_loc     0x00000322       0x42 .\CortexM3\ARM_GCC_541\Debug\svm_software.a(LEFT_HALL_B.o)
 .debug_loc     0x00000364       0x42 .\CortexM3\ARM_GCC_541\Debug\svm_software.a(LEFT_HALL_C.o)
 .debug_loc     0x000003a6       0x42 .\CortexM3\ARM_GCC_541\Debug\svm_software.a(LEFT_HA.o)
 .debug_loc     0x000003e8       0x42 .\CortexM3\ARM_GCC_541\Debug\svm_software.a(LEFT_LA.o)
 .debug_loc     0x0000042a       0x42 .\CortexM3\ARM_GCC_541\Debug\svm_software.a(LEFT_HB.o)
 .debug_loc     0x0000046c       0x42 .\CortexM3\ARM_GCC_541\Debug\svm_software.a(LEFT_LB.o)
 .debug_loc     0x000004ae       0x42 .\CortexM3\ARM_GCC_541\Debug\svm_software.a(LEFT_HC.o)
 .debug_loc     0x000004f0       0x42 .\CortexM3\ARM_GCC_541\Debug\svm_software.a(LEFT_LC.o)
 .debug_loc     0x00000532      0xa11 .\CortexM3\ARM_GCC_541\Debug\svm_software.a(CyLib.o)
 .debug_loc     0x00000f43      0x1e4 .\CortexM3\ARM_GCC_541\Debug\svm_software.a(cyPm.o)
 .debug_loc     0x00001127       0x42 .\CortexM3\ARM_GCC_541\Debug\svm_software.a(LEFT_DIR.o)
 .debug_loc     0x00001169      0x3b2 .\CortexM3\ARM_GCC_541\Debug\svm_software.a(CyFlash.o)
 .debug_loc     0x0000151b      0x705 .\CortexM3\ARM_GCC_541\Debug\svm_software.a(CySpc.o)

.debug_macinfo
 *(.debug_macinfo)

.debug_ranges   0x00000000      0x620
 *(.debug_ranges)
 .debug_ranges  0x00000000       0x18 .\CortexM3\ARM_GCC_541\Debug\main.o
 .debug_ranges  0x00000018       0x40 .\CortexM3\ARM_GCC_541\Debug\cyfitter_cfg.o
 .debug_ranges  0x00000058       0x38 .\CortexM3\ARM_GCC_541\Debug\Cm3Start.o
 .debug_ranges  0x00000090       0x28 .\CortexM3\ARM_GCC_541\Debug\svm_software.a(LEFT_HALL_A.o)
 .debug_ranges  0x000000b8       0x28 .\CortexM3\ARM_GCC_541\Debug\svm_software.a(LEFT_HALL_B.o)
 .debug_ranges  0x000000e0       0x28 .\CortexM3\ARM_GCC_541\Debug\svm_software.a(LEFT_HALL_C.o)
 .debug_ranges  0x00000108       0x28 .\CortexM3\ARM_GCC_541\Debug\svm_software.a(LEFT_HA.o)
 .debug_ranges  0x00000130       0x28 .\CortexM3\ARM_GCC_541\Debug\svm_software.a(LEFT_LA.o)
 .debug_ranges  0x00000158       0x28 .\CortexM3\ARM_GCC_541\Debug\svm_software.a(LEFT_HB.o)
 .debug_ranges  0x00000180       0x28 .\CortexM3\ARM_GCC_541\Debug\svm_software.a(LEFT_LB.o)
 .debug_ranges  0x000001a8       0x28 .\CortexM3\ARM_GCC_541\Debug\svm_software.a(LEFT_HC.o)
 .debug_ranges  0x000001d0       0x28 .\CortexM3\ARM_GCC_541\Debug\svm_software.a(LEFT_LC.o)
 .debug_ranges  0x000001f8      0x290 .\CortexM3\ARM_GCC_541\Debug\svm_software.a(CyLib.o)
 .debug_ranges  0x00000488       0x88 .\CortexM3\ARM_GCC_541\Debug\svm_software.a(cyPm.o)
 .debug_ranges  0x00000510       0x28 .\CortexM3\ARM_GCC_541\Debug\svm_software.a(LEFT_DIR.o)
 .debug_ranges  0x00000538       0x78 .\CortexM3\ARM_GCC_541\Debug\svm_software.a(CyFlash.o)
 .debug_ranges  0x000005b0       0x70 .\CortexM3\ARM_GCC_541\Debug\svm_software.a(CySpc.o)

.comment        0x00000000       0x6e
 .comment       0x00000000       0x6e .\CortexM3\ARM_GCC_541\Debug\main.o
                                 0x6f (size before relaxing)
 .comment       0x0000006e       0x6f .\CortexM3\ARM_GCC_541\Debug\cyfitter_cfg.o
 .comment       0x0000006e       0x6f .\CortexM3\ARM_GCC_541\Debug\cymetadata.o
 .comment       0x0000006e       0x6f .\CortexM3\ARM_GCC_541\Debug\Cm3Start.o
 .comment       0x0000006e       0x6f .\CortexM3\ARM_GCC_541\Debug\svm_software.a(LEFT_HALL_A.o)
 .comment       0x0000006e       0x6f .\CortexM3\ARM_GCC_541\Debug\svm_software.a(LEFT_HALL_B.o)
 .comment       0x0000006e       0x6f .\CortexM3\ARM_GCC_541\Debug\svm_software.a(LEFT_HALL_C.o)
 .comment       0x0000006e       0x6f .\CortexM3\ARM_GCC_541\Debug\svm_software.a(LEFT_HA.o)
 .comment       0x0000006e       0x6f .\CortexM3\ARM_GCC_541\Debug\svm_software.a(LEFT_LA.o)
 .comment       0x0000006e       0x6f .\CortexM3\ARM_GCC_541\Debug\svm_software.a(LEFT_HB.o)
 .comment       0x0000006e       0x6f .\CortexM3\ARM_GCC_541\Debug\svm_software.a(LEFT_LB.o)
 .comment       0x0000006e       0x6f .\CortexM3\ARM_GCC_541\Debug\svm_software.a(LEFT_HC.o)
 .comment       0x0000006e       0x6f .\CortexM3\ARM_GCC_541\Debug\svm_software.a(LEFT_LC.o)
 .comment       0x0000006e       0x6f .\CortexM3\ARM_GCC_541\Debug\svm_software.a(CyLib.o)
 .comment       0x0000006e       0x6f .\CortexM3\ARM_GCC_541\Debug\svm_software.a(cyPm.o)
 .comment       0x0000006e       0x6f .\CortexM3\ARM_GCC_541\Debug\svm_software.a(LEFT_DIR.o)
 .comment       0x0000006e       0x6f .\CortexM3\ARM_GCC_541\Debug\svm_software.a(CyFlash.o)
 .comment       0x0000006e       0x6f .\CortexM3\ARM_GCC_541\Debug\svm_software.a(CySpc.o)

.debug_weaknames
 *(.debug_weaknames)

.debug_funcnames
 *(.debug_funcnames)

.debug_typenames
 *(.debug_typenames)

.debug_varnames
 *(.debug_varnames)

.note.gnu.arm.ident
 *(.note.gnu.arm.ident)

.ARM.attributes
                0x00000000       0x29
 *(.ARM.attributes)
 .ARM.attributes
                0x00000000       0x1d c:/program files (x86)/cypress/psoc creator/4.2/psoc creator/import/gnu/arm/5.4.1/bin/../lib/gcc/arm-none-eabi/5.4.1/armv7-m/crti.o
 .ARM.attributes
                0x0000001d       0x2d c:/program files (x86)/cypress/psoc creator/4.2/psoc creator/import/gnu/arm/5.4.1/bin/../lib/gcc/arm-none-eabi/5.4.1/armv7-m/crtbegin.o
 .ARM.attributes
                0x0000004a       0x1b c:/program files (x86)/cypress/psoc creator/4.2/psoc creator/import/gnu/arm/5.4.1/bin/../lib/gcc/arm-none-eabi/5.4.1/../../../../arm-none-eabi/lib/armv7-m/crt0.o
 .ARM.attributes
                0x00000065       0x33 .\CortexM3\ARM_GCC_541\Debug\main.o
 .ARM.attributes
                0x00000098       0x33 .\CortexM3\ARM_GCC_541\Debug\cyfitter_cfg.o
 .ARM.attributes
                0x000000cb       0x33 .\CortexM3\ARM_GCC_541\Debug\cymetadata.o
 .ARM.attributes
                0x000000fe       0x33 .\CortexM3\ARM_GCC_541\Debug\Cm3Start.o
 .ARM.attributes
                0x00000131       0x33 .\CortexM3\ARM_GCC_541\Debug\svm_software.a(LEFT_HALL_A.o)
 .ARM.attributes
                0x00000164       0x33 .\CortexM3\ARM_GCC_541\Debug\svm_software.a(LEFT_HALL_B.o)
 .ARM.attributes
                0x00000197       0x33 .\CortexM3\ARM_GCC_541\Debug\svm_software.a(LEFT_HALL_C.o)
 .ARM.attributes
                0x000001ca       0x33 .\CortexM3\ARM_GCC_541\Debug\svm_software.a(LEFT_HA.o)
 .ARM.attributes
                0x000001fd       0x33 .\CortexM3\ARM_GCC_541\Debug\svm_software.a(LEFT_LA.o)
 .ARM.attributes
                0x00000230       0x33 .\CortexM3\ARM_GCC_541\Debug\svm_software.a(LEFT_HB.o)
 .ARM.attributes
                0x00000263       0x33 .\CortexM3\ARM_GCC_541\Debug\svm_software.a(LEFT_LB.o)
 .ARM.attributes
                0x00000296       0x33 .\CortexM3\ARM_GCC_541\Debug\svm_software.a(LEFT_HC.o)
 .ARM.attributes
                0x000002c9       0x33 .\CortexM3\ARM_GCC_541\Debug\svm_software.a(LEFT_LC.o)
 .ARM.attributes
                0x000002fc       0x33 .\CortexM3\ARM_GCC_541\Debug\svm_software.a(CyLib.o)
 .ARM.attributes
                0x0000032f       0x33 .\CortexM3\ARM_GCC_541\Debug\svm_software.a(cyPm.o)
 .ARM.attributes
                0x00000362       0x33 .\CortexM3\ARM_GCC_541\Debug\svm_software.a(LEFT_DIR.o)
 .ARM.attributes
                0x00000395       0x21 .\CortexM3\ARM_GCC_541\Debug\svm_software.a(CyBootAsmGnu.o)
 .ARM.attributes
                0x000003b6       0x33 .\CortexM3\ARM_GCC_541\Debug\svm_software.a(CyFlash.o)
 .ARM.attributes
                0x000003e9       0x33 .\CortexM3\ARM_GCC_541\Debug\svm_software.a(CySpc.o)
 .ARM.attributes
                0x0000041c       0x2d c:/program files (x86)/cypress/psoc creator/4.2/psoc creator/import/gnu/arm/5.4.1/bin/../lib/gcc/arm-none-eabi/5.4.1/../../../../arm-none-eabi/lib/armv7-m\libg_nano.a(lib_a-errno.o)
 .ARM.attributes
                0x00000449       0x2d c:/program files (x86)/cypress/psoc creator/4.2/psoc creator/import/gnu/arm/5.4.1/bin/../lib/gcc/arm-none-eabi/5.4.1/../../../../arm-none-eabi/lib/armv7-m\libg_nano.a(lib_a-exit.o)
 .ARM.attributes
                0x00000476       0x2d c:/program files (x86)/cypress/psoc creator/4.2/psoc creator/import/gnu/arm/5.4.1/bin/../lib/gcc/arm-none-eabi/5.4.1/../../../../arm-none-eabi/lib/armv7-m\libg_nano.a(lib_a-impure.o)
 .ARM.attributes
                0x000004a3       0x2d c:/program files (x86)/cypress/psoc creator/4.2/psoc creator/import/gnu/arm/5.4.1/bin/../lib/gcc/arm-none-eabi/5.4.1/../../../../arm-none-eabi/lib/armv7-m\libg_nano.a(lib_a-init.o)
 .ARM.attributes
                0x000004d0       0x2d c:/program files (x86)/cypress/psoc creator/4.2/psoc creator/import/gnu/arm/5.4.1/bin/../lib/gcc/arm-none-eabi/5.4.1/../../../../arm-none-eabi/lib/armv7-m\libg_nano.a(lib_a-memcpy-stub.o)
 .ARM.attributes
                0x000004fd       0x2d c:/program files (x86)/cypress/psoc creator/4.2/psoc creator/import/gnu/arm/5.4.1/bin/../lib/gcc/arm-none-eabi/5.4.1/../../../../arm-none-eabi/lib/armv7-m\libg_nano.a(lib_a-memset.o)
 .ARM.attributes
                0x0000052a       0x2d c:/program files (x86)/cypress/psoc creator/4.2/psoc creator/import/gnu/arm/5.4.1/bin/../lib/gcc/arm-none-eabi/5.4.1/armv7-m/crtend.o
 .ARM.attributes
                0x00000557       0x1d c:/program files (x86)/cypress/psoc creator/4.2/psoc creator/import/gnu/arm/5.4.1/bin/../lib/gcc/arm-none-eabi/5.4.1/armv7-m/crtn.o

/DISCARD/
 *(.note.GNU-stack)
OUTPUT(C:\Users\Fischer\Documents\GitHub\kanzi\PSoC\Workspace01\svm_software.cydsn\CortexM3\ARM_GCC_541\Debug\svm_software.elf elf32-littlearm)
