Archive member included to satisfy reference by file (symbol)

.\CortexM3\ARM_GCC_541\Debug\fvm_self_start.a(HALL1_A.o)
                              .\CortexM3\ARM_GCC_541\Debug\main.o (HALL1_A_Read)
.\CortexM3\ARM_GCC_541\Debug\fvm_self_start.a(HALL1_B.o)
                              .\CortexM3\ARM_GCC_541\Debug\main.o (HALL1_B_Read)
.\CortexM3\ARM_GCC_541\Debug\fvm_self_start.a(HALL1_C.o)
                              .\CortexM3\ARM_GCC_541\Debug\main.o (HALL1_C_Read)
.\CortexM3\ARM_GCC_541\Debug\fvm_self_start.a(CyLib.o)
                              .\CortexM3\ARM_GCC_541\Debug\Cm3Start.o (CyHalt)
.\CortexM3\ARM_GCC_541\Debug\fvm_self_start.a(cyPm.o)
                              .\CortexM3\ARM_GCC_541\Debug\fvm_self_start.a(CyLib.o) (CyPmReadStatus)
.\CortexM3\ARM_GCC_541\Debug\fvm_self_start.a(DRIVE1.o)
                              .\CortexM3\ARM_GCC_541\Debug\main.o (DRIVE1_Write)
.\CortexM3\ARM_GCC_541\Debug\fvm_self_start.a(HALL2_A.o)
                              .\CortexM3\ARM_GCC_541\Debug\main.o (HALL2_A_Read)
.\CortexM3\ARM_GCC_541\Debug\fvm_self_start.a(HALL2_B.o)
                              .\CortexM3\ARM_GCC_541\Debug\main.o (HALL2_B_Read)
.\CortexM3\ARM_GCC_541\Debug\fvm_self_start.a(HALL2_C.o)
                              .\CortexM3\ARM_GCC_541\Debug\main.o (HALL2_C_Read)
.\CortexM3\ARM_GCC_541\Debug\fvm_self_start.a(DRIVE2.o)
                              .\CortexM3\ARM_GCC_541\Debug\main.o (DRIVE2_Write)
.\CortexM3\ARM_GCC_541\Debug\fvm_self_start.a(CyBootAsmGnu.o)
                              .\CortexM3\ARM_GCC_541\Debug\cyfitter_cfg.o (CyDelayCycles)
.\CortexM3\ARM_GCC_541\Debug\fvm_self_start.a(CyFlash.o)
                              .\CortexM3\ARM_GCC_541\Debug\fvm_self_start.a(cyPm.o) (CyFlash_SetWaitCycles)
.\CortexM3\ARM_GCC_541\Debug\fvm_self_start.a(CySpc.o)
                              .\CortexM3\ARM_GCC_541\Debug\fvm_self_start.a(CyFlash.o) (CySpcStart)
c:/program files (x86)/cypress/psoc creator/4.2/psoc creator/import/gnu/arm/5.4.1/bin/../lib/gcc/arm-none-eabi/5.4.1/../../../../arm-none-eabi/lib/armv7-m\libg_nano.a(lib_a-errno.o)
                              .\CortexM3\ARM_GCC_541\Debug\Cm3Start.o (__errno)
c:/program files (x86)/cypress/psoc creator/4.2/psoc creator/import/gnu/arm/5.4.1/bin/../lib/gcc/arm-none-eabi/5.4.1/../../../../arm-none-eabi/lib/armv7-m\libg_nano.a(lib_a-exit.o)
                              c:/program files (x86)/cypress/psoc creator/4.2/psoc creator/import/gnu/arm/5.4.1/bin/../lib/gcc/arm-none-eabi/5.4.1/../../../../arm-none-eabi/lib/armv7-m/crt0.o (exit)
c:/program files (x86)/cypress/psoc creator/4.2/psoc creator/import/gnu/arm/5.4.1/bin/../lib/gcc/arm-none-eabi/5.4.1/../../../../arm-none-eabi/lib/armv7-m\libg_nano.a(lib_a-impure.o)
                              c:/program files (x86)/cypress/psoc creator/4.2/psoc creator/import/gnu/arm/5.4.1/bin/../lib/gcc/arm-none-eabi/5.4.1/../../../../arm-none-eabi/lib/armv7-m\libg_nano.a(lib_a-exit.o) (_global_impure_ptr)
c:/program files (x86)/cypress/psoc creator/4.2/psoc creator/import/gnu/arm/5.4.1/bin/../lib/gcc/arm-none-eabi/5.4.1/../../../../arm-none-eabi/lib/armv7-m\libg_nano.a(lib_a-init.o)
                              c:/program files (x86)/cypress/psoc creator/4.2/psoc creator/import/gnu/arm/5.4.1/bin/../lib/gcc/arm-none-eabi/5.4.1/../../../../arm-none-eabi/lib/armv7-m/crt0.o (__libc_init_array)
c:/program files (x86)/cypress/psoc creator/4.2/psoc creator/import/gnu/arm/5.4.1/bin/../lib/gcc/arm-none-eabi/5.4.1/../../../../arm-none-eabi/lib/armv7-m\libg_nano.a(lib_a-memcpy-stub.o)
                              .\CortexM3\ARM_GCC_541\Debug\cyfitter_cfg.o (memcpy)
c:/program files (x86)/cypress/psoc creator/4.2/psoc creator/import/gnu/arm/5.4.1/bin/../lib/gcc/arm-none-eabi/5.4.1/../../../../arm-none-eabi/lib/armv7-m\libg_nano.a(lib_a-memset.o)
                              c:/program files (x86)/cypress/psoc creator/4.2/psoc creator/import/gnu/arm/5.4.1/bin/../lib/gcc/arm-none-eabi/5.4.1/../../../../arm-none-eabi/lib/armv7-m/crt0.o (memset)

Allocating common symbols
Common symbol       size              file

dieTemperature      0x2               .\CortexM3\ARM_GCC_541\Debug\fvm_self_start.a(CyFlash.o)

Discarded input sections

 .text          0x00000000        0x0 c:/program files (x86)/cypress/psoc creator/4.2/psoc creator/import/gnu/arm/5.4.1/bin/../lib/gcc/arm-none-eabi/5.4.1/armv7-m/crti.o
 .data          0x00000000        0x0 c:/program files (x86)/cypress/psoc creator/4.2/psoc creator/import/gnu/arm/5.4.1/bin/../lib/gcc/arm-none-eabi/5.4.1/armv7-m/crti.o
 .bss           0x00000000        0x0 c:/program files (x86)/cypress/psoc creator/4.2/psoc creator/import/gnu/arm/5.4.1/bin/../lib/gcc/arm-none-eabi/5.4.1/armv7-m/crti.o
 .data          0x00000000        0x4 c:/program files (x86)/cypress/psoc creator/4.2/psoc creator/import/gnu/arm/5.4.1/bin/../lib/gcc/arm-none-eabi/5.4.1/armv7-m/crtbegin.o
 .text          0x00000000       0x74 c:/program files (x86)/cypress/psoc creator/4.2/psoc creator/import/gnu/arm/5.4.1/bin/../lib/gcc/arm-none-eabi/5.4.1/../../../../arm-none-eabi/lib/armv7-m/crt0.o
 .data          0x00000000        0x0 c:/program files (x86)/cypress/psoc creator/4.2/psoc creator/import/gnu/arm/5.4.1/bin/../lib/gcc/arm-none-eabi/5.4.1/../../../../arm-none-eabi/lib/armv7-m/crt0.o
 .bss           0x00000000        0x0 c:/program files (x86)/cypress/psoc creator/4.2/psoc creator/import/gnu/arm/5.4.1/bin/../lib/gcc/arm-none-eabi/5.4.1/../../../../arm-none-eabi/lib/armv7-m/crt0.o
 .ARM.extab     0x00000000        0x0 c:/program files (x86)/cypress/psoc creator/4.2/psoc creator/import/gnu/arm/5.4.1/bin/../lib/gcc/arm-none-eabi/5.4.1/../../../../arm-none-eabi/lib/armv7-m/crt0.o
 .ARM.exidx     0x00000000        0x8 c:/program files (x86)/cypress/psoc creator/4.2/psoc creator/import/gnu/arm/5.4.1/bin/../lib/gcc/arm-none-eabi/5.4.1/../../../../arm-none-eabi/lib/armv7-m/crt0.o
 .text          0x00000000        0x0 .\CortexM3\ARM_GCC_541\Debug\main.o
 .data          0x00000000        0x0 .\CortexM3\ARM_GCC_541\Debug\main.o
 .bss           0x00000000        0x0 .\CortexM3\ARM_GCC_541\Debug\main.o
 .text          0x00000000        0x0 .\CortexM3\ARM_GCC_541\Debug\cyfitter_cfg.o
 .data          0x00000000        0x0 .\CortexM3\ARM_GCC_541\Debug\cyfitter_cfg.o
 .bss           0x00000000        0x0 .\CortexM3\ARM_GCC_541\Debug\cyfitter_cfg.o
 .text.SetAnalogRoutingPumps
                0x00000000       0x10 .\CortexM3\ARM_GCC_541\Debug\cyfitter_cfg.o
 .text          0x00000000        0x0 .\CortexM3\ARM_GCC_541\Debug\cymetadata.o
 .data          0x00000000        0x0 .\CortexM3\ARM_GCC_541\Debug\cymetadata.o
 .bss           0x00000000        0x0 .\CortexM3\ARM_GCC_541\Debug\cymetadata.o
 .text          0x00000000        0x0 .\CortexM3\ARM_GCC_541\Debug\Cm3Start.o
 .data          0x00000000        0x4 .\CortexM3\ARM_GCC_541\Debug\Cm3Start.o
 .bss           0x00000000        0x0 .\CortexM3\ARM_GCC_541\Debug\Cm3Start.o
 .text._exit    0x00000000        0xc .\CortexM3\ARM_GCC_541\Debug\Cm3Start.o
 .text._sbrk    0x00000000       0x30 .\CortexM3\ARM_GCC_541\Debug\Cm3Start.o
 .text          0x00000000        0x0 .\CortexM3\ARM_GCC_541\Debug\fvm_self_start.a(HALL1_A.o)
 .data          0x00000000        0x0 .\CortexM3\ARM_GCC_541\Debug\fvm_self_start.a(HALL1_A.o)
 .bss           0x00000000        0x0 .\CortexM3\ARM_GCC_541\Debug\fvm_self_start.a(HALL1_A.o)
 .text.HALL1_A_Write
                0x00000000       0x18 .\CortexM3\ARM_GCC_541\Debug\fvm_self_start.a(HALL1_A.o)
 .text.HALL1_A_SetDriveMode
                0x00000000       0x18 .\CortexM3\ARM_GCC_541\Debug\fvm_self_start.a(HALL1_A.o)
 .text.HALL1_A_ReadDataReg
                0x00000000       0x10 .\CortexM3\ARM_GCC_541\Debug\fvm_self_start.a(HALL1_A.o)
 .text          0x00000000        0x0 .\CortexM3\ARM_GCC_541\Debug\fvm_self_start.a(HALL1_B.o)
 .data          0x00000000        0x0 .\CortexM3\ARM_GCC_541\Debug\fvm_self_start.a(HALL1_B.o)
 .bss           0x00000000        0x0 .\CortexM3\ARM_GCC_541\Debug\fvm_self_start.a(HALL1_B.o)
 .text.HALL1_B_Write
                0x00000000       0x18 .\CortexM3\ARM_GCC_541\Debug\fvm_self_start.a(HALL1_B.o)
 .text.HALL1_B_SetDriveMode
                0x00000000       0x18 .\CortexM3\ARM_GCC_541\Debug\fvm_self_start.a(HALL1_B.o)
 .text.HALL1_B_ReadDataReg
                0x00000000       0x10 .\CortexM3\ARM_GCC_541\Debug\fvm_self_start.a(HALL1_B.o)
 .text          0x00000000        0x0 .\CortexM3\ARM_GCC_541\Debug\fvm_self_start.a(HALL1_C.o)
 .data          0x00000000        0x0 .\CortexM3\ARM_GCC_541\Debug\fvm_self_start.a(HALL1_C.o)
 .bss           0x00000000        0x0 .\CortexM3\ARM_GCC_541\Debug\fvm_self_start.a(HALL1_C.o)
 .text.HALL1_C_Write
                0x00000000       0x18 .\CortexM3\ARM_GCC_541\Debug\fvm_self_start.a(HALL1_C.o)
 .text.HALL1_C_SetDriveMode
                0x00000000       0x18 .\CortexM3\ARM_GCC_541\Debug\fvm_self_start.a(HALL1_C.o)
 .text.HALL1_C_ReadDataReg
                0x00000000       0x10 .\CortexM3\ARM_GCC_541\Debug\fvm_self_start.a(HALL1_C.o)
 .text          0x00000000        0x0 .\CortexM3\ARM_GCC_541\Debug\fvm_self_start.a(CyLib.o)
 .data          0x00000000       0x10 .\CortexM3\ARM_GCC_541\Debug\fvm_self_start.a(CyLib.o)
 .bss           0x00000000       0x1c .\CortexM3\ARM_GCC_541\Debug\fvm_self_start.a(CyLib.o)
 .text.CyUSB_PowerOnCheck
                0x00000000       0x48 .\CortexM3\ARM_GCC_541\Debug\fvm_self_start.a(CyLib.o)
 .text.CyBusClk_Internal_SetDivider
                0x00000000       0x48 .\CortexM3\ARM_GCC_541\Debug\fvm_self_start.a(CyLib.o)
 .text.CyPLL_OUT_Stop
                0x00000000       0x10 .\CortexM3\ARM_GCC_541\Debug\fvm_self_start.a(CyLib.o)
 .text.CyIMO_Stop
                0x00000000       0x1c .\CortexM3\ARM_GCC_541\Debug\fvm_self_start.a(CyLib.o)
 .text.CyIMO_EnableDoubler
                0x00000000       0x10 .\CortexM3\ARM_GCC_541\Debug\fvm_self_start.a(CyLib.o)
 .text.CyIMO_DisableDoubler
                0x00000000       0x10 .\CortexM3\ARM_GCC_541\Debug\fvm_self_start.a(CyLib.o)
 .text.CyMasterClk_SetSource
                0x00000000       0x18 .\CortexM3\ARM_GCC_541\Debug\fvm_self_start.a(CyLib.o)
 .text.CyMasterClk_SetDivider
                0x00000000        0xc .\CortexM3\ARM_GCC_541\Debug\fvm_self_start.a(CyLib.o)
 .text.CyBusClk_SetDivider
                0x00000000       0x70 .\CortexM3\ARM_GCC_541\Debug\fvm_self_start.a(CyLib.o)
 .text.CyUsbClk_SetSource
                0x00000000       0x18 .\CortexM3\ARM_GCC_541\Debug\fvm_self_start.a(CyLib.o)
 .text.CyILO_Start1K
                0x00000000       0x10 .\CortexM3\ARM_GCC_541\Debug\fvm_self_start.a(CyLib.o)
 .text.CyILO_Stop1K
                0x00000000       0x10 .\CortexM3\ARM_GCC_541\Debug\fvm_self_start.a(CyLib.o)
 .text.CyILO_Start100K
                0x00000000       0x10 .\CortexM3\ARM_GCC_541\Debug\fvm_self_start.a(CyLib.o)
 .text.CyILO_Stop100K
                0x00000000       0x10 .\CortexM3\ARM_GCC_541\Debug\fvm_self_start.a(CyLib.o)
 .text.CyPLL_OUT_Start
                0x00000000       0x78 .\CortexM3\ARM_GCC_541\Debug\fvm_self_start.a(CyLib.o)
 .text.CyIMO_Start
                0x00000000       0x60 .\CortexM3\ARM_GCC_541\Debug\fvm_self_start.a(CyLib.o)
 .text.CyILO_Enable33K
                0x00000000       0x10 .\CortexM3\ARM_GCC_541\Debug\fvm_self_start.a(CyLib.o)
 .text.CyILO_Disable33K
                0x00000000       0x10 .\CortexM3\ARM_GCC_541\Debug\fvm_self_start.a(CyLib.o)
 .text.CyILO_SetSource
                0x00000000       0x18 .\CortexM3\ARM_GCC_541\Debug\fvm_self_start.a(CyLib.o)
 .text.CyILO_SetPowerMode
                0x00000000       0x24 .\CortexM3\ARM_GCC_541\Debug\fvm_self_start.a(CyLib.o)
 .text.CyXTAL_32KHZ_Stop
                0x00000000       0x30 .\CortexM3\ARM_GCC_541\Debug\fvm_self_start.a(CyLib.o)
 .text.CyXTAL_32KHZ_ReadStatus
                0x00000000       0x10 .\CortexM3\ARM_GCC_541\Debug\fvm_self_start.a(CyLib.o)
 .text.CyXTAL_Start
                0x00000000       0xac .\CortexM3\ARM_GCC_541\Debug\fvm_self_start.a(CyLib.o)
 .text.CyXTAL_Stop
                0x00000000       0x10 .\CortexM3\ARM_GCC_541\Debug\fvm_self_start.a(CyLib.o)
 .text.CyXTAL_EnableErrStatus
                0x00000000       0x10 .\CortexM3\ARM_GCC_541\Debug\fvm_self_start.a(CyLib.o)
 .text.CyXTAL_DisableErrStatus
                0x00000000       0x10 .\CortexM3\ARM_GCC_541\Debug\fvm_self_start.a(CyLib.o)
 .text.CyXTAL_ReadStatus
                0x00000000       0x18 .\CortexM3\ARM_GCC_541\Debug\fvm_self_start.a(CyLib.o)
 .text.CyXTAL_EnableFaultRecovery
                0x00000000       0x10 .\CortexM3\ARM_GCC_541\Debug\fvm_self_start.a(CyLib.o)
 .text.CyXTAL_DisableFaultRecovery
                0x00000000       0x10 .\CortexM3\ARM_GCC_541\Debug\fvm_self_start.a(CyLib.o)
 .text.CyXTAL_SetStartup
                0x00000000       0x18 .\CortexM3\ARM_GCC_541\Debug\fvm_self_start.a(CyLib.o)
 .text.CyXTAL_SetFbVoltage
                0x00000000       0x18 .\CortexM3\ARM_GCC_541\Debug\fvm_self_start.a(CyLib.o)
 .text.CyXTAL_SetWdVoltage
                0x00000000       0x18 .\CortexM3\ARM_GCC_541\Debug\fvm_self_start.a(CyLib.o)
 .text.CyHalt   0x00000000        0x4 .\CortexM3\ARM_GCC_541\Debug\fvm_self_start.a(CyLib.o)
 .text.CyPLL_OUT_SetPQ
                0x00000000       0x60 .\CortexM3\ARM_GCC_541\Debug\fvm_self_start.a(CyLib.o)
 .text.CyPLL_OUT_SetSource
                0x00000000       0x34 .\CortexM3\ARM_GCC_541\Debug\fvm_self_start.a(CyLib.o)
 .text.CyIMO_SetTrimValue
                0x00000000       0xcc .\CortexM3\ARM_GCC_541\Debug\fvm_self_start.a(CyLib.o)
 .text.CyIMO_SetFreq
                0x00000000       0xf4 .\CortexM3\ARM_GCC_541\Debug\fvm_self_start.a(CyLib.o)
 .text.CyIMO_SetSource
                0x00000000       0x58 .\CortexM3\ARM_GCC_541\Debug\fvm_self_start.a(CyLib.o)
 .text.CySoftwareReset
                0x00000000       0x10 .\CortexM3\ARM_GCC_541\Debug\fvm_self_start.a(CyLib.o)
 .text.CyDelay  0x00000000       0x2c .\CortexM3\ARM_GCC_541\Debug\fvm_self_start.a(CyLib.o)
 .text.CyDelayUs
                0x00000000       0x14 .\CortexM3\ARM_GCC_541\Debug\fvm_self_start.a(CyLib.o)
 .text.CyXTAL_32KHZ_SetPowerMode
                0x00000000       0x84 .\CortexM3\ARM_GCC_541\Debug\fvm_self_start.a(CyLib.o)
 .text.CyXTAL_32KHZ_Start
                0x00000000       0x74 .\CortexM3\ARM_GCC_541\Debug\fvm_self_start.a(CyLib.o)
 .text.CyDelayFreq
                0x00000000       0x4c .\CortexM3\ARM_GCC_541\Debug\fvm_self_start.a(CyLib.o)
 .text.CyWdtStart
                0x00000000       0x40 .\CortexM3\ARM_GCC_541\Debug\fvm_self_start.a(CyLib.o)
 .text.CyWdtClear
                0x00000000        0xc .\CortexM3\ARM_GCC_541\Debug\fvm_self_start.a(CyLib.o)
 .text.CyVdStickyStatus
                0x00000000       0x2c .\CortexM3\ARM_GCC_541\Debug\fvm_self_start.a(CyLib.o)
 .text.CyVdLvDigitEnable
                0x00000000       0x84 .\CortexM3\ARM_GCC_541\Debug\fvm_self_start.a(CyLib.o)
 .text.CyVdLvAnalogEnable
                0x00000000       0x80 .\CortexM3\ARM_GCC_541\Debug\fvm_self_start.a(CyLib.o)
 .text.CyVdLvDigitDisable
                0x00000000       0x30 .\CortexM3\ARM_GCC_541\Debug\fvm_self_start.a(CyLib.o)
 .text.CyVdLvAnalogDisable
                0x00000000       0x28 .\CortexM3\ARM_GCC_541\Debug\fvm_self_start.a(CyLib.o)
 .text.CyVdHvAnalogEnable
                0x00000000       0x54 .\CortexM3\ARM_GCC_541\Debug\fvm_self_start.a(CyLib.o)
 .text.CyVdHvAnalogDisable
                0x00000000       0x20 .\CortexM3\ARM_GCC_541\Debug\fvm_self_start.a(CyLib.o)
 .text.CyVdRealTimeStatus
                0x00000000       0x1c .\CortexM3\ARM_GCC_541\Debug\fvm_self_start.a(CyLib.o)
 .text.CyDisableInts
                0x00000000       0x1c .\CortexM3\ARM_GCC_541\Debug\fvm_self_start.a(CyLib.o)
 .text.CyEnableInts
                0x00000000       0x18 .\CortexM3\ARM_GCC_541\Debug\fvm_self_start.a(CyLib.o)
 .text.CyFlushCache
                0x00000000       0x44 .\CortexM3\ARM_GCC_541\Debug\fvm_self_start.a(CyLib.o)
 .text.CyIntSetSysVector
                0x00000000       0x28 .\CortexM3\ARM_GCC_541\Debug\fvm_self_start.a(CyLib.o)
 .text.CyIntGetSysVector
                0x00000000       0x20 .\CortexM3\ARM_GCC_541\Debug\fvm_self_start.a(CyLib.o)
 .text.CyIntSetVector
                0x00000000       0x28 .\CortexM3\ARM_GCC_541\Debug\fvm_self_start.a(CyLib.o)
 .text.CyIntGetVector
                0x00000000       0x24 .\CortexM3\ARM_GCC_541\Debug\fvm_self_start.a(CyLib.o)
 .text.CyIntSetPriority
                0x00000000       0x30 .\CortexM3\ARM_GCC_541\Debug\fvm_self_start.a(CyLib.o)
 .text.CyIntGetPriority
                0x00000000       0x20 .\CortexM3\ARM_GCC_541\Debug\fvm_self_start.a(CyLib.o)
 .text.CyIntGetState
                0x00000000       0x24 .\CortexM3\ARM_GCC_541\Debug\fvm_self_start.a(CyLib.o)
 .text.CySysTickStop
                0x00000000       0x10 .\CortexM3\ARM_GCC_541\Debug\fvm_self_start.a(CyLib.o)
 .text.CySysTickEnableInterrupt
                0x00000000       0x10 .\CortexM3\ARM_GCC_541\Debug\fvm_self_start.a(CyLib.o)
 .text.CySysTickEnable
                0x00000000       0x18 .\CortexM3\ARM_GCC_541\Debug\fvm_self_start.a(CyLib.o)
 .text.CySysTickDisableInterrupt
                0x00000000       0x10 .\CortexM3\ARM_GCC_541\Debug\fvm_self_start.a(CyLib.o)
 .text.CySysTickSetReload
                0x00000000       0x10 .\CortexM3\ARM_GCC_541\Debug\fvm_self_start.a(CyLib.o)
 .text.CySysTickGetReload
                0x00000000       0x10 .\CortexM3\ARM_GCC_541\Debug\fvm_self_start.a(CyLib.o)
 .text.CySysTickGetValue
                0x00000000       0x10 .\CortexM3\ARM_GCC_541\Debug\fvm_self_start.a(CyLib.o)
 .text.CySysTickSetClockSource
                0x00000000       0x20 .\CortexM3\ARM_GCC_541\Debug\fvm_self_start.a(CyLib.o)
 .text.CySysTickGetClockSource
                0x00000000       0x10 .\CortexM3\ARM_GCC_541\Debug\fvm_self_start.a(CyLib.o)
 .text.CySysTickGetCountFlag
                0x00000000       0x10 .\CortexM3\ARM_GCC_541\Debug\fvm_self_start.a(CyLib.o)
 .text.CySysTickServiceCallbacks
                0x00000000       0x28 .\CortexM3\ARM_GCC_541\Debug\fvm_self_start.a(CyLib.o)
 .text.CySysTickClear
                0x00000000        0xc .\CortexM3\ARM_GCC_541\Debug\fvm_self_start.a(CyLib.o)
 .text.CySysTickInit
                0x00000000       0x58 .\CortexM3\ARM_GCC_541\Debug\fvm_self_start.a(CyLib.o)
 .text.CySysTickStart
                0x00000000       0x1c .\CortexM3\ARM_GCC_541\Debug\fvm_self_start.a(CyLib.o)
 .text.CySysTickSetCallback
                0x00000000       0x10 .\CortexM3\ARM_GCC_541\Debug\fvm_self_start.a(CyLib.o)
 .text.CySysTickGetCallback
                0x00000000       0x10 .\CortexM3\ARM_GCC_541\Debug\fvm_self_start.a(CyLib.o)
 .text.CyGetUniqueId
                0x00000000       0x70 .\CortexM3\ARM_GCC_541\Debug\fvm_self_start.a(CyLib.o)
 .text          0x00000000        0x0 .\CortexM3\ARM_GCC_541\Debug\fvm_self_start.a(cyPm.o)
 .data          0x00000000        0x0 .\CortexM3\ARM_GCC_541\Debug\fvm_self_start.a(cyPm.o)
 .bss           0x00000000       0x43 .\CortexM3\ARM_GCC_541\Debug\fvm_self_start.a(cyPm.o)
 .text.CyPmHibSlpSaveSet
                0x00000000      0x1dc .\CortexM3\ARM_GCC_541\Debug\fvm_self_start.a(cyPm.o)
 .text.CyPmHibSlpRestore
                0x00000000       0xd8 .\CortexM3\ARM_GCC_541\Debug\fvm_self_start.a(cyPm.o)
 .text.CyPmHviLviSaveDisable
                0x00000000       0xa0 .\CortexM3\ARM_GCC_541\Debug\fvm_self_start.a(cyPm.o)
 .text.CyPmHibSaveSet
                0x00000000       0x98 .\CortexM3\ARM_GCC_541\Debug\fvm_self_start.a(cyPm.o)
 .text.CyPmHviLviRestore
                0x00000000       0x48 .\CortexM3\ARM_GCC_541\Debug\fvm_self_start.a(cyPm.o)
 .text.CyPmHibRestore
                0x00000000       0x60 .\CortexM3\ARM_GCC_541\Debug\fvm_self_start.a(cyPm.o)
 .text.CyPmSaveClocks
                0x00000000      0x218 .\CortexM3\ARM_GCC_541\Debug\fvm_self_start.a(cyPm.o)
 .text.CyPmRestoreClocks
                0x00000000      0x24c .\CortexM3\ARM_GCC_541\Debug\fvm_self_start.a(cyPm.o)
 .text.CyPmAltAct
                0x00000000       0x6c .\CortexM3\ARM_GCC_541\Debug\fvm_self_start.a(cyPm.o)
 .text.CyPmSleep
                0x00000000       0xf4 .\CortexM3\ARM_GCC_541\Debug\fvm_self_start.a(cyPm.o)
 .text.CyPmHibernateEx
                0x00000000       0xf4 .\CortexM3\ARM_GCC_541\Debug\fvm_self_start.a(cyPm.o)
 .text.CyPmHibernate
                0x00000000        0xc .\CortexM3\ARM_GCC_541\Debug\fvm_self_start.a(cyPm.o)
 .text.CyPmReadStatus
                0x00000000       0x30 .\CortexM3\ARM_GCC_541\Debug\fvm_self_start.a(cyPm.o)
 .text.CyPmCtwSetInterval
                0x00000000       0x5c .\CortexM3\ARM_GCC_541\Debug\fvm_self_start.a(cyPm.o)
 .text.CyPmOppsSet
                0x00000000       0x2c .\CortexM3\ARM_GCC_541\Debug\fvm_self_start.a(cyPm.o)
 .text.CyPmFtwSetInterval
                0x00000000       0x5c .\CortexM3\ARM_GCC_541\Debug\fvm_self_start.a(cyPm.o)
 .rodata        0x00000000        0xf .\CortexM3\ARM_GCC_541\Debug\fvm_self_start.a(cyPm.o)
 .text          0x00000000        0x0 .\CortexM3\ARM_GCC_541\Debug\fvm_self_start.a(DRIVE1.o)
 .data          0x00000000        0x0 .\CortexM3\ARM_GCC_541\Debug\fvm_self_start.a(DRIVE1.o)
 .bss           0x00000000        0x0 .\CortexM3\ARM_GCC_541\Debug\fvm_self_start.a(DRIVE1.o)
 .text.DRIVE1_Read
                0x00000000        0xc .\CortexM3\ARM_GCC_541\Debug\fvm_self_start.a(DRIVE1.o)
 .text          0x00000000        0x0 .\CortexM3\ARM_GCC_541\Debug\fvm_self_start.a(HALL2_A.o)
 .data          0x00000000        0x0 .\CortexM3\ARM_GCC_541\Debug\fvm_self_start.a(HALL2_A.o)
 .bss           0x00000000        0x0 .\CortexM3\ARM_GCC_541\Debug\fvm_self_start.a(HALL2_A.o)
 .text.HALL2_A_Write
                0x00000000       0x18 .\CortexM3\ARM_GCC_541\Debug\fvm_self_start.a(HALL2_A.o)
 .text.HALL2_A_SetDriveMode
                0x00000000       0x18 .\CortexM3\ARM_GCC_541\Debug\fvm_self_start.a(HALL2_A.o)
 .text.HALL2_A_ReadDataReg
                0x00000000       0x10 .\CortexM3\ARM_GCC_541\Debug\fvm_self_start.a(HALL2_A.o)
 .text          0x00000000        0x0 .\CortexM3\ARM_GCC_541\Debug\fvm_self_start.a(HALL2_B.o)
 .data          0x00000000        0x0 .\CortexM3\ARM_GCC_541\Debug\fvm_self_start.a(HALL2_B.o)
 .bss           0x00000000        0x0 .\CortexM3\ARM_GCC_541\Debug\fvm_self_start.a(HALL2_B.o)
 .text.HALL2_B_Write
                0x00000000       0x18 .\CortexM3\ARM_GCC_541\Debug\fvm_self_start.a(HALL2_B.o)
 .text.HALL2_B_SetDriveMode
                0x00000000       0x18 .\CortexM3\ARM_GCC_541\Debug\fvm_self_start.a(HALL2_B.o)
 .text.HALL2_B_ReadDataReg
                0x00000000       0x10 .\CortexM3\ARM_GCC_541\Debug\fvm_self_start.a(HALL2_B.o)
 .text          0x00000000        0x0 .\CortexM3\ARM_GCC_541\Debug\fvm_self_start.a(HALL2_C.o)
 .data          0x00000000        0x0 .\CortexM3\ARM_GCC_541\Debug\fvm_self_start.a(HALL2_C.o)
 .bss           0x00000000        0x0 .\CortexM3\ARM_GCC_541\Debug\fvm_self_start.a(HALL2_C.o)
 .text.HALL2_C_Write
                0x00000000       0x18 .\CortexM3\ARM_GCC_541\Debug\fvm_self_start.a(HALL2_C.o)
 .text.HALL2_C_SetDriveMode
                0x00000000       0x18 .\CortexM3\ARM_GCC_541\Debug\fvm_self_start.a(HALL2_C.o)
 .text.HALL2_C_ReadDataReg
                0x00000000       0x10 .\CortexM3\ARM_GCC_541\Debug\fvm_self_start.a(HALL2_C.o)
 .text          0x00000000        0x0 .\CortexM3\ARM_GCC_541\Debug\fvm_self_start.a(DRIVE2.o)
 .data          0x00000000        0x0 .\CortexM3\ARM_GCC_541\Debug\fvm_self_start.a(DRIVE2.o)
 .bss           0x00000000        0x0 .\CortexM3\ARM_GCC_541\Debug\fvm_self_start.a(DRIVE2.o)
 .text.DRIVE2_Read
                0x00000000        0xc .\CortexM3\ARM_GCC_541\Debug\fvm_self_start.a(DRIVE2.o)
 .data          0x00000000        0x0 .\CortexM3\ARM_GCC_541\Debug\fvm_self_start.a(CyBootAsmGnu.o)
 .bss           0x00000000        0x0 .\CortexM3\ARM_GCC_541\Debug\fvm_self_start.a(CyBootAsmGnu.o)
 .text          0x00000000        0x0 .\CortexM3\ARM_GCC_541\Debug\fvm_self_start.a(CyFlash.o)
 .data          0x00000000        0x0 .\CortexM3\ARM_GCC_541\Debug\fvm_self_start.a(CyFlash.o)
 .bss           0x00000000        0x0 .\CortexM3\ARM_GCC_541\Debug\fvm_self_start.a(CyFlash.o)
 .text.CySetTempInt
                0x00000000       0x60 .\CortexM3\ARM_GCC_541\Debug\fvm_self_start.a(CyFlash.o)
 .text.CyFlash_Start
                0x00000000       0x54 .\CortexM3\ARM_GCC_541\Debug\fvm_self_start.a(CyFlash.o)
 .text.CyFlash_Stop
                0x00000000       0x24 .\CortexM3\ARM_GCC_541\Debug\fvm_self_start.a(CyFlash.o)
 .text.CyFlash_EraseRow
                0x00000000       0x78 .\CortexM3\ARM_GCC_541\Debug\fvm_self_start.a(CyFlash.o)
 .text.CyFlashGetSpcAlgorithm
                0x00000000       0x4c .\CortexM3\ARM_GCC_541\Debug\fvm_self_start.a(CyFlash.o)
 .text.CySetTemp
                0x00000000       0x14 .\CortexM3\ARM_GCC_541\Debug\fvm_self_start.a(CyFlash.o)
 .text.CySetFlashEEBuffer
                0x00000000       0x20 .\CortexM3\ARM_GCC_541\Debug\fvm_self_start.a(CyFlash.o)
 .text.CyWriteRowFull
                0x00000000       0xf8 .\CortexM3\ARM_GCC_541\Debug\fvm_self_start.a(CyFlash.o)
 .text.CyWriteRowData
                0x00000000       0x14 .\CortexM3\ARM_GCC_541\Debug\fvm_self_start.a(CyFlash.o)
 .text.CyFlash_SetWaitCycles
                0x00000000       0x7c .\CortexM3\ARM_GCC_541\Debug\fvm_self_start.a(CyFlash.o)
 .text.CyEEPROM_Start
                0x00000000       0x54 .\CortexM3\ARM_GCC_541\Debug\fvm_self_start.a(CyFlash.o)
 .text.CyEEPROM_Stop
                0x00000000       0x24 .\CortexM3\ARM_GCC_541\Debug\fvm_self_start.a(CyFlash.o)
 .text.CyEEPROM_ReadReserve
                0x00000000       0x1c .\CortexM3\ARM_GCC_541\Debug\fvm_self_start.a(CyFlash.o)
 .text.CyEEPROM_ReadRelease
                0x00000000       0x10 .\CortexM3\ARM_GCC_541\Debug\fvm_self_start.a(CyFlash.o)
 COMMON         0x00000000        0x2 .\CortexM3\ARM_GCC_541\Debug\fvm_self_start.a(CyFlash.o)
 .text          0x00000000        0x0 .\CortexM3\ARM_GCC_541\Debug\fvm_self_start.a(CySpc.o)
 .data          0x00000000        0x0 .\CortexM3\ARM_GCC_541\Debug\fvm_self_start.a(CySpc.o)
 .bss           0x00000000        0x8 .\CortexM3\ARM_GCC_541\Debug\fvm_self_start.a(CySpc.o)
 .text.CySpcStart
                0x00000000       0x24 .\CortexM3\ARM_GCC_541\Debug\fvm_self_start.a(CySpc.o)
 .text.CySpcStop
                0x00000000       0x24 .\CortexM3\ARM_GCC_541\Debug\fvm_self_start.a(CySpc.o)
 .text.CySpcReadData
                0x00000000       0x34 .\CortexM3\ARM_GCC_541\Debug\fvm_self_start.a(CySpc.o)
 .text.CySpcLoadMultiByte
                0x00000000       0x78 .\CortexM3\ARM_GCC_541\Debug\fvm_self_start.a(CySpc.o)
 .text.CySpcLoadRow
                0x00000000       0x50 .\CortexM3\ARM_GCC_541\Debug\fvm_self_start.a(CySpc.o)
 .text.CySpcLoadRowFull
                0x00000000       0x80 .\CortexM3\ARM_GCC_541\Debug\fvm_self_start.a(CySpc.o)
 .text.CySpcWriteRow
                0x00000000       0x4c .\CortexM3\ARM_GCC_541\Debug\fvm_self_start.a(CySpc.o)
 .text.CySpcEraseSector
                0x00000000       0x3c .\CortexM3\ARM_GCC_541\Debug\fvm_self_start.a(CySpc.o)
 .text.CySpcEraseRow
                0x00000000       0x4c .\CortexM3\ARM_GCC_541\Debug\fvm_self_start.a(CySpc.o)
 .text.CySpcGetTemp
                0x00000000       0x3c .\CortexM3\ARM_GCC_541\Debug\fvm_self_start.a(CySpc.o)
 .text.CySpcLock
                0x00000000       0x4c .\CortexM3\ARM_GCC_541\Debug\fvm_self_start.a(CySpc.o)
 .text.CySpcUnlock
                0x00000000       0x38 .\CortexM3\ARM_GCC_541\Debug\fvm_self_start.a(CySpc.o)
 .text.CySpcGetAlgorithm
                0x00000000       0x28 .\CortexM3\ARM_GCC_541\Debug\fvm_self_start.a(CySpc.o)
 .text          0x00000000        0x0 c:/program files (x86)/cypress/psoc creator/4.2/psoc creator/import/gnu/arm/5.4.1/bin/../lib/gcc/arm-none-eabi/5.4.1/../../../../arm-none-eabi/lib/armv7-m\libg_nano.a(lib_a-errno.o)
 .data          0x00000000        0x0 c:/program files (x86)/cypress/psoc creator/4.2/psoc creator/import/gnu/arm/5.4.1/bin/../lib/gcc/arm-none-eabi/5.4.1/../../../../arm-none-eabi/lib/armv7-m\libg_nano.a(lib_a-errno.o)
 .bss           0x00000000        0x0 c:/program files (x86)/cypress/psoc creator/4.2/psoc creator/import/gnu/arm/5.4.1/bin/../lib/gcc/arm-none-eabi/5.4.1/../../../../arm-none-eabi/lib/armv7-m\libg_nano.a(lib_a-errno.o)
 .text          0x00000000        0x0 c:/program files (x86)/cypress/psoc creator/4.2/psoc creator/import/gnu/arm/5.4.1/bin/../lib/gcc/arm-none-eabi/5.4.1/../../../../arm-none-eabi/lib/armv7-m\libg_nano.a(lib_a-exit.o)
 .data          0x00000000        0x0 c:/program files (x86)/cypress/psoc creator/4.2/psoc creator/import/gnu/arm/5.4.1/bin/../lib/gcc/arm-none-eabi/5.4.1/../../../../arm-none-eabi/lib/armv7-m\libg_nano.a(lib_a-exit.o)
 .bss           0x00000000        0x0 c:/program files (x86)/cypress/psoc creator/4.2/psoc creator/import/gnu/arm/5.4.1/bin/../lib/gcc/arm-none-eabi/5.4.1/../../../../arm-none-eabi/lib/armv7-m\libg_nano.a(lib_a-exit.o)
 .text.exit     0x00000000       0x28 c:/program files (x86)/cypress/psoc creator/4.2/psoc creator/import/gnu/arm/5.4.1/bin/../lib/gcc/arm-none-eabi/5.4.1/../../../../arm-none-eabi/lib/armv7-m\libg_nano.a(lib_a-exit.o)
 .text          0x00000000        0x0 c:/program files (x86)/cypress/psoc creator/4.2/psoc creator/import/gnu/arm/5.4.1/bin/../lib/gcc/arm-none-eabi/5.4.1/../../../../arm-none-eabi/lib/armv7-m\libg_nano.a(lib_a-impure.o)
 .data          0x00000000        0x0 c:/program files (x86)/cypress/psoc creator/4.2/psoc creator/import/gnu/arm/5.4.1/bin/../lib/gcc/arm-none-eabi/5.4.1/../../../../arm-none-eabi/lib/armv7-m\libg_nano.a(lib_a-impure.o)
 .bss           0x00000000        0x0 c:/program files (x86)/cypress/psoc creator/4.2/psoc creator/import/gnu/arm/5.4.1/bin/../lib/gcc/arm-none-eabi/5.4.1/../../../../arm-none-eabi/lib/armv7-m\libg_nano.a(lib_a-impure.o)
 .rodata._global_impure_ptr
                0x00000000        0x4 c:/program files (x86)/cypress/psoc creator/4.2/psoc creator/import/gnu/arm/5.4.1/bin/../lib/gcc/arm-none-eabi/5.4.1/../../../../arm-none-eabi/lib/armv7-m\libg_nano.a(lib_a-impure.o)
 .text          0x00000000        0x0 c:/program files (x86)/cypress/psoc creator/4.2/psoc creator/import/gnu/arm/5.4.1/bin/../lib/gcc/arm-none-eabi/5.4.1/../../../../arm-none-eabi/lib/armv7-m\libg_nano.a(lib_a-init.o)
 .data          0x00000000        0x0 c:/program files (x86)/cypress/psoc creator/4.2/psoc creator/import/gnu/arm/5.4.1/bin/../lib/gcc/arm-none-eabi/5.4.1/../../../../arm-none-eabi/lib/armv7-m\libg_nano.a(lib_a-init.o)
 .bss           0x00000000        0x0 c:/program files (x86)/cypress/psoc creator/4.2/psoc creator/import/gnu/arm/5.4.1/bin/../lib/gcc/arm-none-eabi/5.4.1/../../../../arm-none-eabi/lib/armv7-m\libg_nano.a(lib_a-init.o)
 .text          0x00000000        0x0 c:/program files (x86)/cypress/psoc creator/4.2/psoc creator/import/gnu/arm/5.4.1/bin/../lib/gcc/arm-none-eabi/5.4.1/../../../../arm-none-eabi/lib/armv7-m\libg_nano.a(lib_a-memcpy-stub.o)
 .data          0x00000000        0x0 c:/program files (x86)/cypress/psoc creator/4.2/psoc creator/import/gnu/arm/5.4.1/bin/../lib/gcc/arm-none-eabi/5.4.1/../../../../arm-none-eabi/lib/armv7-m\libg_nano.a(lib_a-memcpy-stub.o)
 .bss           0x00000000        0x0 c:/program files (x86)/cypress/psoc creator/4.2/psoc creator/import/gnu/arm/5.4.1/bin/../lib/gcc/arm-none-eabi/5.4.1/../../../../arm-none-eabi/lib/armv7-m\libg_nano.a(lib_a-memcpy-stub.o)
 .text          0x00000000        0x0 c:/program files (x86)/cypress/psoc creator/4.2/psoc creator/import/gnu/arm/5.4.1/bin/../lib/gcc/arm-none-eabi/5.4.1/../../../../arm-none-eabi/lib/armv7-m\libg_nano.a(lib_a-memset.o)
 .data          0x00000000        0x0 c:/program files (x86)/cypress/psoc creator/4.2/psoc creator/import/gnu/arm/5.4.1/bin/../lib/gcc/arm-none-eabi/5.4.1/../../../../arm-none-eabi/lib/armv7-m\libg_nano.a(lib_a-memset.o)
 .bss           0x00000000        0x0 c:/program files (x86)/cypress/psoc creator/4.2/psoc creator/import/gnu/arm/5.4.1/bin/../lib/gcc/arm-none-eabi/5.4.1/../../../../arm-none-eabi/lib/armv7-m\libg_nano.a(lib_a-memset.o)
 .text          0x00000000        0x0 c:/program files (x86)/cypress/psoc creator/4.2/psoc creator/import/gnu/arm/5.4.1/bin/../lib/gcc/arm-none-eabi/5.4.1/armv7-m/crtend.o
 .data          0x00000000        0x0 c:/program files (x86)/cypress/psoc creator/4.2/psoc creator/import/gnu/arm/5.4.1/bin/../lib/gcc/arm-none-eabi/5.4.1/armv7-m/crtend.o
 .bss           0x00000000        0x0 c:/program files (x86)/cypress/psoc creator/4.2/psoc creator/import/gnu/arm/5.4.1/bin/../lib/gcc/arm-none-eabi/5.4.1/armv7-m/crtend.o
 .text          0x00000000        0x0 c:/program files (x86)/cypress/psoc creator/4.2/psoc creator/import/gnu/arm/5.4.1/bin/../lib/gcc/arm-none-eabi/5.4.1/armv7-m/crtn.o
 .data          0x00000000        0x0 c:/program files (x86)/cypress/psoc creator/4.2/psoc creator/import/gnu/arm/5.4.1/bin/../lib/gcc/arm-none-eabi/5.4.1/armv7-m/crtn.o
 .bss           0x00000000        0x0 c:/program files (x86)/cypress/psoc creator/4.2/psoc creator/import/gnu/arm/5.4.1/bin/../lib/gcc/arm-none-eabi/5.4.1/armv7-m/crtn.o

Memory Configuration

Name             Origin             Length             Attributes
rom              0x00000000         0x00040000         xr
ram              0x1fff8000         0x00010000         xrw
*default*        0x00000000         0xffffffff

Linker script and memory map

LOAD c:/program files (x86)/cypress/psoc creator/4.2/psoc creator/import/gnu/arm/5.4.1/bin/../lib/gcc/arm-none-eabi/5.4.1/armv7-m/crti.o
LOAD c:/program files (x86)/cypress/psoc creator/4.2/psoc creator/import/gnu/arm/5.4.1/bin/../lib/gcc/arm-none-eabi/5.4.1/armv7-m/crtbegin.o
LOAD c:/program files (x86)/cypress/psoc creator/4.2/psoc creator/import/gnu/arm/5.4.1/bin/../lib/gcc/arm-none-eabi/5.4.1/../../../../arm-none-eabi/lib/armv7-m/crt0.o
START GROUP
LOAD .\CortexM3\ARM_GCC_541\Debug\main.o
LOAD .\CortexM3\ARM_GCC_541\Debug\cyfitter_cfg.o
LOAD .\CortexM3\ARM_GCC_541\Debug\cymetadata.o
LOAD .\CortexM3\ARM_GCC_541\Debug\Cm3Start.o
LOAD .\CortexM3\ARM_GCC_541\Debug\fvm_self_start.a
LOAD C:\Program Files (x86)\Cypress\PSoC Creator\4.2\PSoC Creator\psoc\content\cycomponentlibrary\CyComponentLibrary.cylib\CortexM3\ARM_GCC_541\Debug\CyComponentLibrary.a
END GROUP
START GROUP
LOAD c:/program files (x86)/cypress/psoc creator/4.2/psoc creator/import/gnu/arm/5.4.1/bin/../lib/gcc/arm-none-eabi/5.4.1/armv7-m\libgcc.a
LOAD c:/program files (x86)/cypress/psoc creator/4.2/psoc creator/import/gnu/arm/5.4.1/bin/../lib/gcc/arm-none-eabi/5.4.1/../../../../arm-none-eabi/lib/armv7-m\libg_nano.a
LOAD c:/program files (x86)/cypress/psoc creator/4.2/psoc creator/import/gnu/arm/5.4.1/bin/../lib/gcc/arm-none-eabi/5.4.1/../../../../arm-none-eabi/lib/armv7-m\libc_nano.a
END GROUP
START GROUP
LOAD c:/program files (x86)/cypress/psoc creator/4.2/psoc creator/import/gnu/arm/5.4.1/bin/../lib/gcc/arm-none-eabi/5.4.1/armv7-m\libgcc.a
LOAD c:/program files (x86)/cypress/psoc creator/4.2/psoc creator/import/gnu/arm/5.4.1/bin/../lib/gcc/arm-none-eabi/5.4.1/../../../../arm-none-eabi/lib/armv7-m\libc_nano.a
END GROUP
LOAD c:/program files (x86)/cypress/psoc creator/4.2/psoc creator/import/gnu/arm/5.4.1/bin/../lib/gcc/arm-none-eabi/5.4.1/armv7-m/crtend.o
LOAD c:/program files (x86)/cypress/psoc creator/4.2/psoc creator/import/gnu/arm/5.4.1/bin/../lib/gcc/arm-none-eabi/5.4.1/armv7-m/crtn.o
START GROUP
LOAD c:/program files (x86)/cypress/psoc creator/4.2/psoc creator/import/gnu/arm/5.4.1/bin/../lib/gcc/arm-none-eabi/5.4.1/armv7-m\libgcc.a
LOAD c:/program files (x86)/cypress/psoc creator/4.2/psoc creator/import/gnu/arm/5.4.1/bin/../lib/gcc/arm-none-eabi/5.4.1/../../../../arm-none-eabi/lib/armv7-m\libc.a
LOAD c:/program files (x86)/cypress/psoc creator/4.2/psoc creator/import/gnu/arm/5.4.1/bin/../lib/gcc/arm-none-eabi/5.4.1/../../../../arm-none-eabi/lib/armv7-m\libnosys.a
END GROUP
                0x00000000                CY_APPL_ORIGIN = 0x0
                0x00000100                CY_FLASH_ROW_SIZE = 0x100
                0x00000020                CY_ECC_ROW_SIZE = 0x20
                0x00000000                CY_EE_IN_BTLDR = 0x0
                0x00000000                CY_APPL_LOADABLE = 0x0
                0x00000800                CY_EE_SIZE = 0x800
                0x00000001                CY_APPL_NUM = 0x1
                0x00000001                CY_APPL_MAX = 0x1
                0x00000040                CY_METADATA_SIZE = 0x40
                0x00000000                CY_APPL_LOADABLE = 0x0
                0x00000000                CY_CHECKSUM_EXCLUDE_SIZE = ALIGN (0x0, CY_FLASH_ROW_SIZE)
                [!provide]                PROVIDE (__cy_heap_start, _end)
                0x00000001                PROVIDE (__cy_region_num, ((__cy_regions_end - __cy_regions) / 0x10))
                0x20008000                PROVIDE (__cy_stack, (ORIGIN (ram) + LENGTH (ram)))
                [!provide]                PROVIDE (__cy_heap_end, (__cy_stack - 0x800))

.cybootloader   0x00000000        0x0
 *(.cybootloader)
                0x00000000                appl1_start = CY_APPL_ORIGIN?CY_APPL_ORIGIN:ALIGN (CY_FLASH_ROW_SIZE)
                0x0001ff00                appl2_start = (appl1_start + ALIGN ((((LENGTH (rom) - appl1_start) - (0x2 * CY_FLASH_ROW_SIZE)) / 0x2), CY_FLASH_ROW_SIZE))
                0x00000000                appl_start = (CY_APPL_NUM == 0x1)?appl1_start:appl2_start
                0x00000000                ecc_offset = ((appl_start / CY_FLASH_ROW_SIZE) * CY_ECC_ROW_SIZE)
                0x00000000                ee_offset = (CY_APPL_LOADABLE && ! (CY_EE_IN_BTLDR))?((CY_EE_SIZE / CY_APPL_MAX) * (CY_APPL_NUM - 0x1)):0x0
                0x00000800                ee_size = (CY_APPL_LOADABLE && ! (CY_EE_IN_BTLDR))?(CY_EE_SIZE / CY_APPL_MAX):CY_EE_SIZE
                [!provide]                PROVIDE (CY_ECC_OFFSET, ecc_offset)

.text           0x00000000      0x52e
 CREATE_OBJECT_SYMBOLS
                0x00000000                PROVIDE (__cy_interrupt_vector, RomVectors)
 *(.romvectors)
 .romvectors    0x00000000       0x10 .\CortexM3\ARM_GCC_541\Debug\Cm3Start.o
                0x00000000                RomVectors
                0x00000001                ASSERT ((. != __cy_interrupt_vector), No interrupt vector)
                0x00000001                ASSERT (CY_APPL_ORIGIN?(SIZEOF (.cybootloader) <= CY_APPL_ORIGIN):0x1, Wrong image location)
                0x00000010                PROVIDE (__cy_reset, Reset)
 *(.text.Reset)
 .text.Reset    0x00000010       0x18 .\CortexM3\ARM_GCC_541\Debug\Cm3Start.o
                0x00000010                Reset
                0x00000001                ASSERT ((. != __cy_reset), No reset code)
 *(.dma_init)
                0x00000001                ASSERT ((((appl_start + .) <= 0x10000) || 0x1), DMA Init must be within the first 64k of flash)
 *(.text .text.* .gnu.linkonce.t.*)
 .text          0x00000028       0x5c c:/program files (x86)/cypress/psoc creator/4.2/psoc creator/import/gnu/arm/5.4.1/bin/../lib/gcc/arm-none-eabi/5.4.1/armv7-m/crtbegin.o
 .text.getState
                0x00000084       0x50 .\CortexM3\ARM_GCC_541\Debug\main.o
                0x00000084                getState
 .text.advanceState
                0x000000d4       0x5c .\CortexM3\ARM_GCC_541\Debug\main.o
                0x000000d4                advanceState
 .text.init     0x00000130        0x4 .\CortexM3\ARM_GCC_541\Debug\main.o
                0x00000130                init
 .text.loop     0x00000134       0x14 .\CortexM3\ARM_GCC_541\Debug\main.o
                0x00000134                loop
 .text.main     0x00000148        0xc .\CortexM3\ARM_GCC_541\Debug\main.o
                0x00000148                main
 .text.CyClockStartupError
                0x00000154        0x4 .\CortexM3\ARM_GCC_541\Debug\cyfitter_cfg.o
 .text.cfg_write_bytes32
                0x00000158       0x34 .\CortexM3\ARM_GCC_541\Debug\cyfitter_cfg.o
 .text.AnalogSetDefault
                0x0000018c       0x28 .\CortexM3\ARM_GCC_541\Debug\cyfitter_cfg.o
 .text.CYMEMZERO
                0x000001b4        0xc .\CortexM3\ARM_GCC_541\Debug\cyfitter_cfg.o
 .text.ClockSetup
                0x000001c0       0x9c .\CortexM3\ARM_GCC_541\Debug\cyfitter_cfg.o
 .text.CYCONFIGCPY
                0x0000025c        0x8 .\CortexM3\ARM_GCC_541\Debug\cyfitter_cfg.o
 .text.cyfitter_cfg
                0x00000264       0xf0 .\CortexM3\ARM_GCC_541\Debug\cyfitter_cfg.o
                0x00000264                cyfitter_cfg
 .text.IntDefaultHandler
                0x00000354       0x10 .\CortexM3\ARM_GCC_541\Debug\Cm3Start.o
                0x00000354                IntDefaultHandler
 .text.Start_c  0x00000364       0x4c .\CortexM3\ARM_GCC_541\Debug\Cm3Start.o
                0x00000364                Start_c
 .text.initialize_psoc
                0x000003b0       0x68 .\CortexM3\ARM_GCC_541\Debug\Cm3Start.o
                0x000003b0                initialize_psoc
 .text.HALL1_A_Read
                0x00000418       0x10 .\CortexM3\ARM_GCC_541\Debug\fvm_self_start.a(HALL1_A.o)
                0x00000418                HALL1_A_Read
 .text.HALL1_B_Read
                0x00000428       0x10 .\CortexM3\ARM_GCC_541\Debug\fvm_self_start.a(HALL1_B.o)
                0x00000428                HALL1_B_Read
 .text.HALL1_C_Read
                0x00000438       0x10 .\CortexM3\ARM_GCC_541\Debug\fvm_self_start.a(HALL1_C.o)
                0x00000438                HALL1_C_Read
 .text.DRIVE1_Write
                0x00000448        0xc .\CortexM3\ARM_GCC_541\Debug\fvm_self_start.a(DRIVE1.o)
                0x00000448                DRIVE1_Write
 .text.HALL2_A_Read
                0x00000454       0x10 .\CortexM3\ARM_GCC_541\Debug\fvm_self_start.a(HALL2_A.o)
                0x00000454                HALL2_A_Read
 .text.HALL2_B_Read
                0x00000464       0x10 .\CortexM3\ARM_GCC_541\Debug\fvm_self_start.a(HALL2_B.o)
                0x00000464                HALL2_B_Read
 .text.HALL2_C_Read
                0x00000474       0x10 .\CortexM3\ARM_GCC_541\Debug\fvm_self_start.a(HALL2_C.o)
                0x00000474                HALL2_C_Read
 .text.DRIVE2_Write
                0x00000484        0xc .\CortexM3\ARM_GCC_541\Debug\fvm_self_start.a(DRIVE2.o)
                0x00000484                DRIVE2_Write
 .text          0x00000490       0x20 .\CortexM3\ARM_GCC_541\Debug\fvm_self_start.a(CyBootAsmGnu.o)
                0x00000490                CyDelayCycles
                0x000004a0                CyEnterCriticalSection
                0x000004a8                CyExitCriticalSection
 .text.__errno  0x000004b0        0xc c:/program files (x86)/cypress/psoc creator/4.2/psoc creator/import/gnu/arm/5.4.1/bin/../lib/gcc/arm-none-eabi/5.4.1/../../../../arm-none-eabi/lib/armv7-m\libg_nano.a(lib_a-errno.o)
                0x000004b0                __errno
 .text.__libc_init_array
                0x000004bc       0x4c c:/program files (x86)/cypress/psoc creator/4.2/psoc creator/import/gnu/arm/5.4.1/bin/../lib/gcc/arm-none-eabi/5.4.1/../../../../arm-none-eabi/lib/armv7-m\libg_nano.a(lib_a-init.o)
                0x000004bc                __libc_init_array
 .text.memcpy   0x00000508       0x16 c:/program files (x86)/cypress/psoc creator/4.2/psoc creator/import/gnu/arm/5.4.1/bin/../lib/gcc/arm-none-eabi/5.4.1/../../../../arm-none-eabi/lib/armv7-m\libg_nano.a(lib_a-memcpy-stub.o)
                0x00000508                memcpy
 .text.memset   0x0000051e       0x10 c:/program files (x86)/cypress/psoc creator/4.2/psoc creator/import/gnu/arm/5.4.1/bin/../lib/gcc/arm-none-eabi/5.4.1/../../../../arm-none-eabi/lib/armv7-m\libg_nano.a(lib_a-memset.o)
                0x0000051e                memset
 *(.plt)
 *(.gnu.warning)
 *(.glue_7t)
 .glue_7t       0x0000052e        0x0 linker stubs
 *(.glue_7)
 .glue_7        0x0000052e        0x0 linker stubs
 *(.vfp11_veneer)
 .vfp11_veneer  0x0000052e        0x0 linker stubs
 *(.bootloader)
 *(.ARM.extab* .gnu.linkonce.armextab.*)
 *(.gcc_except_table)

.v4_bx          0x00000530        0x0
 .v4_bx         0x00000530        0x0 linker stubs

.iplt           0x00000530        0x0
 .iplt          0x00000530        0x0 c:/program files (x86)/cypress/psoc creator/4.2/psoc creator/import/gnu/arm/5.4.1/bin/../lib/gcc/arm-none-eabi/5.4.1/armv7-m/crtbegin.o

.eh_frame_hdr
 *(.eh_frame_hdr)

.eh_frame       0x00000530        0x4
 *(.eh_frame)
 .eh_frame      0x00000530        0x0 c:/program files (x86)/cypress/psoc creator/4.2/psoc creator/import/gnu/arm/5.4.1/bin/../lib/gcc/arm-none-eabi/5.4.1/armv7-m/crtbegin.o
 .eh_frame      0x00000530        0x4 c:/program files (x86)/cypress/psoc creator/4.2/psoc creator/import/gnu/arm/5.4.1/bin/../lib/gcc/arm-none-eabi/5.4.1/armv7-m/crtend.o
                [!provide]                PROVIDE (__exidx_start, .)

.ARM.exidx
 *(.ARM.exidx* .gnu.linkonce.armexidx.*)
                0x00000534                __exidx_end = .

.rodata         0x00000534       0x6c
 *(.rodata .rodata.* .gnu.linkonce.r.*)
 .rodata        0x00000534       0x30 .\CortexM3\ARM_GCC_541\Debug\cyfitter_cfg.o
 .rodata.str1.1
                0x00000564        0x2 c:/program files (x86)/cypress/psoc creator/4.2/psoc creator/import/gnu/arm/5.4.1/bin/../lib/gcc/arm-none-eabi/5.4.1/../../../../arm-none-eabi/lib/armv7-m\libg_nano.a(lib_a-impure.o)
                0x00000568                . = ALIGN (0x4)
 *fill*         0x00000566        0x2 
 *(.init)
 .init          0x00000568        0x4 c:/program files (x86)/cypress/psoc creator/4.2/psoc creator/import/gnu/arm/5.4.1/bin/../lib/gcc/arm-none-eabi/5.4.1/armv7-m/crti.o
                0x00000568                _init
 .init          0x0000056c        0x8 c:/program files (x86)/cypress/psoc creator/4.2/psoc creator/import/gnu/arm/5.4.1/bin/../lib/gcc/arm-none-eabi/5.4.1/armv7-m/crtn.o
                0x00000574                . = ALIGN (0x4)
                0x00000574                __preinit_array_start = .
 *(.preinit_array)
                0x00000574                __preinit_array_end = .
                0x00000574                . = ALIGN (0x4)
                0x00000574                __init_array_start = .
 *(SORT(.init_array.*))
 *(.init_array)
 .init_array    0x00000574        0x4 c:/program files (x86)/cypress/psoc creator/4.2/psoc creator/import/gnu/arm/5.4.1/bin/../lib/gcc/arm-none-eabi/5.4.1/armv7-m/crtbegin.o
 .init_array    0x00000578        0x4 .\CortexM3\ARM_GCC_541\Debug\Cm3Start.o
                0x0000057c                __init_array_end = .
                0x0000057c                . = ALIGN (0x4)
 *(.fini)
 .fini          0x0000057c        0x4 c:/program files (x86)/cypress/psoc creator/4.2/psoc creator/import/gnu/arm/5.4.1/bin/../lib/gcc/arm-none-eabi/5.4.1/armv7-m/crti.o
                0x0000057c                _fini
 .fini          0x00000580        0x8 c:/program files (x86)/cypress/psoc creator/4.2/psoc creator/import/gnu/arm/5.4.1/bin/../lib/gcc/arm-none-eabi/5.4.1/armv7-m/crtn.o
                0x00000588                . = ALIGN (0x4)
                0x00000588                __fini_array_start = .
 *(.fini_array)
 .fini_array    0x00000588        0x4 c:/program files (x86)/cypress/psoc creator/4.2/psoc creator/import/gnu/arm/5.4.1/bin/../lib/gcc/arm-none-eabi/5.4.1/armv7-m/crtbegin.o
 *(SORT(.fini_array.*))
                0x0000058c                __fini_array_end = .
                0x0000058c                . = ALIGN (0x4)
 *crtbegin.o(.ctors)
 *(EXCLUDE_FILE(*crtend.o) .ctors)
 *(SORT(.ctors.*))
 *crtend.o(.ctors)
                0x0000058c                . = ALIGN (0x4)
 *crtbegin.o(.dtors)
 *(EXCLUDE_FILE(*crtend.o) .dtors)
 *(SORT(.dtors.*))
 *crtend.o(.dtors)
                0x0000058c                . = ALIGN (0x4)
                0x0000058c                __cy_regions = .
                0x0000058c        0x4 LONG 0x5a0 __cy_region_init_ram
                0x00000590        0x4 LONG 0x1fff80c8 __cy_region_start_data
                0x00000594        0x4 LONG 0x68 __cy_region_init_size_ram
                0x00000598        0x4 LONG 0x20 __cy_region_zero_size_ram
                0x0000059c                __cy_regions_end = .
                0x000005a0                . = ALIGN (0x8)
 *fill*         0x0000059c        0x4 
                0x000005a0                _etext = .

.cy_checksum_exclude
                0x000005a0        0x0
 *(.cy_checksum_exclude)

.ramvectors     0x1fff8000       0xc0
                0x1fff8000                __cy_region_start_ram = .
 *(.ramvectors)
 .ramvectors    0x1fff8000       0xc0 .\CortexM3\ARM_GCC_541\Debug\Cm3Start.o
                0x1fff8000                CyRamVectors

.noinit         0x1fff80c0        0x1
 *(.noinit)
 .noinit        0x1fff80c0        0x1 .\CortexM3\ARM_GCC_541\Debug\fvm_self_start.a(CyLib.o)
                0x1fff80c0                CyResetStatus

.data           0x1fff80c8       0x68 load address 0x000005a0
                0x1fff80c8                __cy_region_start_data = .
 *(.jcr)
 .jcr           0x1fff80c8        0x0 c:/program files (x86)/cypress/psoc creator/4.2/psoc creator/import/gnu/arm/5.4.1/bin/../lib/gcc/arm-none-eabi/5.4.1/armv7-m/crtbegin.o
 .jcr           0x1fff80c8        0x4 c:/program files (x86)/cypress/psoc creator/4.2/psoc creator/import/gnu/arm/5.4.1/bin/../lib/gcc/arm-none-eabi/5.4.1/armv7-m/crtend.o
 *(.got.plt)
 *(.got)
 *(.shdata)
 *(.data .data.* .gnu.linkonce.d.*)
 .data.impure_data
                0x1fff80cc       0x60 c:/program files (x86)/cypress/psoc creator/4.2/psoc creator/import/gnu/arm/5.4.1/bin/../lib/gcc/arm-none-eabi/5.4.1/../../../../arm-none-eabi/lib/armv7-m\libg_nano.a(lib_a-impure.o)
 .data._impure_ptr
                0x1fff812c        0x4 c:/program files (x86)/cypress/psoc creator/4.2/psoc creator/import/gnu/arm/5.4.1/bin/../lib/gcc/arm-none-eabi/5.4.1/../../../../arm-none-eabi/lib/armv7-m\libg_nano.a(lib_a-impure.o)
                0x1fff812c                _impure_ptr
                0x1fff8130                . = ALIGN (0x8)
 *(.ram)
                0x1fff8130                _edata = .

.igot.plt       0x1fff8130        0x0 load address 0x00000608
 .igot.plt      0x1fff8130        0x0 c:/program files (x86)/cypress/psoc creator/4.2/psoc creator/import/gnu/arm/5.4.1/bin/../lib/gcc/arm-none-eabi/5.4.1/armv7-m/crtbegin.o

.bss            0x1fff8130       0x20 load address 0x00000608
                0x1fff8130                PROVIDE (__bss_start__, .)
 *(.shbss)
 *(.bss .bss.* .gnu.linkonce.b.*)
 .bss           0x1fff8130       0x1c c:/program files (x86)/cypress/psoc creator/4.2/psoc creator/import/gnu/arm/5.4.1/bin/../lib/gcc/arm-none-eabi/5.4.1/armv7-m/crtbegin.o
 *(COMMON)
                0x1fff8150                . = ALIGN (0x8)
 *fill*         0x1fff814c        0x4 
 *(.ram.b)
                0x1fff8150                _end = .
                0x1fff8150                __end = .
                0x1fff8150                PROVIDE (end, .)
                0x1fff8150                PROVIDE (__bss_end__, .)
                0x000005a0                __cy_region_init_ram = LOADADDR (.data)
                0x00000068                __cy_region_init_size_ram = (_edata - ADDR (.data))
                0x00000020                __cy_region_zero_size_ram = (_end - _edata)

.heap           0x1fff8150       0x80 load address 0x00000608
                0x1fff8150                . = _end
                0x1fff81d0                . = (. + 0x80)
 *fill*         0x1fff8150       0x80 
                0x1fff81d0                __cy_heap_limit = .

.stack          0x20007800      0x800
                0x20007800                __cy_stack_limit = .
                0x20008000                . = (. + 0x800)
 *fill*         0x20007800      0x800 
                0x00000001                ASSERT ((__cy_stack_limit >= __cy_heap_limit), region RAM overflowed with stack)
                0x00000000                cy_checksum_exclude_size = (CY_APPL_LOADABLE == 0x1)?SIZEOF (.cy_checksum_exclude):0x0
                0x00000001                ASSERT ((cy_checksum_exclude_size <= CY_CHECKSUM_EXCLUDE_SIZE), CY_BOOT: Section .cy_checksum_exclude size exceedes specified limit.)

.cyloadermeta
 *(.cyloadermeta)

.cyloadablemeta
 *(.cyloadablemeta)

.cyconfigecc    0x80000000      0x128
 *(.cyconfigecc)
 .cyconfigecc   0x80000000      0x128 .\CortexM3\ARM_GCC_541\Debug\cymetadata.o
                0x80000000                cy_meta_configecc

.cycustnvl      0x90000000        0x4
 *(.cycustnvl)
 .cycustnvl     0x90000000        0x4 .\CortexM3\ARM_GCC_541\Debug\cymetadata.o
                0x90000000                cy_meta_custnvl

.cywolatch      0x90100000        0x4
 *(.cywolatch)
 .cywolatch     0x90100000        0x4 .\CortexM3\ARM_GCC_541\Debug\cymetadata.o
                0x90100000                cy_meta_wonvl

.cyeeprom       0x90200000        0x0
 *(.cyeeprom)
                0x00000001                ASSERT ((. <= ((0x90200000 + ee_offset) + ee_size)), .cyeeprom data will not fit in EEPROM)

.cyflashprotect
                0x90400000      0x100
 *(.cyflashprotect)
 .cyflashprotect
                0x90400000      0x100 .\CortexM3\ARM_GCC_541\Debug\cymetadata.o
                0x90400000                cy_meta_flashprotect

.cymeta         0x90500000        0xc
 *(.cymeta)
 .cymeta        0x90500000        0xc .\CortexM3\ARM_GCC_541\Debug\cymetadata.o
                0x90500000                cy_metadata

.rel.dyn        0x00000608        0x0 load address 0x9050000c
 .rel.iplt      0x00000608        0x0 c:/program files (x86)/cypress/psoc creator/4.2/psoc creator/import/gnu/arm/5.4.1/bin/../lib/gcc/arm-none-eabi/5.4.1/armv7-m/crtbegin.o

.stab
 *(.stab)

.stabstr
 *(.stabstr)

.debug
 *(.debug)

.line
 *(.line)

.debug_srcinfo
 *(.debug_srcinfo)

.debug_sfnames
 *(.debug_sfnames)

.debug_aranges  0x00000000      0x6f8
 *(.debug_aranges)
 .debug_aranges
                0x00000000       0x40 .\CortexM3\ARM_GCC_541\Debug\main.o
 .debug_aranges
                0x00000040       0x58 .\CortexM3\ARM_GCC_541\Debug\cyfitter_cfg.o
 .debug_aranges
                0x00000098       0x18 .\CortexM3\ARM_GCC_541\Debug\cymetadata.o
 .debug_aranges
                0x000000b0       0x48 .\CortexM3\ARM_GCC_541\Debug\Cm3Start.o
 .debug_aranges
                0x000000f8       0x38 .\CortexM3\ARM_GCC_541\Debug\fvm_self_start.a(HALL1_A.o)
 .debug_aranges
                0x00000130       0x38 .\CortexM3\ARM_GCC_541\Debug\fvm_self_start.a(HALL1_B.o)
 .debug_aranges
                0x00000168       0x38 .\CortexM3\ARM_GCC_541\Debug\fvm_self_start.a(HALL1_C.o)
 .debug_aranges
                0x000001a0      0x2a0 .\CortexM3\ARM_GCC_541\Debug\fvm_self_start.a(CyLib.o)
 .debug_aranges
                0x00000440       0x98 .\CortexM3\ARM_GCC_541\Debug\fvm_self_start.a(cyPm.o)
 .debug_aranges
                0x000004d8       0x28 .\CortexM3\ARM_GCC_541\Debug\fvm_self_start.a(DRIVE1.o)
 .debug_aranges
                0x00000500       0x38 .\CortexM3\ARM_GCC_541\Debug\fvm_self_start.a(HALL2_A.o)
 .debug_aranges
                0x00000538       0x38 .\CortexM3\ARM_GCC_541\Debug\fvm_self_start.a(HALL2_B.o)
 .debug_aranges
                0x00000570       0x38 .\CortexM3\ARM_GCC_541\Debug\fvm_self_start.a(HALL2_C.o)
 .debug_aranges
                0x000005a8       0x28 .\CortexM3\ARM_GCC_541\Debug\fvm_self_start.a(DRIVE2.o)
 .debug_aranges
                0x000005d0       0x20 .\CortexM3\ARM_GCC_541\Debug\fvm_self_start.a(CyBootAsmGnu.o)
 .debug_aranges
                0x000005f0       0x88 .\CortexM3\ARM_GCC_541\Debug\fvm_self_start.a(CyFlash.o)
 .debug_aranges
                0x00000678       0x80 .\CortexM3\ARM_GCC_541\Debug\fvm_self_start.a(CySpc.o)

.debug_pubnames
 *(.debug_pubnames)

.debug_info     0x00000000     0x3e97
 *(.debug_info .gnu.linkonce.wi.*)
 .debug_info    0x00000000      0x2ad .\CortexM3\ARM_GCC_541\Debug\main.o
 .debug_info    0x000002ad      0x4c9 .\CortexM3\ARM_GCC_541\Debug\cyfitter_cfg.o
 .debug_info    0x00000776      0x135 .\CortexM3\ARM_GCC_541\Debug\cymetadata.o
 .debug_info    0x000008ab      0x3bb .\CortexM3\ARM_GCC_541\Debug\Cm3Start.o
 .debug_info    0x00000c66      0x11f .\CortexM3\ARM_GCC_541\Debug\fvm_self_start.a(HALL1_A.o)
 .debug_info    0x00000d85      0x11f .\CortexM3\ARM_GCC_541\Debug\fvm_self_start.a(HALL1_B.o)
 .debug_info    0x00000ea4      0x11f .\CortexM3\ARM_GCC_541\Debug\fvm_self_start.a(HALL1_C.o)
 .debug_info    0x00000fc3     0x1374 .\CortexM3\ARM_GCC_541\Debug\fvm_self_start.a(CyLib.o)
 .debug_info    0x00002337      0xa2a .\CortexM3\ARM_GCC_541\Debug\fvm_self_start.a(cyPm.o)
 .debug_info    0x00002d61       0xd6 .\CortexM3\ARM_GCC_541\Debug\fvm_self_start.a(DRIVE1.o)
 .debug_info    0x00002e37      0x11f .\CortexM3\ARM_GCC_541\Debug\fvm_self_start.a(HALL2_A.o)
 .debug_info    0x00002f56      0x11f .\CortexM3\ARM_GCC_541\Debug\fvm_self_start.a(HALL2_B.o)
 .debug_info    0x00003075      0x11f .\CortexM3\ARM_GCC_541\Debug\fvm_self_start.a(HALL2_C.o)
 .debug_info    0x00003194       0xd6 .\CortexM3\ARM_GCC_541\Debug\fvm_self_start.a(DRIVE2.o)
 .debug_info    0x0000326a       0x90 .\CortexM3\ARM_GCC_541\Debug\fvm_self_start.a(CyBootAsmGnu.o)
 .debug_info    0x000032fa      0x64d .\CortexM3\ARM_GCC_541\Debug\fvm_self_start.a(CyFlash.o)
 .debug_info    0x00003947      0x550 .\CortexM3\ARM_GCC_541\Debug\fvm_self_start.a(CySpc.o)

.debug_abbrev   0x00000000     0x1125
 *(.debug_abbrev)
 .debug_abbrev  0x00000000      0x129 .\CortexM3\ARM_GCC_541\Debug\main.o
 .debug_abbrev  0x00000129      0x1fe .\CortexM3\ARM_GCC_541\Debug\cyfitter_cfg.o
 .debug_abbrev  0x00000327       0x66 .\CortexM3\ARM_GCC_541\Debug\cymetadata.o
 .debug_abbrev  0x0000038d      0x1e8 .\CortexM3\ARM_GCC_541\Debug\Cm3Start.o
 .debug_abbrev  0x00000575       0x90 .\CortexM3\ARM_GCC_541\Debug\fvm_self_start.a(HALL1_A.o)
 .debug_abbrev  0x00000605       0x90 .\CortexM3\ARM_GCC_541\Debug\fvm_self_start.a(HALL1_B.o)
 .debug_abbrev  0x00000695       0x90 .\CortexM3\ARM_GCC_541\Debug\fvm_self_start.a(HALL1_C.o)
 .debug_abbrev  0x00000725      0x254 .\CortexM3\ARM_GCC_541\Debug\fvm_self_start.a(CyLib.o)
 .debug_abbrev  0x00000979      0x1ab .\CortexM3\ARM_GCC_541\Debug\fvm_self_start.a(cyPm.o)
 .debug_abbrev  0x00000b24       0x81 .\CortexM3\ARM_GCC_541\Debug\fvm_self_start.a(DRIVE1.o)
 .debug_abbrev  0x00000ba5       0x90 .\CortexM3\ARM_GCC_541\Debug\fvm_self_start.a(HALL2_A.o)
 .debug_abbrev  0x00000c35       0x90 .\CortexM3\ARM_GCC_541\Debug\fvm_self_start.a(HALL2_B.o)
 .debug_abbrev  0x00000cc5       0x90 .\CortexM3\ARM_GCC_541\Debug\fvm_self_start.a(HALL2_C.o)
 .debug_abbrev  0x00000d55       0x81 .\CortexM3\ARM_GCC_541\Debug\fvm_self_start.a(DRIVE2.o)
 .debug_abbrev  0x00000dd6       0x14 .\CortexM3\ARM_GCC_541\Debug\fvm_self_start.a(CyBootAsmGnu.o)
 .debug_abbrev  0x00000dea      0x1a7 .\CortexM3\ARM_GCC_541\Debug\fvm_self_start.a(CyFlash.o)
 .debug_abbrev  0x00000f91      0x194 .\CortexM3\ARM_GCC_541\Debug\fvm_self_start.a(CySpc.o)

.debug_line     0x00000000     0x1c36
 *(.debug_line)
 .debug_line    0x00000000      0x23c .\CortexM3\ARM_GCC_541\Debug\main.o
 .debug_line    0x0000023c      0x1d4 .\CortexM3\ARM_GCC_541\Debug\cyfitter_cfg.o
 .debug_line    0x00000410      0x141 .\CortexM3\ARM_GCC_541\Debug\cymetadata.o
 .debug_line    0x00000551      0x234 .\CortexM3\ARM_GCC_541\Debug\Cm3Start.o
 .debug_line    0x00000785       0x94 .\CortexM3\ARM_GCC_541\Debug\fvm_self_start.a(HALL1_A.o)
 .debug_line    0x00000819       0x94 .\CortexM3\ARM_GCC_541\Debug\fvm_self_start.a(HALL1_B.o)
 .debug_line    0x000008ad       0x94 .\CortexM3\ARM_GCC_541\Debug\fvm_self_start.a(HALL1_C.o)
 .debug_line    0x00000941      0x816 .\CortexM3\ARM_GCC_541\Debug\fvm_self_start.a(CyLib.o)
 .debug_line    0x00001157      0x367 .\CortexM3\ARM_GCC_541\Debug\fvm_self_start.a(cyPm.o)
 .debug_line    0x000014be       0x6e .\CortexM3\ARM_GCC_541\Debug\fvm_self_start.a(DRIVE1.o)
 .debug_line    0x0000152c       0x94 .\CortexM3\ARM_GCC_541\Debug\fvm_self_start.a(HALL2_A.o)
 .debug_line    0x000015c0       0x94 .\CortexM3\ARM_GCC_541\Debug\fvm_self_start.a(HALL2_B.o)
 .debug_line    0x00001654       0x94 .\CortexM3\ARM_GCC_541\Debug\fvm_self_start.a(HALL2_C.o)
 .debug_line    0x000016e8       0x6e .\CortexM3\ARM_GCC_541\Debug\fvm_self_start.a(DRIVE2.o)
 .debug_line    0x00001756       0x66 .\CortexM3\ARM_GCC_541\Debug\fvm_self_start.a(CyBootAsmGnu.o)
 .debug_line    0x000017bc      0x21a .\CortexM3\ARM_GCC_541\Debug\fvm_self_start.a(CyFlash.o)
 .debug_line    0x000019d6      0x260 .\CortexM3\ARM_GCC_541\Debug\fvm_self_start.a(CySpc.o)

.debug_frame    0x00000000     0x117c
 *(.debug_frame)
 .debug_frame   0x00000000       0xa0 .\CortexM3\ARM_GCC_541\Debug\main.o
 .debug_frame   0x000000a0       0xe4 .\CortexM3\ARM_GCC_541\Debug\cyfitter_cfg.o
 .debug_frame   0x00000184       0xb8 .\CortexM3\ARM_GCC_541\Debug\Cm3Start.o
 .debug_frame   0x0000023c       0x50 .\CortexM3\ARM_GCC_541\Debug\fvm_self_start.a(HALL1_A.o)
 .debug_frame   0x0000028c       0x50 .\CortexM3\ARM_GCC_541\Debug\fvm_self_start.a(HALL1_B.o)
 .debug_frame   0x000002dc       0x50 .\CortexM3\ARM_GCC_541\Debug\fvm_self_start.a(HALL1_C.o)
 .debug_frame   0x0000032c      0x738 .\CortexM3\ARM_GCC_541\Debug\fvm_self_start.a(CyLib.o)
 .debug_frame   0x00000a64      0x1f8 .\CortexM3\ARM_GCC_541\Debug\fvm_self_start.a(cyPm.o)
 .debug_frame   0x00000c5c       0x30 .\CortexM3\ARM_GCC_541\Debug\fvm_self_start.a(DRIVE1.o)
 .debug_frame   0x00000c8c       0x50 .\CortexM3\ARM_GCC_541\Debug\fvm_self_start.a(HALL2_A.o)
 .debug_frame   0x00000cdc       0x50 .\CortexM3\ARM_GCC_541\Debug\fvm_self_start.a(HALL2_B.o)
 .debug_frame   0x00000d2c       0x50 .\CortexM3\ARM_GCC_541\Debug\fvm_self_start.a(HALL2_C.o)
 .debug_frame   0x00000d7c       0x30 .\CortexM3\ARM_GCC_541\Debug\fvm_self_start.a(DRIVE2.o)
 .debug_frame   0x00000dac      0x194 .\CortexM3\ARM_GCC_541\Debug\fvm_self_start.a(CyFlash.o)
 .debug_frame   0x00000f40      0x180 .\CortexM3\ARM_GCC_541\Debug\fvm_self_start.a(CySpc.o)
 .debug_frame   0x000010c0       0x20 c:/program files (x86)/cypress/psoc creator/4.2/psoc creator/import/gnu/arm/5.4.1/bin/../lib/gcc/arm-none-eabi/5.4.1/../../../../arm-none-eabi/lib/armv7-m\libg_nano.a(lib_a-errno.o)
 .debug_frame   0x000010e0       0x28 c:/program files (x86)/cypress/psoc creator/4.2/psoc creator/import/gnu/arm/5.4.1/bin/../lib/gcc/arm-none-eabi/5.4.1/../../../../arm-none-eabi/lib/armv7-m\libg_nano.a(lib_a-exit.o)
 .debug_frame   0x00001108       0x2c c:/program files (x86)/cypress/psoc creator/4.2/psoc creator/import/gnu/arm/5.4.1/bin/../lib/gcc/arm-none-eabi/5.4.1/../../../../arm-none-eabi/lib/armv7-m\libg_nano.a(lib_a-init.o)
 .debug_frame   0x00001134       0x28 c:/program files (x86)/cypress/psoc creator/4.2/psoc creator/import/gnu/arm/5.4.1/bin/../lib/gcc/arm-none-eabi/5.4.1/../../../../arm-none-eabi/lib/armv7-m\libg_nano.a(lib_a-memcpy-stub.o)
 .debug_frame   0x0000115c       0x20 c:/program files (x86)/cypress/psoc creator/4.2/psoc creator/import/gnu/arm/5.4.1/bin/../lib/gcc/arm-none-eabi/5.4.1/../../../../arm-none-eabi/lib/armv7-m\libg_nano.a(lib_a-memset.o)

.debug_str      0x00000000     0x15e4
 *(.debug_str)
 .debug_str     0x00000000      0x214 .\CortexM3\ARM_GCC_541\Debug\main.o
                                0x272 (size before relaxing)
 .debug_str     0x00000214      0x187 .\CortexM3\ARM_GCC_541\Debug\cyfitter_cfg.o
                                0x30f (size before relaxing)
 .debug_str     0x0000039b       0x75 .\CortexM3\ARM_GCC_541\Debug\cymetadata.o
                                0x1e4 (size before relaxing)
 .debug_str     0x00000410      0x13f .\CortexM3\ARM_GCC_541\Debug\Cm3Start.o
                                0x30a (size before relaxing)
 .debug_str     0x0000054f       0x68 .\CortexM3\ARM_GCC_541\Debug\fvm_self_start.a(HALL1_A.o)
                                0x1ec (size before relaxing)
 .debug_str     0x000005b7       0x58 .\CortexM3\ARM_GCC_541\Debug\fvm_self_start.a(HALL1_B.o)
                                0x1ec (size before relaxing)
 .debug_str     0x0000060f       0x58 .\CortexM3\ARM_GCC_541\Debug\fvm_self_start.a(HALL1_C.o)
                                0x1ec (size before relaxing)
 .debug_str     0x00000667      0x849 .\CortexM3\ARM_GCC_541\Debug\fvm_self_start.a(CyLib.o)
                                0xa47 (size before relaxing)
 .debug_str     0x00000eb0      0x365 .\CortexM3\ARM_GCC_541\Debug\fvm_self_start.a(cyPm.o)
                                0x733 (size before relaxing)
 .debug_str     0x00001215       0x34 .\CortexM3\ARM_GCC_541\Debug\fvm_self_start.a(DRIVE1.o)
                                0x1b2 (size before relaxing)
 .debug_str     0x00001249       0x58 .\CortexM3\ARM_GCC_541\Debug\fvm_self_start.a(HALL2_A.o)
                                0x1ec (size before relaxing)
 .debug_str     0x000012a1       0x58 .\CortexM3\ARM_GCC_541\Debug\fvm_self_start.a(HALL2_B.o)
                                0x1ec (size before relaxing)
 .debug_str     0x000012f9       0x58 .\CortexM3\ARM_GCC_541\Debug\fvm_self_start.a(HALL2_C.o)
                                0x1ec (size before relaxing)
 .debug_str     0x00001351       0x2c .\CortexM3\ARM_GCC_541\Debug\fvm_self_start.a(DRIVE2.o)
                                0x1b2 (size before relaxing)
 .debug_str     0x0000137d      0x1bb .\CortexM3\ARM_GCC_541\Debug\fvm_self_start.a(CyFlash.o)
                                0x3c0 (size before relaxing)
 .debug_str     0x00001538       0xac .\CortexM3\ARM_GCC_541\Debug\fvm_self_start.a(CySpc.o)
                                0x338 (size before relaxing)

.debug_loc      0x00000000     0x1d39
 *(.debug_loc)
 .debug_loc     0x00000000      0x1e6 .\CortexM3\ARM_GCC_541\Debug\main.o
 .debug_loc     0x000001e6      0x1d7 .\CortexM3\ARM_GCC_541\Debug\cyfitter_cfg.o
 .debug_loc     0x000003bd      0x144 .\CortexM3\ARM_GCC_541\Debug\Cm3Start.o
 .debug_loc     0x00000501       0x42 .\CortexM3\ARM_GCC_541\Debug\fvm_self_start.a(HALL1_A.o)
 .debug_loc     0x00000543       0x42 .\CortexM3\ARM_GCC_541\Debug\fvm_self_start.a(HALL1_B.o)
 .debug_loc     0x00000585       0x42 .\CortexM3\ARM_GCC_541\Debug\fvm_self_start.a(HALL1_C.o)
 .debug_loc     0x000005c7      0xa11 .\CortexM3\ARM_GCC_541\Debug\fvm_self_start.a(CyLib.o)
 .debug_loc     0x00000fd8      0x1e4 .\CortexM3\ARM_GCC_541\Debug\fvm_self_start.a(cyPm.o)
 .debug_loc     0x000011bc       0x42 .\CortexM3\ARM_GCC_541\Debug\fvm_self_start.a(HALL2_A.o)
 .debug_loc     0x000011fe       0x42 .\CortexM3\ARM_GCC_541\Debug\fvm_self_start.a(HALL2_B.o)
 .debug_loc     0x00001240       0x42 .\CortexM3\ARM_GCC_541\Debug\fvm_self_start.a(HALL2_C.o)
 .debug_loc     0x00001282      0x3b2 .\CortexM3\ARM_GCC_541\Debug\fvm_self_start.a(CyFlash.o)
 .debug_loc     0x00001634      0x705 .\CortexM3\ARM_GCC_541\Debug\fvm_self_start.a(CySpc.o)

.debug_macinfo
 *(.debug_macinfo)

.debug_ranges   0x00000000      0x5d0
 *(.debug_ranges)
 .debug_ranges  0x00000000       0x30 .\CortexM3\ARM_GCC_541\Debug\main.o
 .debug_ranges  0x00000030       0x48 .\CortexM3\ARM_GCC_541\Debug\cyfitter_cfg.o
 .debug_ranges  0x00000078       0x38 .\CortexM3\ARM_GCC_541\Debug\Cm3Start.o
 .debug_ranges  0x000000b0       0x28 .\CortexM3\ARM_GCC_541\Debug\fvm_self_start.a(HALL1_A.o)
 .debug_ranges  0x000000d8       0x28 .\CortexM3\ARM_GCC_541\Debug\fvm_self_start.a(HALL1_B.o)
 .debug_ranges  0x00000100       0x28 .\CortexM3\ARM_GCC_541\Debug\fvm_self_start.a(HALL1_C.o)
 .debug_ranges  0x00000128      0x290 .\CortexM3\ARM_GCC_541\Debug\fvm_self_start.a(CyLib.o)
 .debug_ranges  0x000003b8       0x88 .\CortexM3\ARM_GCC_541\Debug\fvm_self_start.a(cyPm.o)
 .debug_ranges  0x00000440       0x18 .\CortexM3\ARM_GCC_541\Debug\fvm_self_start.a(DRIVE1.o)
 .debug_ranges  0x00000458       0x28 .\CortexM3\ARM_GCC_541\Debug\fvm_self_start.a(HALL2_A.o)
 .debug_ranges  0x00000480       0x28 .\CortexM3\ARM_GCC_541\Debug\fvm_self_start.a(HALL2_B.o)
 .debug_ranges  0x000004a8       0x28 .\CortexM3\ARM_GCC_541\Debug\fvm_self_start.a(HALL2_C.o)
 .debug_ranges  0x000004d0       0x18 .\CortexM3\ARM_GCC_541\Debug\fvm_self_start.a(DRIVE2.o)
 .debug_ranges  0x000004e8       0x78 .\CortexM3\ARM_GCC_541\Debug\fvm_self_start.a(CyFlash.o)
 .debug_ranges  0x00000560       0x70 .\CortexM3\ARM_GCC_541\Debug\fvm_self_start.a(CySpc.o)

.comment        0x00000000       0x6e
 .comment       0x00000000       0x6e .\CortexM3\ARM_GCC_541\Debug\main.o
                                 0x6f (size before relaxing)
 .comment       0x0000006e       0x6f .\CortexM3\ARM_GCC_541\Debug\cyfitter_cfg.o
 .comment       0x0000006e       0x6f .\CortexM3\ARM_GCC_541\Debug\cymetadata.o
 .comment       0x0000006e       0x6f .\CortexM3\ARM_GCC_541\Debug\Cm3Start.o
 .comment       0x0000006e       0x6f .\CortexM3\ARM_GCC_541\Debug\fvm_self_start.a(HALL1_A.o)
 .comment       0x0000006e       0x6f .\CortexM3\ARM_GCC_541\Debug\fvm_self_start.a(HALL1_B.o)
 .comment       0x0000006e       0x6f .\CortexM3\ARM_GCC_541\Debug\fvm_self_start.a(HALL1_C.o)
 .comment       0x0000006e       0x6f .\CortexM3\ARM_GCC_541\Debug\fvm_self_start.a(CyLib.o)
 .comment       0x0000006e       0x6f .\CortexM3\ARM_GCC_541\Debug\fvm_self_start.a(cyPm.o)
 .comment       0x0000006e       0x6f .\CortexM3\ARM_GCC_541\Debug\fvm_self_start.a(DRIVE1.o)
 .comment       0x0000006e       0x6f .\CortexM3\ARM_GCC_541\Debug\fvm_self_start.a(HALL2_A.o)
 .comment       0x0000006e       0x6f .\CortexM3\ARM_GCC_541\Debug\fvm_self_start.a(HALL2_B.o)
 .comment       0x0000006e       0x6f .\CortexM3\ARM_GCC_541\Debug\fvm_self_start.a(HALL2_C.o)
 .comment       0x0000006e       0x6f .\CortexM3\ARM_GCC_541\Debug\fvm_self_start.a(DRIVE2.o)
 .comment       0x0000006e       0x6f .\CortexM3\ARM_GCC_541\Debug\fvm_self_start.a(CyFlash.o)
 .comment       0x0000006e       0x6f .\CortexM3\ARM_GCC_541\Debug\fvm_self_start.a(CySpc.o)

.debug_weaknames
 *(.debug_weaknames)

.debug_funcnames
 *(.debug_funcnames)

.debug_typenames
 *(.debug_typenames)

.debug_varnames
 *(.debug_varnames)

.note.gnu.arm.ident
 *(.note.gnu.arm.ident)

.ARM.attributes
                0x00000000       0x29
 *(.ARM.attributes)
 .ARM.attributes
                0x00000000       0x1d c:/program files (x86)/cypress/psoc creator/4.2/psoc creator/import/gnu/arm/5.4.1/bin/../lib/gcc/arm-none-eabi/5.4.1/armv7-m/crti.o
 .ARM.attributes
                0x0000001d       0x2d c:/program files (x86)/cypress/psoc creator/4.2/psoc creator/import/gnu/arm/5.4.1/bin/../lib/gcc/arm-none-eabi/5.4.1/armv7-m/crtbegin.o
 .ARM.attributes
                0x0000004a       0x1b c:/program files (x86)/cypress/psoc creator/4.2/psoc creator/import/gnu/arm/5.4.1/bin/../lib/gcc/arm-none-eabi/5.4.1/../../../../arm-none-eabi/lib/armv7-m/crt0.o
 .ARM.attributes
                0x00000065       0x33 .\CortexM3\ARM_GCC_541\Debug\main.o
 .ARM.attributes
                0x00000098       0x33 .\CortexM3\ARM_GCC_541\Debug\cyfitter_cfg.o
 .ARM.attributes
                0x000000cb       0x33 .\CortexM3\ARM_GCC_541\Debug\cymetadata.o
 .ARM.attributes
                0x000000fe       0x33 .\CortexM3\ARM_GCC_541\Debug\Cm3Start.o
 .ARM.attributes
                0x00000131       0x33 .\CortexM3\ARM_GCC_541\Debug\fvm_self_start.a(HALL1_A.o)
 .ARM.attributes
                0x00000164       0x33 .\CortexM3\ARM_GCC_541\Debug\fvm_self_start.a(HALL1_B.o)
 .ARM.attributes
                0x00000197       0x33 .\CortexM3\ARM_GCC_541\Debug\fvm_self_start.a(HALL1_C.o)
 .ARM.attributes
                0x000001ca       0x33 .\CortexM3\ARM_GCC_541\Debug\fvm_self_start.a(CyLib.o)
 .ARM.attributes
                0x000001fd       0x33 .\CortexM3\ARM_GCC_541\Debug\fvm_self_start.a(cyPm.o)
 .ARM.attributes
                0x00000230       0x33 .\CortexM3\ARM_GCC_541\Debug\fvm_self_start.a(DRIVE1.o)
 .ARM.attributes
                0x00000263       0x33 .\CortexM3\ARM_GCC_541\Debug\fvm_self_start.a(HALL2_A.o)
 .ARM.attributes
                0x00000296       0x33 .\CortexM3\ARM_GCC_541\Debug\fvm_self_start.a(HALL2_B.o)
 .ARM.attributes
                0x000002c9       0x33 .\CortexM3\ARM_GCC_541\Debug\fvm_self_start.a(HALL2_C.o)
 .ARM.attributes
                0x000002fc       0x33 .\CortexM3\ARM_GCC_541\Debug\fvm_self_start.a(DRIVE2.o)
 .ARM.attributes
                0x0000032f       0x21 .\CortexM3\ARM_GCC_541\Debug\fvm_self_start.a(CyBootAsmGnu.o)
 .ARM.attributes
                0x00000350       0x33 .\CortexM3\ARM_GCC_541\Debug\fvm_self_start.a(CyFlash.o)
 .ARM.attributes
                0x00000383       0x33 .\CortexM3\ARM_GCC_541\Debug\fvm_self_start.a(CySpc.o)
 .ARM.attributes
                0x000003b6       0x2d c:/program files (x86)/cypress/psoc creator/4.2/psoc creator/import/gnu/arm/5.4.1/bin/../lib/gcc/arm-none-eabi/5.4.1/../../../../arm-none-eabi/lib/armv7-m\libg_nano.a(lib_a-errno.o)
 .ARM.attributes
                0x000003e3       0x2d c:/program files (x86)/cypress/psoc creator/4.2/psoc creator/import/gnu/arm/5.4.1/bin/../lib/gcc/arm-none-eabi/5.4.1/../../../../arm-none-eabi/lib/armv7-m\libg_nano.a(lib_a-exit.o)
 .ARM.attributes
                0x00000410       0x2d c:/program files (x86)/cypress/psoc creator/4.2/psoc creator/import/gnu/arm/5.4.1/bin/../lib/gcc/arm-none-eabi/5.4.1/../../../../arm-none-eabi/lib/armv7-m\libg_nano.a(lib_a-impure.o)
 .ARM.attributes
                0x0000043d       0x2d c:/program files (x86)/cypress/psoc creator/4.2/psoc creator/import/gnu/arm/5.4.1/bin/../lib/gcc/arm-none-eabi/5.4.1/../../../../arm-none-eabi/lib/armv7-m\libg_nano.a(lib_a-init.o)
 .ARM.attributes
                0x0000046a       0x2d c:/program files (x86)/cypress/psoc creator/4.2/psoc creator/import/gnu/arm/5.4.1/bin/../lib/gcc/arm-none-eabi/5.4.1/../../../../arm-none-eabi/lib/armv7-m\libg_nano.a(lib_a-memcpy-stub.o)
 .ARM.attributes
                0x00000497       0x2d c:/program files (x86)/cypress/psoc creator/4.2/psoc creator/import/gnu/arm/5.4.1/bin/../lib/gcc/arm-none-eabi/5.4.1/../../../../arm-none-eabi/lib/armv7-m\libg_nano.a(lib_a-memset.o)
 .ARM.attributes
                0x000004c4       0x2d c:/program files (x86)/cypress/psoc creator/4.2/psoc creator/import/gnu/arm/5.4.1/bin/../lib/gcc/arm-none-eabi/5.4.1/armv7-m/crtend.o
 .ARM.attributes
                0x000004f1       0x1d c:/program files (x86)/cypress/psoc creator/4.2/psoc creator/import/gnu/arm/5.4.1/bin/../lib/gcc/arm-none-eabi/5.4.1/armv7-m/crtn.o

/DISCARD/
 *(.note.GNU-stack)
OUTPUT(C:\Users\Fischer\Documents\GitHub\kanzi\PSoC\fvm_self_start.cydsn\CortexM3\ARM_GCC_541\Debug\fvm_self_start.elf elf32-littlearm)
